WARN  []                WellKnowns 238  | Error creating C:\Users\JunboWang\AppData\Roaming\AudiverisLtd\audiveris\log
java.nio.file.AccessDeniedException: C:\Users\JunboWang\AppData\Roaming\AudiverisLtd
	at java.base/sun.nio.fs.WindowsException.translateToIOException(Unknown Source)
	at java.base/sun.nio.fs.WindowsException.rethrowAsIOException(Unknown Source)
	at java.base/sun.nio.fs.WindowsException.rethrowAsIOException(Unknown Source)
	at java.base/sun.nio.fs.WindowsFileSystemProvider.createDirectory(Unknown Source)
	at java.base/java.nio.file.Files.createDirectory(Unknown Source)
	at java.base/java.nio.file.Files.createAndCheckIsDirectory(Unknown Source)
	at java.base/java.nio.file.Files.createDirectories(Unknown Source)
	at org.audiveris.omr.WellKnowns.createFolder(WellKnowns.java:235)
	at org.audiveris.omr.WellKnowns.<clinit>(WellKnowns.java:190)
	at org.audiveris.omr.Main.<clinit>(Main.java:70)
	at Audiveris.main(Audiveris.java:50)
WARN  []                WellKnowns 238  | Error creating C:\Users\JunboWang\AppData\Roaming\AudiverisLtd\audiveris\log\temp
java.nio.file.AccessDeniedException: C:\Users\JunboWang\AppData\Roaming\AudiverisLtd
	at java.base/sun.nio.fs.WindowsException.translateToIOException(Unknown Source)
	at java.base/sun.nio.fs.WindowsException.rethrowAsIOException(Unknown Source)
	at java.base/sun.nio.fs.WindowsException.rethrowAsIOException(Unknown Source)
	at java.base/sun.nio.fs.WindowsFileSystemProvider.createDirectory(Unknown Source)
	at java.base/java.nio.file.Files.createDirectory(Unknown Source)
	at java.base/java.nio.file.Files.createAndCheckIsDirectory(Unknown Source)
	at java.base/java.nio.file.Files.createDirectories(Unknown Source)
	at org.audiveris.omr.WellKnowns.createFolder(WellKnowns.java:235)
	at org.audiveris.omr.WellKnowns.<clinit>(WellKnowns.java:196)
	at org.audiveris.omr.Main.<clinit>(Main.java:70)
	at Audiveris.main(Audiveris.java:50)
INFO  []                      Main 259  | Running in batch mode
INFO  []              TesseractOCR 137  | Creating OCR folder C:\Users\JunboWang\AppData\Roaming\AudiverisLtd\audiveris\config\tessdata
WARN  []              TesseractOCR 140  | Could not create folder C:\Users\JunboWang\AppData\Roaming\AudiverisLtd\audiveris\config\tessdata {}
java.nio.file.AccessDeniedException: C:\Users\JunboWang\AppData\Roaming\AudiverisLtd
	at java.base/sun.nio.fs.WindowsException.translateToIOException(Unknown Source)
	at java.base/sun.nio.fs.WindowsException.rethrowAsIOException(Unknown Source)
	at java.base/sun.nio.fs.WindowsException.rethrowAsIOException(Unknown Source)
	at java.base/sun.nio.fs.WindowsFileSystemProvider.createDirectory(Unknown Source)
	at java.base/java.nio.file.Files.createDirectory(Unknown Source)
	at java.base/java.nio.file.Files.createAndCheckIsDirectory(Unknown Source)
	at java.base/java.nio.file.Files.createDirectories(Unknown Source)
	at org.audiveris.omr.text.tesseract.TesseractOCR.findOcrFolder(TesseractOCR.java:138)
	at org.audiveris.omr.text.tesseract.TesseractOCR.getOcrFolder(TesseractOCR.java:228)
	at org.audiveris.omr.text.tesseract.TesseractOCR.isAvailable(TesseractOCR.java:253)
	at org.audiveris.omr.text.tesseract.TesseractOCR.getSupportedLanguages(TesseractOCR.java:155)
	at org.audiveris.omr.text.tesseract.Languages.checkSupport(Languages.java:136)
	at org.audiveris.omr.Main.main(Main.java:266)
	at Audiveris.main(Audiveris.java:50)
WARN  []              TesseractOCR 144  | Tesseract data could not be found. Try setting TESSDATA_PREFIX environment variable to point to tessdata folder.
WARN  []                 Languages 142  | *** No installed OCR languages ***
INFO  []             AliasPatterns 146  | Alias patterns: [(IMSLP[0-9]*)-.*]
INFO  []                      Main 194  | Submitting 1 task(s) in sequence:
    Input "E:\Learnings\MusicLearning\Piano\可惜没如果钢琴谱.pdf"
INFO  [可惜没如果钢琴谱]                      Book 560  | 7 sheets in E:\Learnings\MusicLearning\Piano\可惜没如果钢琴谱.pdf
INFO  []                      Book 2565 | Stored /book.xml
INFO  []                      Book 2525 | Book stored as E:\Repositories\robianist\tmp\pdfs\recognized\可惜没如果钢琴谱.omr
INFO  []                      Book 1929 | Book reaching PAGE on sheets:[#1#2#3#4#5#6#7]
INFO  [可惜没如果钢琴谱#1]            StepMonitoring 98   | LOAD
INFO  [可惜没如果钢琴谱#1]                 SheetStub 1278 | Loaded image #1 2394x3386 from E:\Learnings\MusicLearning\Piano\可惜没如果钢琴谱.pdf
INFO  [可惜没如果钢琴谱#1]            StepMonitoring 98   | BINARY
INFO  [可惜没如果钢琴谱#1]            StepMonitoring 98   | SCALE
INFO  [可惜没如果钢琴谱#1]              ScaleBuilder 254  | Beam  guessed height: 11 -- 0.25 of [9..19] range
INFO  [可惜没如果钢琴谱#1]              ScaleBuilder 271  | Beam measured height: 12 -- 0.30 of [9..19] range at 328% of needed quorum
INFO  [可惜没如果钢琴谱#1]              ScaleBuilder 401  | Normalized black jitter: 15.00 %
INFO  [可惜没如果钢琴谱#1]                 ScaleStep 65   | Scale{ interline(19,20,21) line(3,4,6) beam(12)}
INFO  [可惜没如果钢琴谱#1]            StepMonitoring 98   | GRID
INFO  [可惜没如果钢琴谱#1]            LinesRetriever 1508 | Global slope: 0.00000
INFO  [可惜没如果钢琴谱#1]         ClustersRetriever 326  | Retrieved raw line clusters: 8 of sizes [5] with interline(19,20,21)
INFO  [可惜没如果钢琴谱#1]                 PeakGraph 310  | Systems: #1[1, 2] #2[3, 4] #3[5, 6] #4[7, 8]
INFO  [可惜没如果钢琴谱#1]             SystemManager 800  | 1 part along 4 systems
INFO  [可惜没如果钢琴谱#1]                      Book 543  | Created scores: [{Score 1}]
INFO  [可惜没如果钢琴谱#1]            StepMonitoring 98   | HEADERS
INFO  [可惜没如果钢琴谱#1]            StepMonitoring 98   | STEM_SEEDS
INFO  [可惜没如果钢琴谱#1]             StemSeedsStep 86   | stem(4 max:6)
INFO  [可惜没如果钢琴谱#1]            StepMonitoring 98   | BEAMS
INFO  [可惜没如果钢琴谱#1]            StepMonitoring 98   | LEDGERS
INFO  [可惜没如果钢琴谱#1]            StepMonitoring 98   | HEADS
INFO  [可惜没如果钢琴谱#1]             HeadSeedTally 235  | Scale information: HeadSeeds{NOTEHEAD_BLACK[L:0.1,R:0.6]}
INFO  [可惜没如果钢琴谱#1]            StepMonitoring 98   | STEMS
INFO  [可惜没如果钢琴谱#1]            StepMonitoring 98   | REDUCTION
INFO  [可惜没如果钢琴谱#1]             ReductionStep 105  | Stems free length median value: 70 pixels, 3.5 interlines
INFO  [可惜没如果钢琴谱#1]            StepMonitoring 98   | CUE_BEAMS
INFO  [可惜没如果钢琴谱#1]              CueBeamsStep 81   | Step CUE_BEAMS is skipped because small heads switch is off
INFO  [可惜没如果钢琴谱#1]            StepMonitoring 98   | TEXTS
WARN  [可惜没如果钢琴谱#1]                 TextsStep 97   | TEXTS step: No OCR is available!
INFO  [可惜没如果钢琴谱#1]            StepMonitoring 98   | MEASURES
INFO  [可惜没如果钢琴谱#1]                      Page 307  | 13 raw measures: [4 in system#1, 3 in system#2, 3 in system#3, 3 in system#4]
INFO  [可惜没如果钢琴谱#1]            StepMonitoring 98   | CHORDS
INFO  [可惜没如果钢琴谱#1]            StepMonitoring 98   | CURVES
INFO  [可惜没如果钢琴谱#1]              SlursBuilder 240  | Slurs: 11
INFO  [可惜没如果钢琴谱#1]           SegmentsBuilder 155  | Segments: 11
INFO  [可惜没如果钢琴谱#1]            StepMonitoring 98   | SYMBOLS
INFO  [可惜没如果钢琴谱#1]            StepMonitoring 98   | LINKS
INFO  [可惜没如果钢琴谱#1]             SymbolsLinker 258  | No chord linked to OctaveShiftInter#6221{(0.599) staff:2 OTTAVA BASSA} at java.awt.Point[x=1568,y=1267]
INFO  [可惜没如果钢琴谱#1]             SymbolsLinker 258  | No chord linked to OctaveShiftInter#6283{(0.421) staff:4 OTTAVA BASSA} at java.awt.Point[x=262,y=1969]
INFO  [可惜没如果钢琴谱#1]             SymbolsLinker 258  | No chord linked to OctaveShiftInter#6363{(0.421) staff:5 OTTAVA ALTA} at java.awt.Point[x=262,y=1969]
INFO  [可惜没如果钢琴谱#1]            StepMonitoring 98   | RHYTHMS
INFO  [可惜没如果钢琴谱#1]             MeasureRhythm 1044 | Measure{#3} No timeOffset for HeadChordInter#5327{(0.929/0.929) staff:1 slot#10 dur:1/8}
INFO  [可惜没如果钢琴谱#1]                     Voice 257  | Measure{#3} Voice{#1 excess:1/4} too long
INFO  [可惜没如果钢琴谱#1]               StackRhythm 224  | S1 MeasureStack#3 no correct rhythm
INFO  [可惜没如果钢琴谱#1]             MeasureRhythm 1276 | Measure{#5} Time inconsistency in {1/8=[HeadChordInter#5341{(0.952/0.952) staff:3 slot#3 off:1/8 dur:1/16}], 3/8=[HeadChordInter#5370{(0.950/0.950) staff:4 slot#3 off:3/8 dur:1/16}]}
INFO  [可惜没如果钢琴谱#1]             MeasureRhythm 1276 | Measure{#5} Time inconsistency in {3/16=[HeadChordInter#5342{(0.906/0.906) staff:3 slot#4 off:3/16 dur:1/16}], 7/16=[HeadChordInter#5371{(0.949/0.949) staff:4 slot#4 off:7/16 dur:1/16}]}
INFO  [可惜没如果钢琴谱#1]             MeasureRhythm 1276 | Measure{#6} Time inconsistency in {1/8=[HeadChordInter#5355{(0.937/0.937) staff:3 slot#3 off:1/8 dur:1/16}], 3/8=[HeadChordInter#5381{(0.954/0.954) staff:4 slot#3 off:3/8 dur:1/16}]}
INFO  [可惜没如果钢琴谱#1]             MeasureRhythm 1276 | Measure{#6} Time inconsistency in {3/16=[HeadChordInter#5356{(0.939/0.939) staff:3 slot#4 off:3/16 dur:1/16}], 7/16=[HeadChordInter#5382{(0.932/0.932) staff:4 slot#4 off:7/16 dur:1/16}]}
INFO  [可惜没如果钢琴谱#1]             MeasureRhythm 1044 | Measure{#6} No timeOffset for HeadChordInter#5363{(0.859/0.859) staff:3 slot#8 dur:1/4}
INFO  [可惜没如果钢琴谱#1]             MeasureRhythm 1044 | Measure{#6} No timeOffset for HeadChordInter#5362{(0.933/0.933) staff:3 slot#8 dur:1/4}
INFO  [可惜没如果钢琴谱#1]             MeasureRhythm 1044 | Measure{#6} No timeOffset for HeadChordInter#5386{(0.929/0.929) staff:4 slot#8 dur:1/4}
INFO  [可惜没如果钢琴谱#1]               StackRhythm 224  | S2 MeasureStack#6 no correct rhythm
INFO  [可惜没如果钢琴谱#1]             MeasureRhythm 1044 | Measure{#7} No timeOffset for HeadChordInter#5388{(0.624/0.624) staff:4 slot#2 dur:1/2}
INFO  [可惜没如果钢琴谱#1]        AbstractChordInter 635  | Measure{#7} No timeOffset for HeadChordInter#5388{(0.624/0.624) staff:4 slot#2 dur:1/2}
INFO  [可惜没如果钢琴谱#1]        AbstractChordInter 635  | Measure{#7} No timeOffset for HeadChordInter#5392{(0.953/0.953) staff:4 slot#6 dur:1/8}
INFO  [可惜没如果钢琴谱#1]        AbstractChordInter 635  | Measure{#7} No timeOffset for HeadChordInter#5392{(0.953/0.953) staff:4 slot#6 dur:1/8}
INFO  [可惜没如果钢琴谱#1]               StackRhythm 224  | S2 MeasureStack#7 no correct rhythm
INFO  [可惜没如果钢琴谱#1]             MeasureRhythm 1044 | Measure{#8} No timeOffset for HeadChordInter#5417{(0.694/0.694) staff:6 slot#2 dur:1/4}
INFO  [可惜没如果钢琴谱#1]        AbstractChordInter 635  | Measure{#8} No timeOffset for HeadChordInter#5417{(0.694/0.694) staff:6 slot#2 dur:1/4}
INFO  [可惜没如果钢琴谱#1]        AbstractChordInter 635  | Measure{#8} No timeOffset for HeadChordInter#5421{(0.918/0.918) staff:6 slot#6 dur:1/8}
INFO  [可惜没如果钢琴谱#1]               StackRhythm 224  | S3 MeasureStack#8 no correct rhythm
INFO  [可惜没如果钢琴谱#1]            StepMonitoring 98   | PAGE
INFO  [可惜没如果钢琴谱#1]            SheetReduction 154  | Gutter. Different glyphs 1/2 PedalInter#6219{(0.659/0.659) PEDAL_MARK} vs ArticulationInter#6328{(0.558/0.763) STACCATO}
INFO  [可惜没如果钢琴谱#1]                     Voice 257  | Measure{#3} Voice{#1 excess:1/4} too long
INFO  [可惜没如果钢琴谱#1]                      Book 2584 | Book{可惜没如果钢琴谱} storing
INFO  [可惜没如果钢琴谱#1]                      Book 2565 | Stored /book.xml
INFO  [可惜没如果钢琴谱#1]                DataHolder 348  | Stored /sheet#1/BINARY.png
INFO  [可惜没如果钢琴谱#1]                     Sheet 1583 | Stored /sheet#1/sheet#1.xml
INFO  [可惜没如果钢琴谱#1]                      Book 2525 | Book stored as E:\Repositories\robianist\tmp\pdfs\recognized\可惜没如果钢琴谱.omr
INFO  [可惜没如果钢琴谱#1]                 SheetStub 1655 | Sheet#1 disposed
INFO  [可惜没如果钢琴谱#1]                      Book 2050 | End of Stub#1
INFO  [可惜没如果钢琴谱#2]            StepMonitoring 98   | LOAD
INFO  [可惜没如果钢琴谱#2]                 SheetStub 1278 | Loaded image #2 2394x3383 from E:\Learnings\MusicLearning\Piano\可惜没如果钢琴谱.pdf
INFO  [可惜没如果钢琴谱#2]            StepMonitoring 98   | BINARY
INFO  [可惜没如果钢琴谱#2]            StepMonitoring 98   | SCALE
INFO  [可惜没如果钢琴谱#2]              ScaleBuilder 254  | Beam  guessed height: 11 -- 0.25 of [9..18] range
INFO  [可惜没如果钢琴谱#2]              ScaleBuilder 271  | Beam measured height: 12 -- 0.33 of [9..18] range at 422% of needed quorum
INFO  [可惜没如果钢琴谱#2]              ScaleBuilder 401  | Normalized black jitter: 10.00 %
INFO  [可惜没如果钢琴谱#2]                 ScaleStep 65   | Scale{ interline(19,20,21) line(4,4,6) beam(12)}
INFO  [可惜没如果钢琴谱#2]            StepMonitoring 98   | GRID
INFO  [可惜没如果钢琴谱#2]            LinesRetriever 1508 | Global slope: -0.00024
INFO  [可惜没如果钢琴谱#2]         ClustersRetriever 326  | Retrieved raw line clusters: 10 of sizes [5] with interline(19,20,21)
INFO  [可惜没如果钢琴谱#2]                 PeakGraph 310  | Systems: #1[1, 2] #2[3, 4] #3[5, 6] #4[7, 8] #5[9, 10]
INFO  [可惜没如果钢琴谱#2]             SystemManager 800  | 1 part along 5 systems
INFO  [可惜没如果钢琴谱#2]            StepMonitoring 98   | HEADERS
INFO  [可惜没如果钢琴谱#2]            StepMonitoring 98   | STEM_SEEDS
INFO  [可惜没如果钢琴谱#2]             StemSeedsStep 86   | stem(4 max:6)
INFO  [可惜没如果钢琴谱#2]            StepMonitoring 98   | BEAMS
INFO  [可惜没如果钢琴谱#2]            StepMonitoring 98   | LEDGERS
INFO  [可惜没如果钢琴谱#2]            StepMonitoring 98   | HEADS
INFO  [可惜没如果钢琴谱#2]             HeadSeedTally 235  | Scale information: HeadSeeds{NOTEHEAD_VOID[L:0.5] NOTEHEAD_BLACK[L:0.0,R:-0.1]}
INFO  [可惜没如果钢琴谱#2]            StepMonitoring 98   | STEMS
INFO  [可惜没如果钢琴谱#2]            StepMonitoring 98   | REDUCTION
INFO  [可惜没如果钢琴谱#2]             ReductionStep 105  | Stems free length median value: 72 pixels, 3.6 interlines
INFO  [可惜没如果钢琴谱#2]            StepMonitoring 98   | CUE_BEAMS
INFO  [可惜没如果钢琴谱#2]              CueBeamsStep 81   | Step CUE_BEAMS is skipped because small heads switch is off
INFO  [可惜没如果钢琴谱#2]            StepMonitoring 98   | TEXTS
WARN  [可惜没如果钢琴谱#2]                 TextsStep 97   | TEXTS step: No OCR is available!
INFO  [可惜没如果钢琴谱#2]            StepMonitoring 98   | MEASURES
INFO  [可惜没如果钢琴谱#2]                      Page 307  | 15 raw measures: [3 in system#1, 3 in system#2, 3 in system#3, 3 in system#4, 3 in system#5]
INFO  [可惜没如果钢琴谱#2]            StepMonitoring 98   | CHORDS
INFO  [可惜没如果钢琴谱#2]            StepMonitoring 98   | CURVES
INFO  [可惜没如果钢琴谱#2]              SlursBuilder 240  | Slurs: 23
INFO  [可惜没如果钢琴谱#2]           SegmentsBuilder 155  | Segments: 22
INFO  [可惜没如果钢琴谱#2]            StepMonitoring 98   | SYMBOLS
INFO  [可惜没如果钢琴谱#2]            StepMonitoring 98   | LINKS
INFO  [可惜没如果钢琴谱#2]             SymbolsLinker 258  | No chord linked to OctaveShiftInter#8084{(0.189) staff:4 OTTAVA BASSA} at java.awt.Point[x=285,y=1502]
INFO  [可惜没如果钢琴谱#2]             SymbolsLinker 258  | No chord linked to OctaveShiftInter#8127{(0.189) staff:5 OTTAVA ALTA} at java.awt.Point[x=285,y=1502]
INFO  [可惜没如果钢琴谱#2]                  KeyInter 1198 | No effective key before AlterInter#8209{(0.789) staff:9 NATURAL pitch:2.0}
INFO  [可惜没如果钢琴谱#2]                  KeyInter 1198 | No effective key before AlterInter#8216{(0.798) staff:10 NATURAL pitch:-3.0}
INFO  [可惜没如果钢琴谱#2]                  KeyInter 1198 | No effective key before AlterInter#8219{(0.794) staff:10 NATURAL pitch:4.0}
INFO  [可惜没如果钢琴谱#2]            StepMonitoring 98   | RHYTHMS
INFO  [可惜没如果钢琴谱#2]                PageRhythm 199  | {Page#2.1} Time value reused from sheet#1
INFO  [可惜没如果钢琴谱#2]             MeasureRhythm 1044 | Measure{#8} No timeOffset for RestChordInter#8162{(0.560/0.560) staff:5 slot#13 dur:1/2}
INFO  [可惜没如果钢琴谱#2]               StackRhythm 224  | S3 MeasureStack#8 no correct rhythm
INFO  [可惜没如果钢琴谱#2]             MeasureRhythm 1044 | Measure{#9} No timeOffset for HeadChordInter#7230{(0.936/0.936) staff:6 slot#6 dur:1/4}
INFO  [可惜没如果钢琴谱#2]        AbstractChordInter 635  | Measure{#9} No timeOffset for HeadChordInter#7230{(0.936/0.936) staff:6 slot#6 dur:1/4}
INFO  [可惜没如果钢琴谱#2]             MeasureRhythm 1044 | Measure{#9} No timeOffset for HeadChordInter#7204{(0.955/0.955) staff:5 slot#7 dur:1/8}
INFO  [可惜没如果钢琴谱#2]        AbstractChordInter 635  | Measure{#9} No timeOffset for HeadChordInter#7233{(0.955/0.955) staff:6 slot#9 dur:1/16}
INFO  [可惜没如果钢琴谱#2]        AbstractChordInter 635  | Measure{#9} No timeOffset for HeadChordInter#7209{(0.955/0.955) staff:5 slot#12 dur:1/16}
INFO  [可惜没如果钢琴谱#2]        AbstractChordInter 635  | Measure{#9} No timeOffset for HeadChordInter#7234{(0.860/0.860) staff:6 slot#10 dur:1/4}
INFO  [可惜没如果钢琴谱#2]        AbstractChordInter 635  | Measure{#9} No timeOffset for HeadChordInter#7209{(0.955/0.955) staff:5 slot#12 dur:1/16}
INFO  [可惜没如果钢琴谱#2]               StackRhythm 224  | S3 MeasureStack#9 no correct rhythm
INFO  [可惜没如果钢琴谱#2]                     Voice 257  | Measure{#11} Voice{#2 excess:1/4} too long
INFO  [可惜没如果钢琴谱#2]                     Voice 257  | Measure{#11} Voice{#6 excess:1/4} too long
INFO  [可惜没如果钢琴谱#2]                     Voice 257  | Measure{#11} Voice{#7 excess:3/8} too long
INFO  [可惜没如果钢琴谱#2]               StackRhythm 224  | S4 MeasureStack#11 no correct rhythm
INFO  [可惜没如果钢琴谱#2]                     Voice 257  | Measure{#12} Voice{#2 excess:3/16} too long
INFO  [可惜没如果钢琴谱#2]                     Voice 257  | Measure{#12} Voice{#7 excess:3/16} too long
INFO  [可惜没如果钢琴谱#2]                     Voice 257  | Measure{#12} Voice{#8 excess:5/16} too long
INFO  [可惜没如果钢琴谱#2]               StackRhythm 224  | S4 MeasureStack#12 no correct rhythm
INFO  [可惜没如果钢琴谱#2]            StepMonitoring 98   | PAGE
INFO  [可惜没如果钢琴谱#2]            SheetReduction 154  | Gutter. Different glyphs 1/2 PedalInter#8052{(0.666/0.666) PEDAL_MARK} vs ArticulationInter#8087{(0.795/0.873) STACCATO}
INFO  [可惜没如果钢琴谱#2]            SheetReduction 154  | Gutter. Different glyphs 2/3 PedalInter#8094{(0.660/0.660) PEDAL_MARK} vs ArticulationInter#8133{(0.789/0.885) STACCATO}
INFO  [可惜没如果钢琴谱#2]            SheetReduction 154  | Gutter. Different glyphs 3/4 PedalInter#8131{(0.672/0.672) PEDAL_MARK} vs ArticulationInter#8164{(0.787/0.861) STACCATO}
INFO  [可惜没如果钢琴谱#2]            SheetReduction 154  | Gutter. Different glyphs 4/5 PedalInter#8179{(0.660/0.660) PEDAL_MARK} vs ArticulationInter#8210{(0.787/0.860) STACCATO}
INFO  [可惜没如果钢琴谱#2]                     Voice 257  | Measure{#11} Voice{#2 excess:1/4} too long
INFO  [可惜没如果钢琴谱#2]                     Voice 257  | Measure{#11} Voice{#6 excess:1/4} too long
INFO  [可惜没如果钢琴谱#2]                     Voice 257  | Measure{#11} Voice{#7 excess:3/8} too long
INFO  [可惜没如果钢琴谱#2]                     Voice 257  | Measure{#12} Voice{#2 excess:3/16} too long
INFO  [可惜没如果钢琴谱#2]                     Voice 257  | Measure{#12} Voice{#7 excess:3/16} too long
INFO  [可惜没如果钢琴谱#2]                     Voice 257  | Measure{#12} Voice{#8 excess:5/16} too long
INFO  [可惜没如果钢琴谱#2]                      Book 2584 | Book{可惜没如果钢琴谱} storing
INFO  [可惜没如果钢琴谱#2]                      Book 2565 | Stored /book.xml
INFO  [可惜没如果钢琴谱#2]                DataHolder 348  | Stored /sheet#2/BINARY.png
INFO  [可惜没如果钢琴谱#2]                     Sheet 1583 | Stored /sheet#2/sheet#2.xml
INFO  [可惜没如果钢琴谱#2]                      Book 2525 | Book stored as E:\Repositories\robianist\tmp\pdfs\recognized\可惜没如果钢琴谱.omr
INFO  [可惜没如果钢琴谱#2]                 SheetStub 1655 | Sheet#2 disposed
INFO  [可惜没如果钢琴谱#2]                      Book 2050 | End of Stub#2
INFO  [可惜没如果钢琴谱#3]            StepMonitoring 98   | LOAD
INFO  [可惜没如果钢琴谱#3]                 SheetStub 1278 | Loaded image #3 2394x3380 from E:\Learnings\MusicLearning\Piano\可惜没如果钢琴谱.pdf
INFO  [可惜没如果钢琴谱#3]            StepMonitoring 98   | BINARY
INFO  [可惜没如果钢琴谱#3]            StepMonitoring 98   | SCALE
INFO  [可惜没如果钢琴谱#3]              ScaleBuilder 254  | Beam  guessed height: 11 -- 0.25 of [9..18] range
INFO  [可惜没如果钢琴谱#3]              ScaleBuilder 271  | Beam measured height: 12 -- 0.33 of [9..18] range at 503% of needed quorum
INFO  [可惜没如果钢琴谱#3]              ScaleBuilder 401  | Normalized black jitter: 10.00 %
INFO  [可惜没如果钢琴谱#3]                 ScaleStep 65   | Scale{ interline(19,20,21) line(4,4,6) beam(12)}
INFO  [可惜没如果钢琴谱#3]            StepMonitoring 98   | GRID
INFO  [可惜没如果钢琴谱#3]            LinesRetriever 1508 | Global slope: 0.00000
INFO  [可惜没如果钢琴谱#3]         ClustersRetriever 326  | Retrieved raw line clusters: 10 of sizes [5] with interline(19,20,21)
INFO  [可惜没如果钢琴谱#3]                 PeakGraph 310  | Systems: #1[1, 2] #2[3, 4] #3[5, 6] #4[7, 8] #5[9, 10]
INFO  [可惜没如果钢琴谱#3]             SystemManager 800  | 1 part along 5 systems
INFO  [可惜没如果钢琴谱#3]            StepMonitoring 98   | HEADERS
INFO  [可惜没如果钢琴谱#3]            StepMonitoring 98   | STEM_SEEDS
INFO  [可惜没如果钢琴谱#3]             StemSeedsStep 86   | stem(4 max:6)
INFO  [可惜没如果钢琴谱#3]            StepMonitoring 98   | BEAMS
INFO  [可惜没如果钢琴谱#3]            StepMonitoring 98   | LEDGERS
INFO  [可惜没如果钢琴谱#3]            StepMonitoring 98   | HEADS
INFO  [可惜没如果钢琴谱#3]             HeadSeedTally 235  | Scale information: HeadSeeds{NOTEHEAD_VOID[L:0.4,R:0.3] NOTEHEAD_BLACK[L:-0.4,R:-0.3]}
INFO  [可惜没如果钢琴谱#3]            StepMonitoring 98   | STEMS
INFO  [可惜没如果钢琴谱#3]            StepMonitoring 98   | REDUCTION
INFO  [可惜没如果钢琴谱#3]             ReductionStep 105  | Stems free length median value: 71 pixels, 3.6 interlines
INFO  [可惜没如果钢琴谱#3]            StepMonitoring 98   | CUE_BEAMS
INFO  [可惜没如果钢琴谱#3]              CueBeamsStep 81   | Step CUE_BEAMS is skipped because small heads switch is off
INFO  [可惜没如果钢琴谱#3]            StepMonitoring 98   | TEXTS
WARN  [可惜没如果钢琴谱#3]                 TextsStep 97   | TEXTS step: No OCR is available!
INFO  [可惜没如果钢琴谱#3]            StepMonitoring 98   | MEASURES
INFO  [可惜没如果钢琴谱#3]                      Page 307  | 14 raw measures: [3 in system#1, 3 in system#2, 3 in system#3, 3 in system#4, 2 in system#5]
INFO  [可惜没如果钢琴谱#3]            StepMonitoring 98   | CHORDS
INFO  [可惜没如果钢琴谱#3]            StepMonitoring 98   | CURVES
INFO  [可惜没如果钢琴谱#3]              SlursBuilder 240  | Slurs: 39
INFO  [可惜没如果钢琴谱#3]           SegmentsBuilder 155  | Segments: 20
INFO  [可惜没如果钢琴谱#3]            StepMonitoring 98   | SYMBOLS
INFO  [可惜没如果钢琴谱#3]            StepMonitoring 98   | LINKS
INFO  [可惜没如果钢琴谱#3]             SymbolsLinker 258  | No chord linked to OctaveShiftInter#8465{(0.392) staff:6 OTTAVA BASSA} at java.awt.Point[x=284,y=2111]
INFO  [可惜没如果钢琴谱#3]                  KeyInter 1198 | No effective key before AlterInter#8483{(0.796) staff:6 NATURAL pitch:-3.0}
INFO  [可惜没如果钢琴谱#3]                  KeyInter 1198 | No effective key before AlterInter#8486{(0.795) staff:6 NATURAL pitch:4.0}
INFO  [可惜没如果钢琴谱#3]             SymbolsLinker 258  | No chord linked to OctaveShiftInter#8513{(0.392) staff:7 OTTAVA ALTA} at java.awt.Point[x=284,y=2111]
INFO  [可惜没如果钢琴谱#3]            StepMonitoring 98   | RHYTHMS
INFO  [可惜没如果钢琴谱#3]                PageRhythm 199  | {Page#3.1} Time value reused from sheet#1
INFO  [可惜没如果钢琴谱#3]             MeasureRhythm 1044 | Measure{#1} No timeOffset for RestChordInter#8426{(0.704/0.704) staff:1 slot#14 dur:1/2}
INFO  [可惜没如果钢琴谱#3]               StackRhythm 224  | S1 MeasureStack#1 no correct rhythm
INFO  [可惜没如果钢琴谱#3]             MeasureRhythm 1044 | Measure{#2} No timeOffset for HeadChordInter#7334{(0.950/0.950) staff:2 slot#7 dur:1/4}
INFO  [可惜没如果钢琴谱#3]        AbstractChordInter 635  | Measure{#2} No timeOffset for HeadChordInter#7334{(0.950/0.950) staff:2 slot#7 dur:1/4}
INFO  [可惜没如果钢琴谱#3]             MeasureRhythm 1044 | Measure{#2} No timeOffset for HeadChordInter#7305{(0.950/0.950) staff:1 slot#8 dur:1/8}
INFO  [可惜没如果钢琴谱#3]        AbstractChordInter 635  | Measure{#2} No timeOffset for HeadChordInter#7337{(0.961/0.961) staff:2 slot#10 dur:1/16}
INFO  [可惜没如果钢琴谱#3]        AbstractChordInter 635  | Measure{#2} No timeOffset for HeadChordInter#7310{(0.949/0.949) staff:1 slot#14 dur:1/16}
INFO  [可惜没如果钢琴谱#3]               StackRhythm 224  | S1 MeasureStack#2 no correct rhythm
INFO  [可惜没如果钢琴谱#3]            StepMonitoring 98   | PAGE
INFO  [可惜没如果钢琴谱#3]            SheetReduction 154  | Gutter. Different glyphs 3/4 PedalInter#8502{(0.661/0.661) PEDAL_MARK} vs ArticulationInter#8538{(0.797/0.909) STACCATO}
INFO  [可惜没如果钢琴谱#3]                      Book 2584 | Book{可惜没如果钢琴谱} storing
INFO  [可惜没如果钢琴谱#3]                      Book 2565 | Stored /book.xml
INFO  [可惜没如果钢琴谱#3]                DataHolder 348  | Stored /sheet#3/BINARY.png
INFO  [可惜没如果钢琴谱#3]                     Sheet 1583 | Stored /sheet#3/sheet#3.xml
INFO  [可惜没如果钢琴谱#3]                      Book 2525 | Book stored as E:\Repositories\robianist\tmp\pdfs\recognized\可惜没如果钢琴谱.omr
INFO  [可惜没如果钢琴谱#3]                 SheetStub 1655 | Sheet#3 disposed
INFO  [可惜没如果钢琴谱#3]                      Book 2050 | End of Stub#3
INFO  [可惜没如果钢琴谱#4]            StepMonitoring 98   | LOAD
INFO  [可惜没如果钢琴谱#4]                 SheetStub 1278 | Loaded image #4 2394x3383 from E:\Learnings\MusicLearning\Piano\可惜没如果钢琴谱.pdf
INFO  [可惜没如果钢琴谱#4]            StepMonitoring 98   | BINARY
INFO  [可惜没如果钢琴谱#4]            StepMonitoring 98   | SCALE
INFO  [可惜没如果钢琴谱#4]              ScaleBuilder 254  | Beam  guessed height: 11 -- 0.25 of [9..19] range
INFO  [可惜没如果钢琴谱#4]              ScaleBuilder 271  | Beam measured height: 12 -- 0.30 of [9..19] range at 467% of needed quorum
INFO  [可惜没如果钢琴谱#4]              ScaleBuilder 401  | Normalized black jitter: 15.00 %
INFO  [可惜没如果钢琴谱#4]                 ScaleStep 65   | Scale{ interline(19,20,20) line(3,4,6) beam(12)}
INFO  [可惜没如果钢琴谱#4]            StepMonitoring 98   | GRID
INFO  [可惜没如果钢琴谱#4]            LinesRetriever 1508 | Global slope: 0.00000
INFO  [可惜没如果钢琴谱#4]         ClustersRetriever 326  | Retrieved raw line clusters: 10 of sizes [5] with interline(19,20,20)
INFO  [可惜没如果钢琴谱#4]                 PeakGraph 310  | Systems: #1[1, 2] #2[3, 4] #3[5, 6] #4[7, 8] #5[9, 10]
INFO  [可惜没如果钢琴谱#4]             SystemManager 800  | 1 part along 5 systems
INFO  [可惜没如果钢琴谱#4]            StepMonitoring 98   | HEADERS
INFO  [可惜没如果钢琴谱#4]            StepMonitoring 98   | STEM_SEEDS
INFO  [可惜没如果钢琴谱#4]             StemSeedsStep 86   | stem(4 max:6)
INFO  [可惜没如果钢琴谱#4]            StepMonitoring 98   | BEAMS
INFO  [可惜没如果钢琴谱#4]            StepMonitoring 98   | LEDGERS
INFO  [可惜没如果钢琴谱#4]            StepMonitoring 98   | HEADS
INFO  [可惜没如果钢琴谱#4]             HeadSeedTally 235  | Scale information: HeadSeeds{NOTEHEAD_VOID[L:0.2,R:-0.5] NOTEHEAD_BLACK[L:-0.3,R:0.5]}
INFO  [可惜没如果钢琴谱#4]            StepMonitoring 98   | STEMS
INFO  [可惜没如果钢琴谱#4]            StepMonitoring 98   | REDUCTION
INFO  [可惜没如果钢琴谱#4]             ReductionStep 105  | Stems free length median value: 67 pixels, 3.4 interlines
INFO  [可惜没如果钢琴谱#4]            StepMonitoring 98   | CUE_BEAMS
INFO  [可惜没如果钢琴谱#4]              CueBeamsStep 81   | Step CUE_BEAMS is skipped because small heads switch is off
INFO  [可惜没如果钢琴谱#4]            StepMonitoring 98   | TEXTS
WARN  [可惜没如果钢琴谱#4]                 TextsStep 97   | TEXTS step: No OCR is available!
INFO  [可惜没如果钢琴谱#4]            StepMonitoring 98   | MEASURES
INFO  [可惜没如果钢琴谱#4]                      Page 307  | 13 raw measures: [2 in system#1, 2 in system#2, 3 in system#3, 3 in system#4, 3 in system#5]
INFO  [可惜没如果钢琴谱#4]            StepMonitoring 98   | CHORDS
INFO  [可惜没如果钢琴谱#4]            StepMonitoring 98   | CURVES
INFO  [可惜没如果钢琴谱#4]              SlursBuilder 240  | Slurs: 42
INFO  [可惜没如果钢琴谱#4]           SegmentsBuilder 155  | Segments: 23
INFO  [可惜没如果钢琴谱#4]            StepMonitoring 98   | SYMBOLS
INFO  [可惜没如果钢琴谱#4]            StepMonitoring 98   | LINKS
INFO  [可惜没如果钢琴谱#4]                  KeyInter 1198 | No effective key before AlterInter#8471{(0.794) staff:1 NATURAL pitch:2.0}
INFO  [可惜没如果钢琴谱#4]             SymbolsLinker 258  | No chord linked to OctaveShiftInter#8536{(0.356) staff:6 OTTAVA BASSA} at java.awt.Point[x=285,y=2111]
INFO  [可惜没如果钢琴谱#4]                  KeyInter 1198 | No effective key before AlterInter#8547{(0.299) staff:5 NATURAL pitch:2.0}
INFO  [可惜没如果钢琴谱#4]             SymbolsLinker 258  | No chord linked to OctaveShiftInter#8722{(0.356) staff:7 OTTAVA ALTA} at java.awt.Point[x=285,y=2111]
INFO  [可惜没如果钢琴谱#4]            StepMonitoring 98   | RHYTHMS
INFO  [可惜没如果钢琴谱#4]                PageRhythm 199  | {Page#4.1} Time value reused from sheet#1
INFO  [可惜没如果钢琴谱#4]             MeasureRhythm 1276 | Measure{#4} Time inconsistency in {1/8=[HeadChordInter#7404{(0.938/0.938) staff:3 slot#3 off:1/8 dur:1/16}], 3/16=[HeadChordInter#7431{(0.954/0.954) staff:4 slot#3 off:3/16 dur:1/16}]}
INFO  [可惜没如果钢琴谱#4]            StepMonitoring 98   | PAGE
INFO  [可惜没如果钢琴谱#4]            SheetReduction 154  | Gutter. Different glyphs 2/3 PedalInter#8495{(0.682/0.682) PEDAL_MARK} vs ArticulationInter#8539{(0.558/0.741) STACCATO}
INFO  [可惜没如果钢琴谱#4]            SheetReduction 154  | Gutter. Different glyphs 3/4 PedalInter#8572{(0.677/0.677) PEDAL_MARK} vs ArticulationInter#8746{(0.756/0.816) STACCATO}
INFO  [可惜没如果钢琴谱#4]            SheetReduction 154  | Gutter. Different glyphs 3/4 PedalInter#8573{(0.789/0.789) PEDAL_UP_MARK} vs ArticulationInter#8746{(0.756/0.816) STACCATO}
INFO  [可惜没如果钢琴谱#4]            SheetReduction 154  | Gutter. Different glyphs 4/5 PedalInter#8751{(0.699/0.699) PEDAL_MARK} vs ArticulationInter#8787{(0.769/0.815) STACCATO}
INFO  [可惜没如果钢琴谱#4]            SheetReduction 154  | Gutter. Different glyphs 4/5 PedalInter#8761{(0.681/0.681) PEDAL_MARK} vs ArticulationInter#8800{(0.769/0.828) STACCATO}
INFO  [可惜没如果钢琴谱#4]                      Book 2584 | Book{可惜没如果钢琴谱} storing
INFO  [可惜没如果钢琴谱#4]                      Book 2565 | Stored /book.xml
INFO  [可惜没如果钢琴谱#4]                DataHolder 348  | Stored /sheet#4/BINARY.png
INFO  [可惜没如果钢琴谱#4]                     Sheet 1583 | Stored /sheet#4/sheet#4.xml
INFO  [可惜没如果钢琴谱#4]                      Book 2525 | Book stored as E:\Repositories\robianist\tmp\pdfs\recognized\可惜没如果钢琴谱.omr
INFO  [可惜没如果钢琴谱#4]                 SheetStub 1655 | Sheet#4 disposed
INFO  [可惜没如果钢琴谱#4]                      Book 2050 | End of Stub#4
INFO  [可惜没如果钢琴谱#5]            StepMonitoring 98   | LOAD
INFO  [可惜没如果钢琴谱#5]                 SheetStub 1278 | Loaded image #5 2391x3386 from E:\Learnings\MusicLearning\Piano\可惜没如果钢琴谱.pdf
INFO  [可惜没如果钢琴谱#5]            StepMonitoring 98   | BINARY
INFO  [可惜没如果钢琴谱#5]            StepMonitoring 98   | SCALE
INFO  [可惜没如果钢琴谱#5]              ScaleBuilder 254  | Beam  guessed height: 11 -- 0.25 of [9..19] range
INFO  [可惜没如果钢琴谱#5]              ScaleBuilder 271  | Beam measured height: 12 -- 0.30 of [9..19] range at 562% of needed quorum
INFO  [可惜没如果钢琴谱#5]              ScaleBuilder 401  | Normalized black jitter: 15.00 %
INFO  [可惜没如果钢琴谱#5]                 ScaleStep 65   | Scale{ interline(19,20,21) line(3,4,6) beam(12)}
INFO  [可惜没如果钢琴谱#5]            StepMonitoring 98   | GRID
INFO  [可惜没如果钢琴谱#5]            LinesRetriever 1508 | Global slope: 0.00000
INFO  [可惜没如果钢琴谱#5]         ClustersRetriever 326  | Retrieved raw line clusters: 10 of sizes [5] with interline(19,20,21)
INFO  [可惜没如果钢琴谱#5]                 PeakGraph 310  | Systems: #1[1, 2] #2[3, 4] #3[5, 6] #4[7, 8] #5[9, 10]
INFO  [可惜没如果钢琴谱#5]             SystemManager 800  | 1 part along 5 systems
INFO  [可惜没如果钢琴谱#5]            StepMonitoring 98   | HEADERS
INFO  [可惜没如果钢琴谱#5]            StepMonitoring 98   | STEM_SEEDS
INFO  [可惜没如果钢琴谱#5]             StemSeedsStep 86   | stem(4 max:6)
INFO  [可惜没如果钢琴谱#5]            StepMonitoring 98   | BEAMS
INFO  [可惜没如果钢琴谱#5]            StepMonitoring 98   | LEDGERS
INFO  [可惜没如果钢琴谱#5]            StepMonitoring 98   | HEADS
INFO  [可惜没如果钢琴谱#5]             HeadSeedTally 235  | Scale information: HeadSeeds{NOTEHEAD_VOID[L:-0.2] NOTEHEAD_BLACK[L:-0.4,R:-0.0]}
INFO  [可惜没如果钢琴谱#5]            StepMonitoring 98   | STEMS
INFO  [可惜没如果钢琴谱#5]            StepMonitoring 98   | REDUCTION
INFO  [可惜没如果钢琴谱#5]             ReductionStep 105  | Stems free length median value: 60 pixels, 3.0 interlines
INFO  [可惜没如果钢琴谱#5]            StepMonitoring 98   | CUE_BEAMS
INFO  [可惜没如果钢琴谱#5]              CueBeamsStep 81   | Step CUE_BEAMS is skipped because small heads switch is off
INFO  [可惜没如果钢琴谱#5]            StepMonitoring 98   | TEXTS
WARN  [可惜没如果钢琴谱#5]                 TextsStep 97   | TEXTS step: No OCR is available!
INFO  [可惜没如果钢琴谱#5]            StepMonitoring 98   | MEASURES
INFO  [可惜没如果钢琴谱#5]                      Page 307  | 12 raw measures: [3 in system#1, 3 in system#2, 2 in system#3, 2 in system#4, 2 in system#5]
INFO  [可惜没如果钢琴谱#5]            StepMonitoring 98   | CHORDS
INFO  [可惜没如果钢琴谱#5]            StepMonitoring 98   | CURVES
INFO  [可惜没如果钢琴谱#5]              SlursBuilder 240  | Slurs: 30
INFO  [可惜没如果钢琴谱#5]           SegmentsBuilder 155  | Segments: 12
INFO  [可惜没如果钢琴谱#5]            StepMonitoring 98   | SYMBOLS
INFO  [可惜没如果钢琴谱#5]            StepMonitoring 98   | LINKS
INFO  [可惜没如果钢琴谱#5]                  KeyInter 1198 | No effective key before AlterInter#9067{(0.798) staff:3 NATURAL pitch:-5.0}
INFO  [可惜没如果钢琴谱#5]                  KeyInter 1198 | No effective key before AlterInter#9069{(0.792) staff:3 NATURAL pitch:2.0}
INFO  [可惜没如果钢琴谱#5]                  KeyInter 1198 | No effective key before AlterInter#9106{(0.143) staff:5 NATURAL pitch:3.0}
INFO  [可惜没如果钢琴谱#5]            StepMonitoring 98   | RHYTHMS
INFO  [可惜没如果钢琴谱#5]                PageRhythm 199  | {Page#5.1} Time value reused from sheet#1
INFO  [可惜没如果钢琴谱#5]             MeasureRhythm 1044 | Measure{#10} No timeOffset for RestChordInter#9162{(0.514/0.514) staff:7 slot#16 dur:1/2}
INFO  [可惜没如果钢琴谱#5]               StackRhythm 224  | S4 MeasureStack#10 no correct rhythm
INFO  [可惜没如果钢琴谱#5]             MeasureRhythm 1044 | Measure{#11} No timeOffset for HeadChordInter#8201{(0.960/0.960) staff:9 slot#14 dur:1/8}
INFO  [可惜没如果钢琴谱#5]             MeasureRhythm 1044 | Measure{#11} No timeOffset for HeadChordInter#8225{(0.901/0.901) staff:10 slot#14 dur:1/16}
INFO  [可惜没如果钢琴谱#5]                     Voice 257  | Measure{#11} Voice{#2 excess:1/4} too long
INFO  [可惜没如果钢琴谱#5]                     Voice 257  | Measure{#11} Voice{#6 excess:1/4} too long
INFO  [可惜没如果钢琴谱#5]               StackRhythm 224  | S5 MeasureStack#11 no correct rhythm
INFO  [可惜没如果钢琴谱#5]            StepMonitoring 98   | PAGE
INFO  [可惜没如果钢琴谱#5]            SheetReduction 154  | Gutter. Different glyphs 1/2 PedalInter#9016{(0.689/0.689) PEDAL_MARK} vs StemInter#6290{(0.785/0.991) staff:3 STEM}
INFO  [可惜没如果钢琴谱#5]            SheetReduction 154  | Gutter. Different glyphs 2/3 PedalInter#9058{(0.659/0.659) PEDAL_MARK} vs ArticulationInter#9111{(0.751/0.853) STACCATO}
INFO  [可惜没如果钢琴谱#5]            SheetReduction 154  | Gutter. Different glyphs 2/3 PedalInter#9082{(0.668/0.668) PEDAL_MARK} vs ArticulationInter#9116{(0.668/0.806) STACCATO}
INFO  [可惜没如果钢琴谱#5]            SheetReduction 154  | Gutter. Different glyphs 3/4 PedalInter#9124{(0.672/0.672) PEDAL_MARK} vs AugmentationDotInter#9164{(0.762/0.847) staff:7 AUGMENTATION_DOT}
INFO  [可惜没如果钢琴谱#5]            SheetReduction 154  | Gutter. Different glyphs 4/5 PedalInter#9150{(0.670/0.670) PEDAL_MARK} vs AugmentationDotInter#9218{(0.769/0.865) staff:9 AUGMENTATION_DOT}
INFO  [可惜没如果钢琴谱#5]            SheetReduction 154  | Gutter. Different glyphs 4/5 PedalInter#9154{(0.651/0.651) PEDAL_MARK} vs ArticulationInter#9194{(0.752/0.839) STACCATO}
INFO  [可惜没如果钢琴谱#5]                     Voice 257  | Measure{#11} Voice{#2 excess:1/4} too long
INFO  [可惜没如果钢琴谱#5]                     Voice 257  | Measure{#11} Voice{#6 excess:1/4} too long
INFO  [可惜没如果钢琴谱#5]                      Book 2584 | Book{可惜没如果钢琴谱} storing
INFO  [可惜没如果钢琴谱#5]                      Book 2565 | Stored /book.xml
INFO  [可惜没如果钢琴谱#5]                DataHolder 348  | Stored /sheet#5/BINARY.png
INFO  [可惜没如果钢琴谱#5]                     Sheet 1583 | Stored /sheet#5/sheet#5.xml
INFO  [可惜没如果钢琴谱#5]                      Book 2525 | Book stored as E:\Repositories\robianist\tmp\pdfs\recognized\可惜没如果钢琴谱.omr
INFO  [可惜没如果钢琴谱#5]                 SheetStub 1655 | Sheet#5 disposed
INFO  [可惜没如果钢琴谱#5]                      Book 2050 | End of Stub#5
INFO  [可惜没如果钢琴谱#6]            StepMonitoring 98   | LOAD
INFO  [可惜没如果钢琴谱#6]                 SheetStub 1278 | Loaded image #6 2397x3386 from E:\Learnings\MusicLearning\Piano\可惜没如果钢琴谱.pdf
INFO  [可惜没如果钢琴谱#6]            StepMonitoring 98   | BINARY
INFO  [可惜没如果钢琴谱#6]            StepMonitoring 98   | SCALE
INFO  [可惜没如果钢琴谱#6]              ScaleBuilder 254  | Beam  guessed height: 11 -- 0.25 of [9..18] range
INFO  [可惜没如果钢琴谱#6]              ScaleBuilder 271  | Beam measured height: 12 -- 0.33 of [9..18] range at 575% of needed quorum
INFO  [可惜没如果钢琴谱#6]              ScaleBuilder 401  | Normalized black jitter: 10.00 %
INFO  [可惜没如果钢琴谱#6]                 ScaleStep 65   | Scale{ interline(19,20,21) line(4,4,6) beam(12)}
INFO  [可惜没如果钢琴谱#6]            StepMonitoring 98   | GRID
INFO  [可惜没如果钢琴谱#6]            LinesRetriever 1508 | Global slope: 0.00000
INFO  [可惜没如果钢琴谱#6]         ClustersRetriever 326  | Retrieved raw line clusters: 10 of sizes [5] with interline(19,20,21)
INFO  [可惜没如果钢琴谱#6]                 PeakGraph 310  | Systems: #1[1, 2] #2[3, 4] #3[5, 6] #4[7, 8] #5[9, 10]
INFO  [可惜没如果钢琴谱#6]             SystemManager 800  | 1 part along 5 systems
INFO  [可惜没如果钢琴谱#6]            StepMonitoring 98   | HEADERS
INFO  [可惜没如果钢琴谱#6]            StepMonitoring 98   | STEM_SEEDS
INFO  [可惜没如果钢琴谱#6]             StemSeedsStep 86   | stem(4 max:5)
INFO  [可惜没如果钢琴谱#6]            StepMonitoring 98   | BEAMS
INFO  [可惜没如果钢琴谱#6]            StepMonitoring 98   | LEDGERS
INFO  [可惜没如果钢琴谱#6]            StepMonitoring 98   | HEADS
INFO  [可惜没如果钢琴谱#6]             HeadSeedTally 235  | Scale information: HeadSeeds{NOTEHEAD_BLACK[L:-0.2,R:-0.1]}
INFO  [可惜没如果钢琴谱#6]            StepMonitoring 98   | STEMS
INFO  [可惜没如果钢琴谱#6]                BeamLinker 1729 | Not linking shorter BeamInter#1664{(0.666) BEAM}
INFO  [可惜没如果钢琴谱#6]            StepMonitoring 98   | REDUCTION
INFO  [可惜没如果钢琴谱#6]             ReductionStep 105  | Stems free length median value: 64 pixels, 3.2 interlines
INFO  [可惜没如果钢琴谱#6]            StepMonitoring 98   | CUE_BEAMS
INFO  [可惜没如果钢琴谱#6]              CueBeamsStep 81   | Step CUE_BEAMS is skipped because small heads switch is off
INFO  [可惜没如果钢琴谱#6]            StepMonitoring 98   | TEXTS
WARN  [可惜没如果钢琴谱#6]                 TextsStep 97   | TEXTS step: No OCR is available!
INFO  [可惜没如果钢琴谱#6]            StepMonitoring 98   | MEASURES
INFO  [可惜没如果钢琴谱#6]                      Page 307  | 13 raw measures: [3 in system#1, 3 in system#2, 3 in system#3, 2 in system#4, 2 in system#5]
INFO  [可惜没如果钢琴谱#6]            StepMonitoring 98   | CHORDS
INFO  [可惜没如果钢琴谱#6]            StepMonitoring 98   | CURVES
INFO  [可惜没如果钢琴谱#6]              SlursBuilder 240  | Slurs: 32
INFO  [可惜没如果钢琴谱#6]           SegmentsBuilder 155  | Segments: 8
INFO  [可惜没如果钢琴谱#6]            StepMonitoring 98   | SYMBOLS
INFO  [可惜没如果钢琴谱#6]            StepMonitoring 98   | LINKS
INFO  [可惜没如果钢琴谱#6]                  KeyInter 1198 | No effective key before AlterInter#9096{(0.792) staff:1 NATURAL pitch:2.0}
INFO  [可惜没如果钢琴谱#6]                  KeyInter 1198 | No effective key before AlterInter#9252{(0.798) staff:9 NATURAL pitch:-5.0}
INFO  [可惜没如果钢琴谱#6]            StepMonitoring 98   | RHYTHMS
INFO  [可惜没如果钢琴谱#6]                PageRhythm 199  | {Page#6.1} Time value reused from sheet#1
INFO  [可惜没如果钢琴谱#6]             MeasureRhythm 1276 | Measure{#2} Time inconsistency in {1/8=[HeadChordInter#8081{(0.961/0.961) staff:2 slot#3 off:1/8 dur:1/8}], 1/4=[HeadChordInter#8051{(0.945/0.945) staff:1 slot#3 off:1/4 dur:1/8}]}
INFO  [可惜没如果钢琴谱#6]             MeasureRhythm 1044 | Measure{#5} No timeOffset for RestChordInter#9160{(0.661/0.661) staff:3 slot#13 dur:1/2}
INFO  [可惜没如果钢琴谱#6]               StackRhythm 224  | S2 MeasureStack#5 no correct rhythm
INFO  [可惜没如果钢琴谱#6]             MeasureRhythm 1044 | Measure{#6} No timeOffset for HeadChordInter#8121{(0.944/0.944) staff:3 slot#8 dur:1/8}
INFO  [可惜没如果钢琴谱#6]             MeasureRhythm 1044 | Measure{#6} No timeOffset for HeadChordInter#8147{(0.935/0.935) staff:4 slot#8 dur:1/8}
INFO  [可惜没如果钢琴谱#6]        AbstractChordInter 635  | Measure{#6} No timeOffset for HeadChordInter#8126{(0.948/0.948) staff:3 slot#13 dur:1/16}
INFO  [可惜没如果钢琴谱#6]        AbstractChordInter 635  | Measure{#6} No timeOffset for HeadChordInter#8149{(0.958/0.958) staff:4 slot#10 dur:1/16}
INFO  [可惜没如果钢琴谱#6]               StackRhythm 224  | S2 MeasureStack#6 no correct rhythm
INFO  [可惜没如果钢琴谱#6]                     Voice 257  | Measure{#7} Voice{#7 excess:1/8} too long
INFO  [可惜没如果钢琴谱#6]               StackRhythm 224  | S3 MeasureStack#7 no correct rhythm
INFO  [可惜没如果钢琴谱#6]                     Voice 257  | Measure{#11} Voice{#7 excess:1/8} too long
INFO  [可惜没如果钢琴谱#6]               StackRhythm 224  | S4 MeasureStack#11 no correct rhythm
INFO  [可惜没如果钢琴谱#6]                     Voice 257  | Measure{#13} Voice{#6 excess:1/4} too long
INFO  [可惜没如果钢琴谱#6]                     Voice 257  | Measure{#13} Voice{#7 excess:1/4} too long
INFO  [可惜没如果钢琴谱#6]               StackRhythm 224  | S5 MeasureStack#13 no correct rhythm
INFO  [可惜没如果钢琴谱#6]            StepMonitoring 98   | PAGE
INFO  [可惜没如果钢琴谱#6]            SheetReduction 154  | Gutter. Different glyphs 1/2 PedalInter#9108{(0.676/0.676) PEDAL_MARK} vs ArticulationInter#9151{(0.790/0.907) STACCATO}
INFO  [可惜没如果钢琴谱#6]            SheetReduction 154  | Gutter. Different glyphs 1/2 PedalInter#9112{(0.671/0.671) PEDAL_MARK} vs ArticulationInter#9156{(0.788/0.871) STACCATO}
INFO  [可惜没如果钢琴谱#6]            SheetReduction 154  | Gutter. Different glyphs 2/3 PedalInter#9129{(0.670/0.670) PEDAL_MARK} vs ArticulationInter#9164{(0.769/0.846) STACCATO}
INFO  [可惜没如果钢琴谱#6]            SheetReduction 154  | Gutter. Different glyphs 2/3 PedalInter#9133{(0.664/0.664) PEDAL_MARK} vs ArticulationInter#9169{(0.762/0.818) STACCATO}
INFO  [可惜没如果钢琴谱#6]            SheetReduction 154  | Gutter. Different glyphs 2/3 PedalInter#9139{(0.678/0.678) PEDAL_MARK} vs ArticulationInter#9174{(0.796/0.892) STACCATO}
INFO  [可惜没如果钢琴谱#6]            SheetReduction 154  | Gutter. Different glyphs 2/3 PedalInter#9154{(0.666/0.666) PEDAL_MARK} vs ArticulationInter#9181{(0.747/0.869) STACCATO}
INFO  [可惜没如果钢琴谱#6]            SheetReduction 154  | Gutter. Different glyphs 4/5 PedalInter#9219{(0.634/0.634) PEDAL_MARK} vs ArticulationInter#9261{(0.739/0.829) STACCATO}
INFO  [可惜没如果钢琴谱#6]                     Voice 257  | Measure{#7} Voice{#7 excess:1/8} too long
INFO  [可惜没如果钢琴谱#6]                     Voice 257  | Measure{#11} Voice{#7 excess:1/8} too long
INFO  [可惜没如果钢琴谱#6]                     Voice 257  | Measure{#13} Voice{#5 excess:1/4} too long
INFO  [可惜没如果钢琴谱#6]                     Voice 257  | Measure{#13} Voice{#6 excess:1/4} too long
INFO  [可惜没如果钢琴谱#6]                      Book 2584 | Book{可惜没如果钢琴谱} storing
INFO  [可惜没如果钢琴谱#6]                      Book 2565 | Stored /book.xml
INFO  [可惜没如果钢琴谱#6]                DataHolder 348  | Stored /sheet#6/BINARY.png
INFO  [可惜没如果钢琴谱#6]                     Sheet 1583 | Stored /sheet#6/sheet#6.xml
INFO  [可惜没如果钢琴谱#6]                      Book 2525 | Book stored as E:\Repositories\robianist\tmp\pdfs\recognized\可惜没如果钢琴谱.omr
INFO  [可惜没如果钢琴谱#6]                 SheetStub 1655 | Sheet#6 disposed
INFO  [可惜没如果钢琴谱#6]                      Book 2050 | End of Stub#6
INFO  [可惜没如果钢琴谱#7]            StepMonitoring 98   | LOAD
INFO  [可惜没如果钢琴谱#7]                 SheetStub 1278 | Loaded image #7 2391x3383 from E:\Learnings\MusicLearning\Piano\可惜没如果钢琴谱.pdf
INFO  [可惜没如果钢琴谱#7]            StepMonitoring 98   | BINARY
INFO  [可惜没如果钢琴谱#7]            StepMonitoring 98   | SCALE
INFO  [可惜没如果钢琴谱#7]              ScaleBuilder 254  | Beam  guessed height: 11 -- 0.25 of [9..19] range
INFO  [可惜没如果钢琴谱#7]              ScaleBuilder 271  | Beam measured height: 12 -- 0.30 of [9..19] range at 594% of needed quorum
INFO  [可惜没如果钢琴谱#7]              ScaleBuilder 401  | Normalized black jitter: 15.00 %
INFO  [可惜没如果钢琴谱#7]                 ScaleStep 65   | Scale{ interline(19,20,21) line(3,4,6) beam(12)}
INFO  [可惜没如果钢琴谱#7]            StepMonitoring 98   | GRID
INFO  [可惜没如果钢琴谱#7]            LinesRetriever 1508 | Global slope: 0.00000
INFO  [可惜没如果钢琴谱#7]         ClustersRetriever 326  | Retrieved raw line clusters: 10 of sizes [5] with interline(19,20,21)
INFO  [可惜没如果钢琴谱#7]                 PeakGraph 310  | Systems: #1[1, 2] #2[3, 4] #3[5, 6] #4[7, 8] #5[9, 10]
INFO  [可惜没如果钢琴谱#7]             SystemManager 800  | 1 part along 5 systems
INFO  [可惜没如果钢琴谱#7]            StepMonitoring 98   | HEADERS
INFO  [可惜没如果钢琴谱#7]            StepMonitoring 98   | STEM_SEEDS
INFO  [可惜没如果钢琴谱#7]             StemSeedsStep 86   | stem(4 max:5)
INFO  [可惜没如果钢琴谱#7]            StepMonitoring 98   | BEAMS
INFO  [可惜没如果钢琴谱#7]            StepMonitoring 98   | LEDGERS
INFO  [可惜没如果钢琴谱#7]            StepMonitoring 98   | HEADS
INFO  [可惜没如果钢琴谱#7]             HeadSeedTally 235  | Scale information: HeadSeeds{NOTEHEAD_BLACK[L:-0.4,R:-0.3]}
INFO  [可惜没如果钢琴谱#7]            StepMonitoring 98   | STEMS
INFO  [可惜没如果钢琴谱#7]            StepMonitoring 98   | REDUCTION
INFO  [可惜没如果钢琴谱#7]             ReductionStep 105  | Stems free length median value: 66 pixels, 3.3 interlines
INFO  [可惜没如果钢琴谱#7]            StepMonitoring 98   | CUE_BEAMS
INFO  [可惜没如果钢琴谱#7]              CueBeamsStep 81   | Step CUE_BEAMS is skipped because small heads switch is off
INFO  [可惜没如果钢琴谱#7]            StepMonitoring 98   | TEXTS
WARN  [可惜没如果钢琴谱#7]                 TextsStep 97   | TEXTS step: No OCR is available!
INFO  [可惜没如果钢琴谱#7]            StepMonitoring 98   | MEASURES
INFO  [可惜没如果钢琴谱#7]                      Page 307  | 14 raw measures: [2 in system#1, 2 in system#2, 2 in system#3, 3 in system#4, 5 in system#5]
INFO  [可惜没如果钢琴谱#7]            StepMonitoring 98   | CHORDS
INFO  [可惜没如果钢琴谱#7]            StepMonitoring 98   | CURVES
INFO  [可惜没如果钢琴谱#7]              SlursBuilder 240  | Slurs: 28
INFO  [可惜没如果钢琴谱#7]           SegmentsBuilder 155  | Segments: 15
INFO  [可惜没如果钢琴谱#7]            StepMonitoring 98   | SYMBOLS
INFO  [可惜没如果钢琴谱#7]            StepMonitoring 98   | LINKS
INFO  [可惜没如果钢琴谱#7]             SymbolsLinker 258  | No chord linked to OctaveShiftInter#7143{(0.432) staff:2 OTTAVA BASSA} at java.awt.Point[x=259,y=894]
INFO  [可惜没如果钢琴谱#7]             SymbolsLinker 258  | No chord linked to OctaveShiftInter#7163{(0.432) staff:3 OTTAVA ALTA} at java.awt.Point[x=259,y=894]
INFO  [可惜没如果钢琴谱#7]             SymbolsLinker 258  | No chord linked to OctaveShiftInter#7164{(0.460) staff:4 OTTAVA BASSA} at java.awt.Point[x=259,y=1502]
INFO  [可惜没如果钢琴谱#7]             SymbolsLinker 258  | No chord linked to OctaveShiftInter#7189{(0.460) staff:5 OTTAVA ALTA} at java.awt.Point[x=259,y=1502]
INFO  [可惜没如果钢琴谱#7]             SymbolsLinker 258  | No chord linked to OctaveShiftInter#7191{(0.412) staff:6 OTTAVA BASSA} at java.awt.Point[x=259,y=2112]
INFO  [可惜没如果钢琴谱#7]             SymbolsLinker 258  | No chord linked to OctaveShiftInter#7218{(0.412) staff:7 OTTAVA ALTA} at java.awt.Point[x=259,y=2112]
INFO  [可惜没如果钢琴谱#7]             SymbolsLinker 258  | No chord linked to OctaveShiftInter#7220{(0.287) staff:8 OTTAVA BASSA} at java.awt.Point[x=282,y=2721]
INFO  [可惜没如果钢琴谱#7]                  KeyInter 1198 | No effective key before AlterInter#7235{(0.794) staff:7 NATURAL pitch:0.0}
INFO  [可惜没如果钢琴谱#7]             SymbolsLinker 258  | No chord linked to OctaveShiftInter#7260{(0.287) staff:9 OTTAVA ALTA} at java.awt.Point[x=282,y=2721]
INFO  [可惜没如果钢琴谱#7]            StepMonitoring 98   | RHYTHMS
INFO  [可惜没如果钢琴谱#7]                PageRhythm 199  | {Page#7.1} Time value reused from sheet#1
INFO  [可惜没如果钢琴谱#7]            StepMonitoring 98   | PAGE
INFO  [可惜没如果钢琴谱#7]            SheetReduction 154  | Gutter. Different glyphs 3/4 PedalInter#7195{(0.651/0.651) PEDAL_MARK} vs ArticulationInter#7225{(0.777/0.846) STACCATO}
INFO  [可惜没如果钢琴谱#7]            SheetReduction 154  | Gutter. Different glyphs 3/4 PedalInter#7201{(0.685/0.685) PEDAL_MARK} vs ArticulationInter#7231{(0.766/0.892) STACCATO}
INFO  [可惜没如果钢琴谱#7]                      Book 2584 | Book{可惜没如果钢琴谱} storing
INFO  [可惜没如果钢琴谱#7]                      Book 2565 | Stored /book.xml
INFO  [可惜没如果钢琴谱#7]                DataHolder 348  | Stored /sheet#7/BINARY.png
INFO  [可惜没如果钢琴谱#7]                     Sheet 1583 | Stored /sheet#7/sheet#7.xml
INFO  [可惜没如果钢琴谱#7]                      Book 2525 | Book stored as E:\Repositories\robianist\tmp\pdfs\recognized\可惜没如果钢琴谱.omr
INFO  [可惜没如果钢琴谱#7]                 SheetStub 1655 | Sheet#7 disposed
INFO  [可惜没如果钢琴谱#7]                      Book 2050 | End of Stub#7
INFO  [可惜没如果钢琴谱]                      Book 2057 | End of Book{可惜没如果钢琴谱}
INFO  [可惜没如果钢琴谱]                 SheetStub 1000 | Loaded /sheet#1/sheet#1.xml
INFO  [可惜没如果钢琴谱]                 SheetStub 1000 | Loaded /sheet#2/sheet#2.xml
INFO  [可惜没如果钢琴谱]                 SheetStub 1000 | Loaded /sheet#3/sheet#3.xml
INFO  [可惜没如果钢琴谱]                 SheetStub 1000 | Loaded /sheet#4/sheet#4.xml
INFO  [可惜没如果钢琴谱]                 SheetStub 1000 | Loaded /sheet#5/sheet#5.xml
INFO  [可惜没如果钢琴谱]                 SheetStub 1000 | Loaded /sheet#6/sheet#6.xml
INFO  [可惜没如果钢琴谱]                 SheetStub 1000 | Loaded /sheet#7/sheet#7.xml
INFO  [可惜没如果钢琴谱]           PartwiseBuilder 2707 | Exporting sheet(s): [#1#2#3#4#5#6#7]
WARN  [可惜没如果钢琴谱]           PartwiseBuilder 980  | Measure{#11} Multirest with no measure count, using default value 1
WARN  [可惜没如果钢琴谱]           PartwiseBuilder 980  | Measure{#12} Multirest with no measure count, using default value 1
INFO  [可惜没如果钢琴谱]             ScoreExporter 164  | Score 可惜没如果钢琴谱 exported to E:\Repositories\robianist\tmp\pdfs\recognized\可惜没如果钢琴谱.mxl
INFO  [可惜没如果钢琴谱]                     Score 181  | Closing {Score 1}
