2026-09-15 15:57:38,525 INFO [clean-score]                 Book.java:560  | 7 sheets in E:\Repositories\robianist\tmp\pdfs\clean-score.tif
2026-09-15 15:57:38,697 INFO []                 Book.java:2565 | Stored /book.xml
2026-09-15 15:57:38,697 INFO []                 Book.java:2525 | Book stored as E:\Repositories\robianist\tmp\pdfs\clean-recognized\clean-score.omr
2026-09-15 15:57:38,701 INFO []                 Book.java:1929 | Book reaching PAGE on sheets:[#1#2#3#4#5#6#7]
2026-09-15 15:57:38,703 INFO [clean-score#1]       StepMonitoring.java:98   | LOAD
2026-09-15 15:57:38,740 INFO [clean-score#1]            SheetStub.java:1278 | Loaded image #1 2299x3251 from E:\Repositories\robianist\tmp\pdfs\clean-score.tif
2026-09-15 15:57:38,743 INFO [clean-score#1]       StepMonitoring.java:98   | BINARY
2026-09-15 15:57:39,255 INFO [clean-score#1]       StepMonitoring.java:98   | SCALE
2026-09-15 15:57:39,280 INFO [clean-score#1]         ScaleBuilder.java:254  | Beam  guessed height: 11 -- 0.25 of [9..18] range
2026-09-15 15:57:39,281 INFO [clean-score#1]         ScaleBuilder.java:271  | Beam measured height: 10 -- 0.11 of [9..18] range at 557% of needed quorum
2026-09-15 15:57:39,281 INFO [clean-score#1]         ScaleBuilder.java:401  | Normalized black jitter: 10.53 %
2026-09-15 15:57:39,281 INFO [clean-score#1]            ScaleStep.java:65   | Scale{ interline(19,19,20) line(1,2,3) beam(10)}
2026-09-15 15:57:39,282 INFO [clean-score#1]       StepMonitoring.java:98   | GRID
2026-09-15 15:57:39,748 INFO [clean-score#1]       LinesRetriever.java:1508 | Global slope: 0.00000
2026-09-15 15:57:39,795 INFO [clean-score#1]    ClustersRetriever.java:326  | Retrieved raw line clusters: 8 of sizes [5] with interline(19,19,20)
2026-09-15 15:57:40,060 INFO [clean-score#1]            PeakGraph.java:310  | Systems: #1[1, 2] #2[3, 4] #3[5, 6] #4[7, 8]
2026-09-15 15:57:40,353 INFO [clean-score#1]        SystemManager.java:800  | 1 part along 4 systems
2026-09-15 15:57:40,354 INFO [clean-score#1]                 Book.java:543  | Created scores: [{Score 1}]
2026-09-15 15:57:40,355 INFO [clean-score#1]       StepMonitoring.java:98   | HEADERS
2026-09-15 15:57:41,269 INFO [clean-score#1]       StepMonitoring.java:98   | STEM_SEEDS
2026-09-15 15:57:41,325 INFO [clean-score#1]        StemSeedsStep.java:86   | stem(2 max:4)
2026-09-15 15:57:41,388 INFO [clean-score#1]       StepMonitoring.java:98   | BEAMS
2026-09-15 15:57:43,470 INFO [clean-score#1]       StepMonitoring.java:98   | LEDGERS
2026-09-15 15:57:43,741 INFO [clean-score#1]       StepMonitoring.java:98   | HEADS
2026-09-15 15:57:46,983 INFO [clean-score#1]        HeadSeedTally.java:235  | Scale information: HeadSeeds{NOTEHEAD_BLACK[L:0.2,R:0.3]}
2026-09-15 15:57:46,984 INFO [clean-score#1]       StepMonitoring.java:98   | STEMS
2026-09-15 15:57:47,702 INFO [clean-score#1]       StepMonitoring.java:98   | REDUCTION
2026-09-15 15:57:47,796 INFO [clean-score#1]        ReductionStep.java:105  | Stems free length median value: 65 pixels, 3.4 interlines
2026-09-15 15:57:47,801 INFO [clean-score#1]       StepMonitoring.java:98   | CUE_BEAMS
2026-09-15 15:57:47,802 INFO [clean-score#1]         CueBeamsStep.java:81   | Step CUE_BEAMS is skipped because small heads switch is off
2026-09-15 15:57:47,802 INFO [clean-score#1]       StepMonitoring.java:98   | TEXTS
2026-09-15 15:57:47,804 WARN [clean-score#1]            TextsStep.java:97   | TEXTS step: No OCR is available!
2026-09-15 15:57:47,813 INFO [clean-score#1]       StepMonitoring.java:98   | MEASURES
2026-09-15 15:57:47,823 INFO [clean-score#1]                 Page.java:307  | 13 raw measures: [4 in system#1, 3 in system#2, 3 in system#3, 3 in system#4]
2026-09-15 15:57:47,823 INFO [clean-score#1]       StepMonitoring.java:98   | CHORDS
2026-09-15 15:57:47,839 INFO [clean-score#1]       StepMonitoring.java:98   | CURVES
2026-09-15 15:57:48,582 INFO [clean-score#1]         SlursBuilder.java:240  | Slurs: 9
2026-09-15 15:57:48,602 INFO [clean-score#1]      SegmentsBuilder.java:155  | Segments: 9
2026-09-15 15:57:48,615 INFO [clean-score#1]       StepMonitoring.java:98   | SYMBOLS
2026-09-15 15:57:49,986 INFO [clean-score#1]       StepMonitoring.java:98   | LINKS
2026-09-15 15:57:49,991 INFO [clean-score#1]        SymbolsLinker.java:258  | No chord linked to OctaveShiftInter#5554{(0.602) staff:2 OTTAVA BASSA} at java.awt.Point[x=1504,y=1217]
2026-09-15 15:57:50,011 INFO [clean-score#1]        SymbolsLinker.java:258  | No chord linked to OctaveShiftInter#5635{(0.640) staff:4 OTTAVA BASSA} at java.awt.Point[x=251,y=1891]
2026-09-15 15:57:50,012 INFO [clean-score#1]             KeyInter.java:1198 | No effective key before AlterInter#5720{(0.248) staff:4 NATURAL pitch:-1.0}
2026-09-15 15:57:50,013 INFO [clean-score#1]             KeyInter.java:1198 | No effective key before AlterInter#5810{(0.295) staff:4 NATURAL pitch:-1.0}
2026-09-15 15:57:50,013 INFO [clean-score#1]             KeyInter.java:1198 | No effective key before AlterInter#5885{(0.296) staff:4 NATURAL pitch:3.0}
2026-09-15 15:57:50,026 INFO [clean-score#1]        SymbolsLinker.java:258  | No chord linked to OctaveShiftInter#5912{(0.640) staff:5 OTTAVA ALTA} at java.awt.Point[x=251,y=1891]
2026-09-15 15:57:50,042 INFO [clean-score#1]       StepMonitoring.java:98   | RHYTHMS
2026-09-15 15:57:50,072 INFO [clean-score#1]        MeasureRhythm.java:1044 | Measure{#3} No timeOffset for HeadChordInter#4545{(0.916/0.916) staff:1 slot#10 dur:1/8}
2026-09-15 15:57:50,072 INFO [clean-score#1]                Voice.java:257  | Measure{#3} Voice{#1 excess:1/4} too long
2026-09-15 15:57:50,073 INFO [clean-score#1]          StackRhythm.java:224  | S1 MeasureStack#3 no correct rhythm
2026-09-15 15:57:50,083 INFO [clean-score#1]        MeasureRhythm.java:1276 | Measure{#5} Time inconsistency in {1/8=[HeadChordInter#4559{(0.952/0.952) staff:3 slot#3 off:1/8 dur:1/16}], 3/8=[HeadChordInter#4588{(0.913/0.913) staff:4 slot#3 off:3/8 dur:1/16}]}
2026-09-15 15:57:50,084 INFO [clean-score#1]        MeasureRhythm.java:1276 | Measure{#5} Time inconsistency in {3/16=[HeadChordInter#4560{(0.883/0.883) staff:3 slot#4 off:3/16 dur:1/16}], 7/16=[HeadChordInter#4589{(0.929/0.929) staff:4 slot#4 off:7/16 dur:1/16}]}
2026-09-15 15:57:50,086 INFO [clean-score#1]                Voice.java:257  | Measure{#5} Voice{#5 excess:1/4} too long
2026-09-15 15:57:50,086 INFO [clean-score#1]                Voice.java:257  | Measure{#5} Voice{#6 excess:1/4} too long
2026-09-15 15:57:50,086 INFO [clean-score#1]                Voice.java:257  | Measure{#5} Voice{#7 excess:1/4} too long
2026-09-15 15:57:50,087 INFO [clean-score#1]          StackRhythm.java:224  | S2 MeasureStack#5 no correct rhythm
2026-09-15 15:57:50,095 INFO [clean-score#1]        MeasureRhythm.java:1044 | Measure{#7} No timeOffset for HeadChordInter#4606{(0.585/0.585) staff:4 slot#2 dur:1/2}
2026-09-15 15:57:50,096 INFO [clean-score#1]   AbstractChordInter.java:635  | Measure{#7} No timeOffset for HeadChordInter#4606{(0.585/0.585) staff:4 slot#2 dur:1/2}
2026-09-15 15:57:50,097 INFO [clean-score#1]   AbstractChordInter.java:635  | Measure{#7} No timeOffset for HeadChordInter#4606{(0.585/0.585) staff:4 slot#2 dur:1/2}
2026-09-15 15:57:50,098 INFO [clean-score#1]   AbstractChordInter.java:635  | Measure{#7} No timeOffset for HeadChordInter#4613{(0.947/0.947) staff:4 slot#9 dur:1/16}
2026-09-15 15:57:50,099 INFO [clean-score#1]          StackRhythm.java:224  | S2 MeasureStack#7 no correct rhythm
2026-09-15 15:57:50,102 INFO [clean-score#1]        MeasureRhythm.java:1044 | Measure{#8} No timeOffset for HeadChordInter#4635{(0.594/0.594) staff:6 slot#2 dur:1/4}
2026-09-15 15:57:50,102 INFO [clean-score#1]   AbstractChordInter.java:635  | Measure{#8} No timeOffset for HeadChordInter#4635{(0.594/0.594) staff:6 slot#2 dur:1/4}
2026-09-15 15:57:50,103 INFO [clean-score#1]   AbstractChordInter.java:635  | Measure{#8} No timeOffset for HeadChordInter#4639{(0.912/0.912) staff:6 slot#6 dur:1/8}
2026-09-15 15:57:50,104 INFO [clean-score#1]          StackRhythm.java:224  | S3 MeasureStack#8 no correct rhythm
2026-09-15 15:57:50,123 INFO [clean-score#1]       StepMonitoring.java:98   | PAGE
2026-09-15 15:57:50,131 INFO [clean-score#1]                Voice.java:257  | Measure{#3} Voice{#1 excess:1/4} too long
2026-09-15 15:57:50,132 INFO [clean-score#1]                Voice.java:257  | Measure{#5} Voice{#5 excess:1/4} too long
2026-09-15 15:57:50,132 INFO [clean-score#1]                Voice.java:257  | Measure{#5} Voice{#6 excess:1/4} too long
2026-09-15 15:57:50,132 INFO [clean-score#1]                Voice.java:257  | Measure{#5} Voice{#5 excess:1/4} too long
2026-09-15 15:57:50,134 INFO [clean-score#1]                 Book.java:2584 | Book{clean-score} storing
2026-09-15 15:57:50,178 INFO [clean-score#1]                 Book.java:2565 | Stored /book.xml
2026-09-15 15:57:50,276 INFO [clean-score#1]           DataHolder.java:348  | Stored /sheet#1/BINARY.png
2026-09-15 15:57:50,881 INFO [clean-score#1]                Sheet.java:1583 | Stored /sheet#1/sheet#1.xml
2026-09-15 15:57:50,881 INFO [clean-score#1]                 Book.java:2525 | Book stored as E:\Repositories\robianist\tmp\pdfs\clean-recognized\clean-score.omr
2026-09-15 15:57:50,887 INFO [clean-score#1]            SheetStub.java:1655 | Sheet#1 disposed
2026-09-15 15:57:50,928 INFO [clean-score#1]                 Book.java:2050 | End of Stub#1
2026-09-15 15:57:50,930 INFO [clean-score#2]       StepMonitoring.java:98   | LOAD
2026-09-15 15:57:50,942 INFO [clean-score#2]            SheetStub.java:1278 | Loaded image #2 2299x3248 from E:\Repositories\robianist\tmp\pdfs\clean-score.tif
2026-09-15 15:57:50,943 INFO [clean-score#2]       StepMonitoring.java:98   | BINARY
2026-09-15 15:57:51,352 INFO [clean-score#2]       StepMonitoring.java:98   | SCALE
2026-09-15 15:57:51,359 INFO [clean-score#2]         ScaleBuilder.java:254  | Beam  guessed height: 11 -- 0.25 of [9..18] range
2026-09-15 15:57:51,359 INFO [clean-score#2]         ScaleBuilder.java:271  | Beam measured height: 10 -- 0.11 of [9..18] range at 722% of needed quorum
2026-09-15 15:57:51,359 INFO [clean-score#2]         ScaleBuilder.java:401  | Normalized black jitter: 15.79 %
2026-09-15 15:57:51,359 INFO [clean-score#2]            ScaleStep.java:65   | Scale{ interline(18,19,20) line(1,1,4) beam(10)}
2026-09-15 15:57:51,359 INFO [clean-score#2]       StepMonitoring.java:98   | GRID
2026-09-15 15:57:51,471 INFO [clean-score#2]       LinesRetriever.java:1508 | Global slope: 0.00000
2026-09-15 15:57:51,483 INFO [clean-score#2]    ClustersRetriever.java:326  | Retrieved raw line clusters: 9 of sizes [5] with interline(18,19,20)
2026-09-15 15:57:51,704 INFO [clean-score#2]            PeakGraph.java:310  | Systems: #1[1, 2] #2[3, 4] #3[5] #4[6, 7] #5[8, 9]
2026-09-15 15:57:51,982 INFO [clean-score#2]        SystemManager.java:800  | 2 parts along 5 systems
2026-09-15 15:57:51,983 INFO [clean-score#2]       StepMonitoring.java:98   | HEADERS
2026-09-15 15:57:52,147 INFO [clean-score#2]       StepMonitoring.java:98   | STEM_SEEDS
2026-09-15 15:57:52,178 INFO [clean-score#2]        StemSeedsStep.java:86   | stem(2 max:4)
2026-09-15 15:57:52,192 INFO [clean-score#2]       StepMonitoring.java:98   | BEAMS
2026-09-15 15:57:54,220 INFO [clean-score#2]       StepMonitoring.java:98   | LEDGERS
2026-09-15 15:57:54,429 INFO [clean-score#2]       StepMonitoring.java:98   | HEADS
2026-09-15 15:57:57,507 INFO [clean-score#2]        HeadSeedTally.java:235  | Scale information: HeadSeeds{NOTEHEAD_BLACK[L:0.3,R:0.2]}
2026-09-15 15:57:57,508 INFO [clean-score#2]       StepMonitoring.java:98   | STEMS
2026-09-15 15:57:57,974 INFO [clean-score#2]       StepMonitoring.java:98   | REDUCTION
2026-09-15 15:57:58,032 INFO [clean-score#2]        ReductionStep.java:105  | Stems free length median value: 67 pixels, 3.5 interlines
2026-09-15 15:57:58,037 INFO [clean-score#2]       StepMonitoring.java:98   | CUE_BEAMS
2026-09-15 15:57:58,038 INFO [clean-score#2]         CueBeamsStep.java:81   | Step CUE_BEAMS is skipped because small heads switch is off
2026-09-15 15:57:58,038 INFO [clean-score#2]       StepMonitoring.java:98   | TEXTS
2026-09-15 15:57:58,039 WARN [clean-score#2]            TextsStep.java:97   | TEXTS step: No OCR is available!
2026-09-15 15:57:58,041 INFO [clean-score#2]       StepMonitoring.java:98   | MEASURES
2026-09-15 15:57:58,042 INFO [clean-score#2]      MeasuresBuilder.java:416  | S1 partial barline column: s1:G(x:241,y:374)[152]
2026-09-15 15:57:58,043 INFO [clean-score#2]      MeasuresBuilder.java:428  | S1 deleting   half column: s1:G(x:241,y:374)[152]
2026-09-15 15:57:58,043 INFO [clean-score#2]      MeasuresBuilder.java:416  | S1 partial barline column: s2:G(x:1344,y:632)[153]
2026-09-15 15:57:58,043 INFO [clean-score#2]      MeasuresBuilder.java:428  | S1 deleting   half column: s2:G(x:1344,y:632)[153]
2026-09-15 15:57:58,044 INFO [clean-score#2]      MeasuresBuilder.java:416  | S4 partial barline column: s7:G(x:1378,y:2388)[68]
2026-09-15 15:57:58,044 INFO [clean-score#2]      MeasuresBuilder.java:428  | S4 deleting   half column: s7:G(x:1378,y:2388)[68]
2026-09-15 15:57:58,045 INFO [clean-score#2]                 Page.java:307  | 12 raw measures: [2 in system#1, 3 in system#2, 1 in system#3, 3 in system#4, 3 in system#5]
2026-09-15 15:57:58,046 INFO [clean-score#2]       StepMonitoring.java:98   | CHORDS
2026-09-15 15:57:58,053 INFO [clean-score#2]       StepMonitoring.java:98   | CURVES
2026-09-15 15:57:58,867 INFO [clean-score#2]         SlursBuilder.java:240  | Slurs: 33
2026-09-15 15:57:59,071 INFO [clean-score#2]      SegmentsBuilder.java:155  | Segments: 28
2026-09-15 15:57:59,082 INFO [clean-score#2]       StepMonitoring.java:98   | SYMBOLS
2026-09-15 15:57:59,773 INFO [clean-score#2]       StepMonitoring.java:98   | LINKS
2026-09-15 15:57:59,812 INFO [clean-score#2]             KeyInter.java:1198 | No effective key before AlterInter#7452{(0.794) staff:8 NATURAL pitch:2.0}
2026-09-15 15:57:59,813 INFO [clean-score#2]             KeyInter.java:1198 | No effective key before AlterInter#7454{(0.792) staff:9 NATURAL pitch:4.0}
2026-09-15 15:57:59,814 INFO [clean-score#2]             KeyInter.java:1198 | No effective key before AlterInter#7463{(0.798) staff:9 NATURAL pitch:-3.0}
2026-09-15 15:57:59,831 INFO [clean-score#2]       StepMonitoring.java:98   | RHYTHMS
2026-09-15 15:57:59,831 INFO [clean-score#2]           PageRhythm.java:199  | {Page#2.1} Time value reused from sheet#1
2026-09-15 15:57:59,835 INFO [clean-score#2]        MeasureRhythm.java:1044 | Measure{#1P1} No timeOffset for HeadChordInter#5848{(0.914/0.914) staff:1 slot#8 dur:1/8}
2026-09-15 15:57:59,836 INFO [clean-score#2]   AbstractChordInter.java:635  | Measure{#1P1} No timeOffset for HeadChordInter#5851{(0.868/0.868) staff:1 slot#11 dur:1/2}
2026-09-15 15:57:59,836 INFO [clean-score#2]                Voice.java:257  | Measure{#1P1} Voice{#1 excess:1/4} too long
2026-09-15 15:57:59,837 INFO [clean-score#2]          StackRhythm.java:224  | S1 MeasureStack#1 no correct rhythm
2026-09-15 15:57:59,855 INFO [clean-score#2]        MeasureRhythm.java:1044 | Measure{#6} No timeOffset for HeadChordInter#5926{(0.953/0.953) staff:5 slot#8 dur:1/8}
2026-09-15 15:57:59,856 INFO [clean-score#2]   AbstractChordInter.java:635  | Measure{#6} No timeOffset for HeadChordInter#5935{(0.954/0.954) staff:5 slot#17 dur:1/4}
2026-09-15 15:57:59,856 INFO [clean-score#2]                Voice.java:257  | Measure{#6} Voice{#1 excess:1/2} too long
2026-09-15 15:57:59,856 INFO [clean-score#2]          StackRhythm.java:224  | S3 MeasureStack#6 no correct rhythm
2026-09-15 15:57:59,863 INFO [clean-score#2]                Voice.java:257  | Measure{#8} Voice{#6 excess:1/8} too long
2026-09-15 15:57:59,863 INFO [clean-score#2]          StackRhythm.java:224  | S4 MeasureStack#8 no correct rhythm
2026-09-15 15:57:59,874 INFO [clean-score#2]        MeasureRhythm.java:1044 | Measure{#11} No timeOffset for RestChordInter#7484{(0.788/0.788) staff:8 slot#13 dur:1/2}
2026-09-15 15:57:59,874 INFO [clean-score#2]          StackRhythm.java:224  | S5 MeasureStack#11 no correct rhythm
2026-09-15 15:57:59,878 INFO [clean-score#2]       StepMonitoring.java:98   | PAGE
2026-09-15 15:57:59,879 INFO [clean-score#2]       SheetReduction.java:154  | Gutter. Different glyphs 3/4 WedgeInter#6637{(0.743/0.743) CRESCENDO} vs EndingInter#6641{(0.724/0.936) staff:6 ENDING_WRL}
2026-09-15 15:57:59,879 INFO [clean-score#2]       SheetReduction.java:154  | Gutter. Different glyphs 3/4 DynamicsInter#7355{(0.795/0.929) DYNAMICS_MF} vs EndingInter#6641{(0.724/0.936) staff:6 ENDING_WRL}
2026-09-15 15:57:59,880 INFO [clean-score#2]       SheetReduction.java:154  | Gutter. Different glyphs 3/4 BeamInter#1499{(0.694/0.964) BEAM} vs EndingInter#6641{(0.724/0.936) staff:6 ENDING_WRL}
2026-09-15 15:57:59,880 INFO [clean-score#2]                Voice.java:257  | Measure{#1P1} Voice{#1 excess:1/4} too long
2026-09-15 15:57:59,881 INFO [clean-score#2]                Voice.java:257  | Measure{#6} Voice{#1 excess:1/2} too long
2026-09-15 15:57:59,881 INFO [clean-score#2]                Voice.java:257  | Measure{#8} Voice{#6 excess:1/8} too long
2026-09-15 15:57:59,882 INFO [clean-score#2]                 Book.java:2584 | Book{clean-score} storing
2026-09-15 15:57:59,930 INFO [clean-score#2]                 Book.java:2565 | Stored /book.xml
2026-09-15 15:58:00,004 INFO [clean-score#2]           DataHolder.java:348  | Stored /sheet#2/BINARY.png
2026-09-15 15:58:00,333 INFO [clean-score#2]                Sheet.java:1583 | Stored /sheet#2/sheet#2.xml
2026-09-15 15:58:00,334 INFO [clean-score#2]                 Book.java:2525 | Book stored as E:\Repositories\robianist\tmp\pdfs\clean-recognized\clean-score.omr
2026-09-15 15:58:00,338 INFO [clean-score#2]            SheetStub.java:1655 | Sheet#2 disposed
2026-09-15 15:58:00,363 INFO [clean-score#2]                 Book.java:2050 | End of Stub#2
2026-09-15 15:58:00,364 INFO [clean-score#3]       StepMonitoring.java:98   | LOAD
2026-09-15 15:58:00,372 INFO [clean-score#3]            SheetStub.java:1278 | Loaded image #3 2299x3246 from E:\Repositories\robianist\tmp\pdfs\clean-score.tif
2026-09-15 15:58:00,372 INFO [clean-score#3]       StepMonitoring.java:98   | BINARY
2026-09-15 15:58:00,769 INFO [clean-score#3]       StepMonitoring.java:98   | SCALE
2026-09-15 15:58:00,774 INFO [clean-score#3]         ScaleBuilder.java:254  | Beam  guessed height: 11 -- 0.25 of [9..18] range
2026-09-15 15:58:00,774 INFO [clean-score#3]         ScaleBuilder.java:271  | Beam measured height: 10 -- 0.11 of [9..18] range at 809% of needed quorum
2026-09-15 15:58:00,774 INFO [clean-score#3]         ScaleBuilder.java:401  | Normalized black jitter: 10.53 %
2026-09-15 15:58:00,774 INFO [clean-score#3]            ScaleStep.java:65   | Scale{ interline(18,19,20) line(1,1,3) beam(10)}
2026-09-15 15:58:00,774 INFO [clean-score#3]       StepMonitoring.java:98   | GRID
2026-09-15 15:58:00,849 INFO [clean-score#3]       LinesRetriever.java:1508 | Global slope: 0.00000
2026-09-15 15:58:00,858 INFO [clean-score#3]    ClustersRetriever.java:326  | Retrieved raw line clusters: 7 of sizes [5] with interline(18,19,20)
2026-09-15 15:58:00,946 INFO [clean-score#3]            PeakGraph.java:310  | Systems: #1[1, 2] #2[3, 4] #3[5, 6] #4[7]
2026-09-15 15:58:01,090 INFO [clean-score#3]        SystemManager.java:800  | 1 part along 4 systems
2026-09-15 15:58:01,091 INFO [clean-score#3]       StepMonitoring.java:98   | HEADERS
2026-09-15 15:58:01,186 INFO [clean-score#3]       StepMonitoring.java:98   | STEM_SEEDS
2026-09-15 15:58:01,211 INFO [clean-score#3]        StemSeedsStep.java:86   | stem(2 max:4)
2026-09-15 15:58:01,224 INFO [clean-score#3]       StepMonitoring.java:98   | BEAMS
2026-09-15 15:58:03,240 INFO [clean-score#3]       StepMonitoring.java:98   | LEDGERS
2026-09-15 15:58:03,500 INFO [clean-score#3]       StepMonitoring.java:98   | HEADS
2026-09-15 15:58:06,083 INFO [clean-score#3]        HeadSeedTally.java:235  | Scale information: HeadSeeds{NOTEHEAD_BLACK[L:0.1,R:0.1]}
2026-09-15 15:58:06,084 INFO [clean-score#3]       StepMonitoring.java:98   | STEMS
2026-09-15 15:58:06,858 INFO [clean-score#3]       StepMonitoring.java:98   | REDUCTION
2026-09-15 15:58:06,905 INFO [clean-score#3]        ReductionStep.java:105  | Stems free length median value: 66 pixels, 3.5 interlines
2026-09-15 15:58:06,907 INFO [clean-score#3]       StepMonitoring.java:98   | CUE_BEAMS
2026-09-15 15:58:06,907 INFO [clean-score#3]         CueBeamsStep.java:81   | Step CUE_BEAMS is skipped because small heads switch is off
2026-09-15 15:58:06,907 INFO [clean-score#3]       StepMonitoring.java:98   | TEXTS
2026-09-15 15:58:06,907 WARN [clean-score#3]            TextsStep.java:97   | TEXTS step: No OCR is available!
2026-09-15 15:58:06,908 INFO [clean-score#3]       StepMonitoring.java:98   | MEASURES
2026-09-15 15:58:06,910 INFO [clean-score#3]                 Page.java:307  | 10 raw measures: [3 in system#1, 3 in system#2, 3 in system#3, 1 in system#4]
2026-09-15 15:58:06,910 INFO [clean-score#3]       StepMonitoring.java:98   | CHORDS
2026-09-15 15:58:06,914 INFO [clean-score#3]       StepMonitoring.java:98   | CURVES
2026-09-15 15:58:07,367 INFO [clean-score#3]         SlursBuilder.java:240  | Slurs: 37
2026-09-15 15:58:07,452 INFO [clean-score#3]      SegmentsBuilder.java:155  | Segments: 15
2026-09-15 15:58:07,453 INFO [clean-score#3]       StepMonitoring.java:98   | SYMBOLS
2026-09-15 15:58:08,182 INFO [clean-score#3]       StepMonitoring.java:98   | LINKS
2026-09-15 15:58:08,193 INFO [clean-score#3]        SymbolsLinker.java:258  | No chord linked to OctaveShiftInter#6897{(0.634) staff:4 OTTAVA BASSA} at java.awt.Point[x=273,y=2027]
2026-09-15 15:58:08,201 INFO [clean-score#3]        SymbolsLinker.java:258  | No chord linked to OctaveShiftInter#6939{(0.634) staff:5 OTTAVA ALTA} at java.awt.Point[x=273,y=2027]
2026-09-15 15:58:08,215 INFO [clean-score#3]       StepMonitoring.java:98   | RHYTHMS
2026-09-15 15:58:08,216 INFO [clean-score#3]           PageRhythm.java:199  | {Page#3.1} Time value reused from sheet#1
2026-09-15 15:58:08,238 INFO [clean-score#3]        MeasureRhythm.java:1044 | Measure{#10} No timeOffset for HeadChordInter#5757{(0.911/0.911) staff:7 slot#13 dur:1/16}
2026-09-15 15:58:08,239 INFO [clean-score#3]                Voice.java:257  | Measure{#10} Voice{#1 excess:3/4} too long
2026-09-15 15:58:08,239 INFO [clean-score#3]          StackRhythm.java:224  | S4 MeasureStack#10 no correct rhythm
2026-09-15 15:58:08,239 INFO [clean-score#3]       StepMonitoring.java:98   | PAGE
2026-09-15 15:58:08,241 INFO [clean-score#3]                Voice.java:257  | Measure{#10} Voice{#1 excess:3/4} too long
2026-09-15 15:58:08,242 INFO [clean-score#3]                 Book.java:2584 | Book{clean-score} storing
2026-09-15 15:58:08,296 INFO [clean-score#3]                 Book.java:2565 | Stored /book.xml
2026-09-15 15:58:08,364 INFO [clean-score#3]           DataHolder.java:348  | Stored /sheet#3/BINARY.png
2026-09-15 15:58:08,655 INFO [clean-score#3]                Sheet.java:1583 | Stored /sheet#3/sheet#3.xml
2026-09-15 15:58:08,655 INFO [clean-score#3]                 Book.java:2525 | Book stored as E:\Repositories\robianist\tmp\pdfs\clean-recognized\clean-score.omr
2026-09-15 15:58:08,662 INFO [clean-score#3]            SheetStub.java:1655 | Sheet#3 disposed
2026-09-15 15:58:08,685 INFO [clean-score#3]                 Book.java:2050 | End of Stub#3
2026-09-15 15:58:08,685 INFO [clean-score#4]       StepMonitoring.java:98   | LOAD
2026-09-15 15:58:08,692 INFO [clean-score#4]            SheetStub.java:1278 | Loaded image #4 2299x3248 from E:\Repositories\robianist\tmp\pdfs\clean-score.tif
2026-09-15 15:58:08,693 INFO [clean-score#4]       StepMonitoring.java:98   | BINARY
2026-09-15 15:58:09,073 INFO [clean-score#4]       StepMonitoring.java:98   | SCALE
2026-09-15 15:58:09,075 INFO [clean-score#4]         ScaleBuilder.java:254  | Beam  guessed height: 11 -- 0.25 of [9..18] range
2026-09-15 15:58:09,076 INFO [clean-score#4]         ScaleBuilder.java:271  | Beam measured height: 10 -- 0.11 of [9..18] range at 846% of needed quorum
2026-09-15 15:58:09,076 INFO [clean-score#4]         ScaleBuilder.java:401  | Normalized black jitter: 15.79 %
2026-09-15 15:58:09,076 INFO [clean-score#4]            ScaleStep.java:65   | Scale{ interline(18,19,20) line(1,2,4) beam(10)}
2026-09-15 15:58:09,076 INFO [clean-score#4]       StepMonitoring.java:98   | GRID
2026-09-15 15:58:09,151 INFO [clean-score#4]       LinesRetriever.java:1508 | Global slope: 0.00000
2026-09-15 15:58:09,158 INFO [clean-score#4]    ClustersRetriever.java:326  | Retrieved raw line clusters: 10 of sizes [5] with interline(18,19,20)
2026-09-15 15:58:09,245 INFO [clean-score#4]            PeakGraph.java:310  | Systems: #1[1, 2] #2[3, 4] #3[5, 6] #4[7, 8] #5[9, 10]
2026-09-15 15:58:09,426 INFO [clean-score#4]        SystemManager.java:800  | 1 part along 5 systems
2026-09-15 15:58:09,427 INFO [clean-score#4]       StepMonitoring.java:98   | HEADERS
2026-09-15 15:58:09,616 INFO [clean-score#4]       StepMonitoring.java:98   | STEM_SEEDS
2026-09-15 15:58:09,641 INFO [clean-score#4]        StemSeedsStep.java:86   | stem(2 max:4)
2026-09-15 15:58:09,650 INFO [clean-score#4]       StepMonitoring.java:98   | BEAMS
2026-09-15 15:58:11,609 INFO [clean-score#4]       StepMonitoring.java:98   | LEDGERS
2026-09-15 15:58:11,759 INFO [clean-score#4]       StepMonitoring.java:98   | HEADS
2026-09-15 15:58:15,679 INFO [clean-score#4]        HeadSeedTally.java:235  | Scale information: HeadSeeds{NOTEHEAD_VOID[R:-0.2] NOTEHEAD_BLACK[L:-0.2,R:0.2]}
2026-09-15 15:58:15,680 INFO [clean-score#4]       StepMonitoring.java:98   | STEMS
2026-09-15 15:58:16,372 INFO [clean-score#4]       StepMonitoring.java:98   | REDUCTION
2026-09-15 15:58:16,453 INFO [clean-score#4]        ReductionStep.java:105  | Stems free length median value: 63 pixels, 3.3 interlines
2026-09-15 15:58:16,455 INFO [clean-score#4]       StepMonitoring.java:98   | CUE_BEAMS
2026-09-15 15:58:16,456 INFO [clean-score#4]         CueBeamsStep.java:81   | Step CUE_BEAMS is skipped because small heads switch is off
2026-09-15 15:58:16,456 INFO [clean-score#4]       StepMonitoring.java:98   | TEXTS
2026-09-15 15:58:16,456 WARN [clean-score#4]            TextsStep.java:97   | TEXTS step: No OCR is available!
2026-09-15 15:58:16,458 INFO [clean-score#4]       StepMonitoring.java:98   | MEASURES
2026-09-15 15:58:16,460 INFO [clean-score#4]                 Page.java:307  | 13 raw measures: [2 in system#1, 2 in system#2, 3 in system#3, 3 in system#4, 3 in system#5]
2026-09-15 15:58:16,460 INFO [clean-score#4]       StepMonitoring.java:98   | CHORDS
2026-09-15 15:58:16,465 INFO [clean-score#4]       StepMonitoring.java:98   | CURVES
2026-09-15 15:58:17,008 INFO [clean-score#4]         SlursBuilder.java:240  | Slurs: 42
2026-09-15 15:58:17,013 INFO [clean-score#4]      SegmentsBuilder.java:155  | Segments: 21
2026-09-15 15:58:17,013 INFO [clean-score#4]       StepMonitoring.java:98   | SYMBOLS
2026-09-15 15:58:18,048 INFO [clean-score#4]       StepMonitoring.java:98   | LINKS
2026-09-15 15:58:18,049 INFO [clean-score#4]             KeyInter.java:1198 | No effective key before AlterInter#7651{(0.792) staff:1 NATURAL pitch:2.0}
2026-09-15 15:58:18,062 INFO [clean-score#4]        SymbolsLinker.java:258  | No chord linked to OctaveShiftInter#7726{(0.211) staff:6 OTTAVA BASSA} at java.awt.Point[x=273,y=2026]
2026-09-15 15:58:18,071 INFO [clean-score#4]        SymbolsLinker.java:258  | No chord linked to OctaveShiftInter#7848{(0.211) staff:7 OTTAVA ALTA} at java.awt.Point[x=273,y=2026]
2026-09-15 15:58:18,093 INFO [clean-score#4]       StepMonitoring.java:98   | RHYTHMS
2026-09-15 15:58:18,093 INFO [clean-score#4]           PageRhythm.java:199  | {Page#4.1} Time value reused from sheet#1
2026-09-15 15:58:18,103 INFO [clean-score#4]        MeasureRhythm.java:1276 | Measure{#4} Time inconsistency in {1/8=[HeadChordInter#6304{(0.937/0.937) staff:3 slot#3 off:1/8 dur:1/16}], 3/16=[HeadChordInter#6331{(0.945/0.945) staff:4 slot#3 off:3/16 dur:1/16}]}
2026-09-15 15:58:18,120 INFO [clean-score#4]       StepMonitoring.java:98   | PAGE
2026-09-15 15:58:18,122 INFO [clean-score#4]                 Book.java:2584 | Book{clean-score} storing
2026-09-15 15:58:18,175 INFO [clean-score#4]                 Book.java:2565 | Stored /book.xml
2026-09-15 15:58:18,242 INFO [clean-score#4]           DataHolder.java:348  | Stored /sheet#4/BINARY.png
2026-09-15 15:58:18,581 INFO [clean-score#4]                Sheet.java:1583 | Stored /sheet#4/sheet#4.xml
2026-09-15 15:58:18,581 INFO [clean-score#4]                 Book.java:2525 | Book stored as E:\Repositories\robianist\tmp\pdfs\clean-recognized\clean-score.omr
2026-09-15 15:58:18,589 INFO [clean-score#4]            SheetStub.java:1655 | Sheet#4 disposed
2026-09-15 15:58:18,611 INFO [clean-score#4]                 Book.java:2050 | End of Stub#4
2026-09-15 15:58:18,612 INFO [clean-score#5]       StepMonitoring.java:98   | LOAD
2026-09-15 15:58:18,618 INFO [clean-score#5]            SheetStub.java:1278 | Loaded image #5 2296x3251 from E:\Repositories\robianist\tmp\pdfs\clean-score.tif
2026-09-15 15:58:18,619 INFO [clean-score#5]       StepMonitoring.java:98   | BINARY
2026-09-15 15:58:19,001 INFO [clean-score#5]       StepMonitoring.java:98   | SCALE
2026-09-15 15:58:19,002 INFO [clean-score#5]         ScaleBuilder.java:254  | Beam  guessed height: 11 -- 0.25 of [9..18] range
2026-09-15 15:58:19,003 INFO [clean-score#5]         ScaleBuilder.java:271  | Beam measured height: 10 -- 0.11 of [9..18] range at 949% of needed quorum
2026-09-15 15:58:19,003 INFO [clean-score#5]         ScaleBuilder.java:401  | Normalized black jitter: 10.53 %
2026-09-15 15:58:19,003 INFO [clean-score#5]            ScaleStep.java:65   | Scale{ interline(18,19,20) line(1,1,3) beam(10)}
2026-09-15 15:58:19,004 INFO [clean-score#5]       StepMonitoring.java:98   | GRID
2026-09-15 15:58:19,077 INFO [clean-score#5]       LinesRetriever.java:1508 | Global slope: 0.00000
2026-09-15 15:58:19,083 INFO [clean-score#5]    ClustersRetriever.java:326  | Retrieved raw line clusters: 10 of sizes [5] with interline(18,19,20)
2026-09-15 15:58:19,159 INFO [clean-score#5]            PeakGraph.java:310  | Systems: #1[1, 2] #2[3, 4] #3[5, 6] #4[7, 8] #5[9, 10]
2026-09-15 15:58:19,315 INFO [clean-score#5]        SystemManager.java:800  | 1 part along 5 systems
2026-09-15 15:58:19,315 INFO [clean-score#5]       StepMonitoring.java:98   | HEADERS
2026-09-15 15:58:19,459 INFO [clean-score#5]       StepMonitoring.java:98   | STEM_SEEDS
2026-09-15 15:58:19,486 INFO [clean-score#5]        StemSeedsStep.java:86   | stem(2 max:4)
2026-09-15 15:58:19,497 INFO [clean-score#5]       StepMonitoring.java:98   | BEAMS
2026-09-15 15:58:21,515 INFO [clean-score#5]       StepMonitoring.java:98   | LEDGERS
2026-09-15 15:58:21,651 INFO [clean-score#5]       StepMonitoring.java:98   | HEADS
2026-09-15 15:58:25,713 INFO [clean-score#5]        HeadSeedTally.java:235  | Scale information: HeadSeeds{NOTEHEAD_BLACK[L:-0.0,R:0.3]}
2026-09-15 15:58:25,714 INFO [clean-score#5]       StepMonitoring.java:98   | STEMS
2026-09-15 15:58:26,298 INFO [clean-score#5]       StepMonitoring.java:98   | REDUCTION
2026-09-15 15:58:26,413 INFO [clean-score#5]        ReductionStep.java:105  | Stems free length median value: 56 pixels, 2.9 interlines
2026-09-15 15:58:26,416 INFO [clean-score#5]       StepMonitoring.java:98   | CUE_BEAMS
2026-09-15 15:58:26,417 INFO [clean-score#5]         CueBeamsStep.java:81   | Step CUE_BEAMS is skipped because small heads switch is off
2026-09-15 15:58:26,417 INFO [clean-score#5]       StepMonitoring.java:98   | TEXTS
2026-09-15 15:58:26,417 WARN [clean-score#5]            TextsStep.java:97   | TEXTS step: No OCR is available!
2026-09-15 15:58:26,419 INFO [clean-score#5]       StepMonitoring.java:98   | MEASURES
2026-09-15 15:58:26,420 INFO [clean-score#5]                 Page.java:307  | 12 raw measures: [3 in system#1, 3 in system#2, 2 in system#3, 2 in system#4, 2 in system#5]
2026-09-15 15:58:26,420 INFO [clean-score#5]       StepMonitoring.java:98   | CHORDS
2026-09-15 15:58:26,428 INFO [clean-score#5]       StepMonitoring.java:98   | CURVES
2026-09-15 15:58:26,904 INFO [clean-score#5]         SlursBuilder.java:240  | Slurs: 39
2026-09-15 15:58:26,908 INFO [clean-score#5]      SegmentsBuilder.java:155  | Segments: 19
2026-09-15 15:58:26,909 INFO [clean-score#5]       StepMonitoring.java:98   | SYMBOLS
2026-09-15 15:58:27,592 INFO [clean-score#5]       StepMonitoring.java:98   | LINKS
2026-09-15 15:58:27,606 INFO [clean-score#5]             KeyInter.java:1198 | No effective key before AlterInter#9216{(0.798) staff:3 NATURAL pitch:-5.0}
2026-09-15 15:58:27,606 INFO [clean-score#5]             KeyInter.java:1198 | No effective key before AlterInter#9223{(0.794) staff:3 NATURAL pitch:2.0}
2026-09-15 15:58:27,617 INFO [clean-score#5]             KeyInter.java:1198 | No effective key before AlterInter#9264{(0.299) staff:5 NATURAL pitch:-1.0}
2026-09-15 15:58:27,643 INFO [clean-score#5]       StepMonitoring.java:98   | RHYTHMS
2026-09-15 15:58:27,643 INFO [clean-score#5]           PageRhythm.java:199  | {Page#5.1} Time value reused from sheet#1
2026-09-15 15:58:27,664 INFO [clean-score#5]        MeasureRhythm.java:1044 | Measure{#9} No timeOffset for HeadChordInter#7897{(0.944/0.944) staff:7 slot#8 dur:1/8}
2026-09-15 15:58:27,664 INFO [clean-score#5]        MeasureRhythm.java:1044 | Measure{#9} No timeOffset for HeadChordInter#7917{(0.970/0.970) staff:8 slot#8 dur:1/16}
2026-09-15 15:58:27,665 INFO [clean-score#5]   AbstractChordInter.java:635  | Measure{#9} No timeOffset for HeadChordInter#7898{(0.940/0.940) staff:7 slot#10 dur:1/8}
2026-09-15 15:58:27,665 INFO [clean-score#5]   AbstractChordInter.java:635  | Measure{#9} No timeOffset for HeadChordInter#7920{(0.900/0.900) staff:8 slot#11 dur:1/16}
2026-09-15 15:58:27,666 INFO [clean-score#5]          StackRhythm.java:224  | S4 MeasureStack#9 no correct rhythm
2026-09-15 15:58:27,673 INFO [clean-score#5]        MeasureRhythm.java:1044 | Measure{#11} No timeOffset for HeadChordInter#7949{(0.956/0.956) staff:9 slot#14 dur:1/8}
2026-09-15 15:58:27,673 INFO [clean-score#5]        MeasureRhythm.java:1044 | Measure{#11} No timeOffset for HeadChordInter#7973{(0.898/0.898) staff:10 slot#14 dur:1/16}
2026-09-15 15:58:27,674 INFO [clean-score#5]   AbstractChordInter.java:635  | Measure{#11} No timeOffset for HeadChordInter#7951{(0.950/0.950) staff:9 slot#17 dur:1/16}
2026-09-15 15:58:27,674 INFO [clean-score#5]   AbstractChordInter.java:635  | Measure{#11} No timeOffset for HeadChordInter#7976{(0.955/0.955) staff:10 slot#17 dur:1/16}
2026-09-15 15:58:27,674 INFO [clean-score#5]                Voice.java:257  | Measure{#11} Voice{#1 excess:1/4} too long
2026-09-15 15:58:27,674 INFO [clean-score#5]                Voice.java:257  | Measure{#11} Voice{#6 excess:1/4} too long
2026-09-15 15:58:27,674 INFO [clean-score#5]          StackRhythm.java:224  | S5 MeasureStack#11 no correct rhythm
2026-09-15 15:58:27,678 INFO [clean-score#5]       StepMonitoring.java:98   | PAGE
2026-09-15 15:58:27,678 INFO [clean-score#5]       SheetReduction.java:154  | Gutter. Different glyphs 1/2 PedalInter#9093{(0.505/0.505) PEDAL_MARK} vs StemInter#5951{(0.790/0.991) staff:3 STEM}
2026-09-15 15:58:27,681 INFO [clean-score#5]                Voice.java:257  | Measure{#11} Voice{#1 excess:1/4} too long
2026-09-15 15:58:27,681 INFO [clean-score#5]                Voice.java:257  | Measure{#11} Voice{#6 excess:1/4} too long
2026-09-15 15:58:27,682 INFO [clean-score#5]                 Book.java:2584 | Book{clean-score} storing
2026-09-15 15:58:27,740 INFO [clean-score#5]                 Book.java:2565 | Stored /book.xml
2026-09-15 15:58:27,810 INFO [clean-score#5]           DataHolder.java:348  | Stored /sheet#5/BINARY.png
2026-09-15 15:58:28,176 INFO [clean-score#5]                Sheet.java:1583 | Stored /sheet#5/sheet#5.xml
2026-09-15 15:58:28,176 INFO [clean-score#5]                 Book.java:2525 | Book stored as E:\Repositories\robianist\tmp\pdfs\clean-recognized\clean-score.omr
2026-09-15 15:58:28,183 INFO [clean-score#5]            SheetStub.java:1655 | Sheet#5 disposed
2026-09-15 15:58:28,206 INFO [clean-score#5]                 Book.java:2050 | End of Stub#5
2026-09-15 15:58:28,206 INFO [clean-score#6]       StepMonitoring.java:98   | LOAD
2026-09-15 15:58:28,212 INFO [clean-score#6]            SheetStub.java:1278 | Loaded image #6 2302x3251 from E:\Repositories\robianist\tmp\pdfs\clean-score.tif
2026-09-15 15:58:28,212 INFO [clean-score#6]       StepMonitoring.java:98   | BINARY
2026-09-15 15:58:28,597 INFO [clean-score#6]       StepMonitoring.java:98   | SCALE
2026-09-15 15:58:28,599 INFO [clean-score#6]         ScaleBuilder.java:254  | Beam  guessed height: 11 -- 0.25 of [9..18] range
2026-09-15 15:58:28,599 INFO [clean-score#6]         ScaleBuilder.java:271  | Beam measured height: 10 -- 0.11 of [9..18] range at 992% of needed quorum
2026-09-15 15:58:28,599 INFO [clean-score#6]         ScaleBuilder.java:401  | Normalized black jitter: 10.53 %
2026-09-15 15:58:28,599 INFO [clean-score#6]            ScaleStep.java:65   | Scale{ interline(18,19,20) line(1,1,3) beam(10)}
2026-09-15 15:58:28,599 INFO [clean-score#6]       StepMonitoring.java:98   | GRID
2026-09-15 15:58:28,667 INFO [clean-score#6]       LinesRetriever.java:1508 | Global slope: 0.00000
2026-09-15 15:58:28,673 INFO [clean-score#6]    ClustersRetriever.java:326  | Retrieved raw line clusters: 9 of sizes [5] with interline(18,19,20)
2026-09-15 15:58:28,749 INFO [clean-score#6]            PeakGraph.java:310  | Systems: #1[1, 2] #2[3, 4] #3[5, 6] #4[7, 8] #5[9]
2026-09-15 15:58:28,874 INFO [clean-score#6]        SystemManager.java:800  | 2 parts along 5 systems
2026-09-15 15:58:28,874 INFO [clean-score#6]       StepMonitoring.java:98   | HEADERS
2026-09-15 15:58:28,940 WARN [clean-score#6]          ClefBuilder.java:658  | Staff#6 no recognized header clef.
2026-09-15 15:58:28,989 INFO [clean-score#6]       StepMonitoring.java:98   | STEM_SEEDS
2026-09-15 15:58:29,015 INFO [clean-score#6]        StemSeedsStep.java:86   | stem(2 max:4)
2026-09-15 15:58:29,025 INFO [clean-score#6]       StepMonitoring.java:98   | BEAMS
2026-09-15 15:58:31,091 INFO [clean-score#6]       StepMonitoring.java:98   | LEDGERS
2026-09-15 15:58:31,241 INFO [clean-score#6]       StepMonitoring.java:98   | HEADS
2026-09-15 15:58:34,873 INFO [clean-score#6]        HeadSeedTally.java:235  | Scale information: HeadSeeds{NOTEHEAD_BLACK[L:0.2,R:0.4]}
2026-09-15 15:58:34,874 INFO [clean-score#6]       StepMonitoring.java:98   | STEMS
2026-09-15 15:58:35,052 INFO [clean-score#6]           BeamLinker.java:1729 | Not linking shorter BeamInter#1433{(0.696) BEAM}
2026-09-15 15:58:35,434 INFO [clean-score#6]       StepMonitoring.java:98   | REDUCTION
2026-09-15 15:58:35,497 INFO [clean-score#6]        ReductionStep.java:105  | Stems free length median value: 55 pixels, 2.9 interlines
2026-09-15 15:58:35,501 INFO [clean-score#6]       StepMonitoring.java:98   | CUE_BEAMS
2026-09-15 15:58:35,501 INFO [clean-score#6]         CueBeamsStep.java:81   | Step CUE_BEAMS is skipped because small heads switch is off
2026-09-15 15:58:35,501 INFO [clean-score#6]       StepMonitoring.java:98   | TEXTS
2026-09-15 15:58:35,501 WARN [clean-score#6]            TextsStep.java:97   | TEXTS step: No OCR is available!
2026-09-15 15:58:35,503 INFO [clean-score#6]       StepMonitoring.java:98   | MEASURES
2026-09-15 15:58:35,504 INFO [clean-score#6]      MeasuresBuilder.java:416  | S3 partial barline column: s5:G(x:241,y:1544)[156]
2026-09-15 15:58:35,504 INFO [clean-score#6]      MeasuresBuilder.java:428  | S3 deleting   half column: s5:G(x:241,y:1544)[156]
2026-09-15 15:58:35,504 INFO [clean-score#6]      MeasuresBuilder.java:416  | S3 partial barline column: s6:G(x:1285,y:1803)[157]
2026-09-15 15:58:35,504 INFO [clean-score#6]      MeasuresBuilder.java:428  | S3 deleting   half column: s6:G(x:1285,y:1803)[157]
2026-09-15 15:58:35,505 INFO [clean-score#6]                 Page.java:307  | 11 raw measures: [3 in system#1, 3 in system#2, 2 in system#3, 2 in system#4, 1 in system#5]
2026-09-15 15:58:35,505 INFO [clean-score#6]       StepMonitoring.java:98   | CHORDS
2026-09-15 15:58:35,509 INFO [clean-score#6]       StepMonitoring.java:98   | CURVES
2026-09-15 15:58:36,034 INFO [clean-score#6]         SlursBuilder.java:240  | Slurs: 46
2026-09-15 15:58:36,044 INFO [clean-score#6]      SegmentsBuilder.java:155  | Segments: 23
2026-09-15 15:58:36,044 INFO [clean-score#6]       StepMonitoring.java:98   | SYMBOLS
2026-09-15 15:58:36,726 INFO [clean-score#6]       StepMonitoring.java:98   | LINKS
2026-09-15 15:58:36,727 INFO [clean-score#6]        SymbolsLinker.java:258  | No chord linked to OctaveShiftInter#8006{(0.617) staff:1 OTTAVA ALTA} at java.awt.Point[x=273,y=273]
2026-09-15 15:58:36,728 INFO [clean-score#6]             KeyInter.java:1198 | No effective key before AlterInter#8025{(0.791) staff:1 NATURAL pitch:2.0}
2026-09-15 15:58:36,771 INFO [clean-score#6]             KeyInter.java:1198 | No effective key before AlterInter#8171{(0.797) staff:9 NATURAL pitch:-5.0}
2026-09-15 15:58:36,780 INFO [clean-score#6]       StepMonitoring.java:98   | RHYTHMS
2026-09-15 15:58:36,781 INFO [clean-score#6]           PageRhythm.java:199  | {Page#6.1} Time value reused from sheet#1
2026-09-15 15:58:36,786 INFO [clean-score#6]        MeasureRhythm.java:1276 | Measure{#2} Time inconsistency in {1/8=[HeadChordInter#6728{(0.956/0.956) staff:2 slot#3 off:1/8 dur:1/8}], 1/4=[HeadChordInter#6698{(0.941/0.941) staff:1 slot#3 off:1/4 dur:1/8}]}
2026-09-15 15:58:36,786 INFO [clean-score#6]        MeasureRhythm.java:1276 | Measure{#2} Time inconsistency in {1/2=[HeadChordInter#6731{(0.949/0.949) staff:2 slot#7 off:1/2 dur:1/8}], 5/8=[HeadChordInter#6701{(0.948/0.948) staff:1 slot#7 off:5/8 dur:1/4}]}
2026-09-15 15:58:36,806 INFO [clean-score#6]        MeasureRhythm.java:1044 | Measure{#7P1} No timeOffset for HeadChordInter#6810{(0.952/0.952) staff:5 slot#12 dur:1/8}
2026-09-15 15:58:36,806 INFO [clean-score#6]                Voice.java:257  | Measure{#7P1} Voice{#1 excess:1/2} too long
2026-09-15 15:58:36,807 INFO [clean-score#6]          StackRhythm.java:224  | S3 MeasureStack#7 no correct rhythm
2026-09-15 15:58:36,819 INFO [clean-score#6]        MeasureRhythm.java:1276 | Measure{#9} Time inconsistency in {1/8=[HeadChordInter#6873{(0.895/0.895) staff:8 slot#3 off:1/8 dur:1/8}], 9/16=[HeadChordInter#6841{(0.905/0.905) staff:7 slot#3 off:9/16 dur:1/16}]}
2026-09-15 15:58:36,830 INFO [clean-score#6]        MeasureRhythm.java:1044 | Measure{#11} No timeOffset for HeadChordInter#6897{(0.954/0.954) staff:9 slot#10 dur:1/8}
2026-09-15 15:58:36,831 INFO [clean-score#6]   AbstractChordInter.java:635  | Measure{#11} No timeOffset for HeadChordInter#6897{(0.954/0.954) staff:9 slot#10 dur:1/8}
2026-09-15 15:58:36,831 INFO [clean-score#6]   AbstractChordInter.java:635  | Measure{#11} No timeOffset for HeadChordInter#6901{(0.949/0.949) staff:9 slot#14 dur:3/8}
2026-09-15 15:58:36,831 INFO [clean-score#6]   AbstractChordInter.java:635  | Measure{#11} No timeOffset for RestChordInter#8185{(0.752/0.752) staff:9 slot#15 dur:1/16}
2026-09-15 15:58:36,831 INFO [clean-score#6]   AbstractChordInter.java:635  | Measure{#11} No timeOffset for HeadChordInter#6902{(0.884/0.884) staff:9 slot#16 dur:1/16}
2026-09-15 15:58:36,831 INFO [clean-score#6]                Voice.java:257  | Measure{#11} Voice{#1 excess:7/16} too long
2026-09-15 15:58:36,832 INFO [clean-score#6]          StackRhythm.java:224  | S5 MeasureStack#11 no correct rhythm
2026-09-15 15:58:36,832 INFO [clean-score#6]       StepMonitoring.java:98   | PAGE
2026-09-15 15:58:36,834 INFO [clean-score#6]                Voice.java:257  | Measure{#7P1} Voice{#1 excess:1/2} too long
2026-09-15 15:58:36,835 INFO [clean-score#6]                Voice.java:257  | Measure{#11} Voice{#1 excess:7/16} too long
2026-09-15 15:58:36,836 INFO [clean-score#6]                 Book.java:2584 | Book{clean-score} storing
2026-09-15 15:58:36,889 INFO [clean-score#6]                 Book.java:2565 | Stored /book.xml
2026-09-15 15:58:36,959 INFO [clean-score#6]           DataHolder.java:348  | Stored /sheet#6/BINARY.png
2026-09-15 15:58:37,298 INFO [clean-score#6]                Sheet.java:1583 | Stored /sheet#6/sheet#6.xml
2026-09-15 15:58:37,298 INFO [clean-score#6]                 Book.java:2525 | Book stored as E:\Repositories\robianist\tmp\pdfs\clean-recognized\clean-score.omr
2026-09-15 15:58:37,306 INFO [clean-score#6]            SheetStub.java:1655 | Sheet#6 disposed
2026-09-15 15:58:37,328 INFO [clean-score#6]                 Book.java:2050 | End of Stub#6
2026-09-15 15:58:37,329 INFO [clean-score#7]       StepMonitoring.java:98   | LOAD
2026-09-15 15:58:37,334 INFO [clean-score#7]            SheetStub.java:1278 | Loaded image #7 2296x3248 from E:\Repositories\robianist\tmp\pdfs\clean-score.tif
2026-09-15 15:58:37,335 INFO [clean-score#7]       StepMonitoring.java:98   | BINARY
2026-09-15 15:58:37,714 INFO [clean-score#7]       StepMonitoring.java:98   | SCALE
2026-09-15 15:58:37,715 INFO [clean-score#7]         ScaleBuilder.java:254  | Beam  guessed height: 11 -- 0.25 of [9..18] range
2026-09-15 15:58:37,716 INFO [clean-score#7]         ScaleBuilder.java:271  | Beam measured height: 10 -- 0.11 of [9..18] range at 1032% of needed quorum
2026-09-15 15:58:37,716 INFO [clean-score#7]         ScaleBuilder.java:401  | Normalized black jitter: 10.53 %
2026-09-15 15:58:37,716 INFO [clean-score#7]            ScaleStep.java:65   | Scale{ interline(18,19,20) line(1,1,3) beam(10)}
2026-09-15 15:58:37,716 INFO [clean-score#7]       StepMonitoring.java:98   | GRID
2026-09-15 15:58:37,790 INFO [clean-score#7]       LinesRetriever.java:1508 | Global slope: 0.00000
2026-09-15 15:58:37,796 INFO [clean-score#7]    ClustersRetriever.java:326  | Retrieved raw line clusters: 9 of sizes [5] with interline(18,19,20)
2026-09-15 15:58:37,898 INFO [clean-score#7]            PeakGraph.java:310  | Systems: #1[1, 2] #2[3, 4] #3[5] #4[6] #5[7, 8] #6[9]
2026-09-15 15:58:38,027 INFO [clean-score#7]        SystemManager.java:134  | Indentation detected for system #4
2026-09-15 15:58:38,027 INFO [clean-score#7]        SystemManager.java:744  | 2 pages found in sheet
2026-09-15 15:58:38,027 INFO [clean-score#7]        SystemManager.java:800  | Page #1: 1 part along 3 systems
2026-09-15 15:58:38,027 INFO [clean-score#7]        SystemManager.java:800  | Page #2: 2 parts along 3 systems
2026-09-15 15:58:38,027 INFO [clean-score#7]       StepMonitoring.java:98   | HEADERS
2026-09-15 15:58:38,100 WARN [clean-score#7]          ClefBuilder.java:658  | Staff#7 no recognized header clef.
2026-09-15 15:58:38,129 INFO [clean-score#7]       StepMonitoring.java:98   | STEM_SEEDS
2026-09-15 15:58:38,152 INFO [clean-score#7]        StemSeedsStep.java:86   | stem(2 max:4)
2026-09-15 15:58:38,159 INFO [clean-score#7]       StepMonitoring.java:98   | BEAMS
2026-09-15 15:58:40,058 INFO [clean-score#7]       StepMonitoring.java:98   | LEDGERS
2026-09-15 15:58:40,165 INFO [clean-score#7]       StepMonitoring.java:98   | HEADS
2026-09-15 15:58:43,275 INFO [clean-score#7]        HeadSeedTally.java:235  | Scale information: HeadSeeds{NOTEHEAD_BLACK[L:0.2,R:0.3]}
2026-09-15 15:58:43,276 INFO [clean-score#7]       StepMonitoring.java:98   | STEMS
2026-09-15 15:58:43,598 INFO [clean-score#7]       StepMonitoring.java:98   | REDUCTION
2026-09-15 15:58:43,649 INFO [clean-score#7]        ReductionStep.java:105  | Stems free length median value: 64 pixels, 3.4 interlines
2026-09-15 15:58:43,651 INFO [clean-score#7]       StepMonitoring.java:98   | CUE_BEAMS
2026-09-15 15:58:43,651 INFO [clean-score#7]         CueBeamsStep.java:81   | Step CUE_BEAMS is skipped because small heads switch is off
2026-09-15 15:58:43,651 INFO [clean-score#7]       StepMonitoring.java:98   | TEXTS
2026-09-15 15:58:43,652 WARN [clean-score#7]            TextsStep.java:97   | TEXTS step: No OCR is available!
2026-09-15 15:58:43,654 INFO [clean-score#7]       StepMonitoring.java:98   | MEASURES
2026-09-15 15:58:43,654 INFO [clean-score#7]      MeasuresBuilder.java:416  | S5 partial barline column: s8:G(x:238,y:2388)[132]
2026-09-15 15:58:43,655 INFO [clean-score#7]      MeasuresBuilder.java:428  | S5 deleting   half column: s8:G(x:238,y:2388)[132]
2026-09-15 15:58:43,655 INFO [clean-score#7]      MeasuresBuilder.java:416  | S5 partial barline column: s7:G(x:723,y:2129)[131]
2026-09-15 15:58:43,655 INFO [clean-score#7]      MeasuresBuilder.java:428  | S5 deleting   half column: s7:G(x:723,y:2129)[131]
2026-09-15 15:58:43,655 INFO [clean-score#7]                 Page.java:307  | 5 raw measures: [2 in system#1, 2 in system#2, 1 in system#3]
2026-09-15 15:58:43,655 INFO [clean-score#7]                 Page.java:307  | 5 raw measures: [1 in system#4, 3 in system#5, 1 in system#6]
2026-09-15 15:58:43,655 INFO [clean-score#7]       StepMonitoring.java:98   | CHORDS
2026-09-15 15:58:43,658 INFO [clean-score#7]       StepMonitoring.java:98   | CURVES
2026-09-15 15:58:44,085 INFO [clean-score#7]         SlursBuilder.java:240  | Slurs: 30
2026-09-15 15:58:44,088 INFO [clean-score#7]      SegmentsBuilder.java:155  | Segments: 14
2026-09-15 15:58:44,089 INFO [clean-score#7]       StepMonitoring.java:98   | SYMBOLS
2026-09-15 15:58:44,732 INFO [clean-score#7]       StepMonitoring.java:98   | LINKS
2026-09-15 15:58:44,733 INFO [clean-score#7]        SymbolsLinker.java:258  | No chord linked to OctaveShiftInter#6261{(0.604) staff:1 OTTAVA ALTA} at java.awt.Point[x=248,y=272]
2026-09-15 15:58:44,733 INFO [clean-score#7]        SymbolsLinker.java:258  | No chord linked to OctaveShiftInter#6264{(0.580) staff:2 OTTAVA BASSA} at java.awt.Point[x=248,y=858]
2026-09-15 15:58:44,744 INFO [clean-score#7]        SymbolsLinker.java:258  | No chord linked to OctaveShiftInter#6281{(0.580) staff:3 OTTAVA ALTA} at java.awt.Point[x=248,y=858]
2026-09-15 15:58:44,744 INFO [clean-score#7]        SymbolsLinker.java:258  | No chord linked to OctaveShiftInter#6282{(0.603) staff:4 OTTAVA BASSA} at java.awt.Point[x=248,y=1441]
2026-09-15 15:58:44,744 INFO [clean-score#7]             KeyInter.java:1198 | No effective key before AlterInter#6289{(0.238) staff:3 NATURAL pitch:-1.0}
2026-09-15 15:58:44,751 INFO [clean-score#7]        SymbolsLinker.java:258  | No chord linked to OctaveShiftInter#6308{(0.603) staff:5 OTTAVA ALTA} at java.awt.Point[x=248,y=1441]
2026-09-15 15:58:44,757 INFO [clean-score#7]        SymbolsLinker.java:258  | No chord linked to OctaveShiftInter#6339{(0.608) staff:7 OTTAVA} at java.awt.Point[x=248,y=2027]
2026-09-15 15:58:44,757 INFO [clean-score#7]        SymbolsLinker.java:258  | No chord linked to OctaveShiftInter#6341{(0.408) staff:8 OTTAVA BASSA} at java.awt.Point[x=270,y=2613]
2026-09-15 15:58:44,757 WARN [clean-score#7]             KeyInter.java:1174 | No effective clef before AlterInter#6352{(0.781) staff:7 NATURAL pitch:0.0}
2026-09-15 15:58:44,761 INFO [clean-score#7]        SymbolsLinker.java:258  | No chord linked to OctaveShiftInter#6381{(0.408) staff:9 OTTAVA ALTA} at java.awt.Point[x=270,y=2613]
2026-09-15 15:58:44,765 INFO [clean-score#7]       StepMonitoring.java:98   | RHYTHMS
2026-09-15 15:58:44,766 INFO [clean-score#7]           PageRhythm.java:199  | {Page#7.1} Time value reused from sheet#1
2026-09-15 15:58:44,779 INFO [clean-score#7]        MeasureRhythm.java:1044 | Measure{#5} No timeOffset for HeadChordInter#5256{(0.951/0.951) staff:5 slot#9 dur:1/16}
2026-09-15 15:58:44,779 INFO [clean-score#7]   AbstractChordInter.java:635  | Measure{#5} No timeOffset for HeadChordInter#5257{(0.949/0.949) staff:5 slot#10 dur:1/16}
2026-09-15 15:58:44,779 INFO [clean-score#7]   AbstractChordInter.java:635  | Measure{#5} No timeOffset for HeadChordInter#5260{(0.956/0.956) staff:5 slot#13 dur:1/16}
2026-09-15 15:58:44,779 INFO [clean-score#7]        MeasureRhythm.java:1044 | Measure{#5} No timeOffset for HeadChordInter#5262{(0.952/0.952) staff:5 slot#14 dur:1/8}
2026-09-15 15:58:44,780 INFO [clean-score#7]   AbstractChordInter.java:635  | Measure{#5} No timeOffset for HeadChordInter#5261{(0.846/0.846) staff:5 slot#14 dur:1/2}
2026-09-15 15:58:44,780 INFO [clean-score#7]   AbstractChordInter.java:635  | Measure{#5} No timeOffset for HeadChordInter#5264{(0.943/0.943) staff:5 slot#16 dur:1/16}
2026-09-15 15:58:44,780 INFO [clean-score#7]   AbstractChordInter.java:635  | Measure{#5} No timeOffset for HeadChordInter#5270{(0.949/0.949) staff:5 slot#22 dur:1/16}
2026-09-15 15:58:44,780 INFO [clean-score#7]   AbstractChordInter.java:635  | Measure{#5} No timeOffset for HeadChordInter#5264{(0.943/0.943) staff:5 slot#16 dur:1/16}
2026-09-15 15:58:44,780 INFO [clean-score#7]                Voice.java:257  | Measure{#5} Voice{#1 excess:3/8} too long
2026-09-15 15:58:44,780 INFO [clean-score#7]          StackRhythm.java:224  | S3 MeasureStack#5 no correct rhythm
2026-09-15 15:58:44,786 INFO [clean-score#7]       StepMonitoring.java:98   | PAGE
2026-09-15 15:58:44,787 INFO [clean-score#7]                Voice.java:257  | Measure{#5} Voice{#1 excess:3/8} too long
2026-09-15 15:58:44,788 WARN [clean-score#7]         MeasureFixer.java:343  | System#4 No target duration for measures local IDs [1], please check time signatures
2026-09-15 15:58:44,789 WARN [clean-score#7]         MeasureFixer.java:343  | System#5 No target duration for measures local IDs [2, 3, 4], please check time signatures
2026-09-15 15:58:44,789 WARN [clean-score#7]         MeasureFixer.java:343  | System#6 No target duration for measures local IDs [5], please check time signatures
2026-09-15 15:58:44,789 INFO [clean-score#7]                 Book.java:2584 | Book{clean-score} storing
2026-09-15 15:58:44,835 INFO [clean-score#7]                 Book.java:2565 | Stored /book.xml
2026-09-15 15:58:44,902 INFO [clean-score#7]           DataHolder.java:348  | Stored /sheet#7/BINARY.png
2026-09-15 15:58:45,212 INFO [clean-score#7]                Sheet.java:1583 | Stored /sheet#7/sheet#7.xml
2026-09-15 15:58:45,213 INFO [clean-score#7]                 Book.java:2525 | Book stored as E:\Repositories\robianist\tmp\pdfs\clean-recognized\clean-score.omr
2026-09-15 15:58:45,221 INFO [clean-score#7]            SheetStub.java:1655 | Sheet#7 disposed
2026-09-15 15:58:45,244 INFO [clean-score#7]                 Book.java:2050 | End of Stub#7
2026-09-15 15:58:45,244 INFO [clean-score]                 Book.java:2057 | End of Book{clean-score}
2026-09-15 15:58:45,609 INFO [clean-score]            SheetStub.java:1000 | Loaded /sheet#1/sheet#1.xml
2026-09-15 15:58:45,886 INFO [clean-score]            SheetStub.java:1000 | Loaded /sheet#2/sheet#2.xml
2026-09-15 15:58:46,102 INFO [clean-score]            SheetStub.java:1000 | Loaded /sheet#3/sheet#3.xml
2026-09-15 15:58:46,339 INFO [clean-score]            SheetStub.java:1000 | Loaded /sheet#4/sheet#4.xml
2026-09-15 15:58:46,607 INFO [clean-score]            SheetStub.java:1000 | Loaded /sheet#5/sheet#5.xml
2026-09-15 15:58:46,835 INFO [clean-score]            SheetStub.java:1000 | Loaded /sheet#6/sheet#6.xml
2026-09-15 15:58:47,011 INFO [clean-score]            SheetStub.java:1000 | Loaded /sheet#7/sheet#7.xml
2026-09-15 15:58:47,012 INFO [clean-score]                Score.java:866  | PartCollation needed in {Score 2}
2026-09-15 15:58:47,012 INFO [clean-score]                 Book.java:2109 | Scores built: 2
2026-09-15 15:58:47,407 INFO [clean-score]      PartwiseBuilder.java:2707 | Exporting sheet(s): [#1#2#3#4#5#6#7]
2026-09-15 15:58:47,408 INFO [clean-score]                 Part.java:351  | Sheet#1 System#1 Part#3{ staves[1,2] configs:[5,5]} dummyPart id: 1
2026-09-15 15:58:47,415 INFO [clean-score]                 Part.java:351  | Sheet#1 System#2 Part#3{ staves[3,4] configs:[5,5]} dummyPart id: 1
2026-09-15 15:58:47,416 INFO [clean-score]                 Part.java:351  | Sheet#1 System#3 Part#3{ staves[5,6] configs:[5,5]} dummyPart id: 1
2026-09-15 15:58:47,417 INFO [clean-score]                 Part.java:351  | Sheet#1 System#4 Part#3{ staves[7,8] configs:[5,5]} dummyPart id: 1
2026-09-15 15:58:47,418 INFO [clean-score]                 Part.java:351  | Sheet#1 System#1 Part#3{ staves[1,2] configs:[5,5]} dummyPart id: 2
2026-09-15 15:58:47,418 INFO [clean-score]                 Part.java:351  | Sheet#1 System#2 Part#3{ staves[3,4] configs:[5,5]} dummyPart id: 2
2026-09-15 15:58:47,418 INFO [clean-score]                 Part.java:351  | Sheet#1 System#3 Part#3{ staves[5,6] configs:[5,5]} dummyPart id: 2
2026-09-15 15:58:47,419 INFO [clean-score]                 Part.java:351  | Sheet#1 System#4 Part#3{ staves[7,8] configs:[5,5]} dummyPart id: 2
2026-09-15 15:58:47,437 INFO [clean-score]                 Part.java:351  | Sheet#2 System#2 Part#3{ staves[3,4] configs:[5,5]} dummyPart id: 1
2026-09-15 15:58:47,439 INFO [clean-score]                 Part.java:351  | Sheet#2 System#3 Part#2{ staves[5] configs:[5]} dummyPart id: 1
2026-09-15 15:58:47,439 INFO [clean-score]                 Part.java:351  | Sheet#2 System#4 Part#3{ staves[6,7] configs:[5,5]} dummyPart id: 1
2026-09-15 15:58:47,439 INFO [clean-score]                 Part.java:351  | Sheet#2 System#5 Part#3{ staves[8,9] configs:[5,5]} dummyPart id: 1
2026-09-15 15:58:47,440 INFO [clean-score]                 Part.java:351  | Sheet#2 System#2 Part#3{ staves[3,4] configs:[5,5]} dummyPart id: 2
2026-09-15 15:58:47,441 INFO [clean-score]                 Part.java:351  | Sheet#2 System#4 Part#3{ staves[6,7] configs:[5,5]} dummyPart id: 2
2026-09-15 15:58:47,442 INFO [clean-score]                 Part.java:351  | Sheet#2 System#5 Part#3{ staves[8,9] configs:[5,5]} dummyPart id: 2
2026-09-15 15:58:47,443 INFO [clean-score]                 Part.java:351  | Sheet#2 System#1 Part#1{ staves[1] configs:[5]} dummyPart id: 3
2026-09-15 15:58:47,447 INFO [clean-score]                 Part.java:351  | Sheet#2 System#3 Part#2{ staves[5] configs:[5]} dummyPart id: 3
2026-09-15 15:58:47,455 INFO [clean-score]                 Part.java:351  | Sheet#3 System#1 Part#3{ staves[1,2] configs:[5,5]} dummyPart id: 1
2026-09-15 15:58:47,457 INFO [clean-score]                 Part.java:351  | Sheet#3 System#2 Part#3{ staves[3,4] configs:[5,5]} dummyPart id: 1
2026-09-15 15:58:47,458 INFO [clean-score]                 Part.java:351  | Sheet#3 System#3 Part#3{ staves[5,6] configs:[5,5]} dummyPart id: 1
2026-09-15 15:58:47,459 INFO [clean-score]                 Part.java:351  | Sheet#3 System#4 Part#2{ staves[7] configs:[5]} dummyPart id: 1
2026-09-15 15:58:47,459 INFO [clean-score]                 Part.java:351  | Sheet#3 System#1 Part#3{ staves[1,2] configs:[5,5]} dummyPart id: 2
2026-09-15 15:58:47,460 INFO [clean-score]                 Part.java:351  | Sheet#3 System#2 Part#3{ staves[3,4] configs:[5,5]} dummyPart id: 2
2026-09-15 15:58:47,460 INFO [clean-score]                 Part.java:351  | Sheet#3 System#3 Part#3{ staves[5,6] configs:[5,5]} dummyPart id: 2
2026-09-15 15:58:47,469 INFO [clean-score]                 Part.java:351  | Sheet#3 System#4 Part#2{ staves[7] configs:[5]} dummyPart id: 3
2026-09-15 15:58:47,470 INFO [clean-score]                 Part.java:351  | Sheet#4 System#1 Part#3{ staves[1,2] configs:[5,5]} dummyPart id: 1
2026-09-15 15:58:47,471 INFO [clean-score]                 Part.java:351  | Sheet#4 System#2 Part#3{ staves[3,4] configs:[5,5]} dummyPart id: 1
2026-09-15 15:58:47,472 INFO [clean-score]                 Part.java:351  | Sheet#4 System#3 Part#3{ staves[5,6] configs:[5,5]} dummyPart id: 1
2026-09-15 15:58:47,473 INFO [clean-score]                 Part.java:351  | Sheet#4 System#4 Part#3{ staves[7,8] configs:[5,5]} dummyPart id: 1
2026-09-15 15:58:47,474 INFO [clean-score]                 Part.java:351  | Sheet#4 System#5 Part#3{ staves[9,10] configs:[5,5]} dummyPart id: 1
2026-09-15 15:58:47,474 INFO [clean-score]                 Part.java:351  | Sheet#4 System#1 Part#3{ staves[1,2] configs:[5,5]} dummyPart id: 2
2026-09-15 15:58:47,475 INFO [clean-score]                 Part.java:351  | Sheet#4 System#2 Part#3{ staves[3,4] configs:[5,5]} dummyPart id: 2
2026-09-15 15:58:47,475 INFO [clean-score]                 Part.java:351  | Sheet#4 System#3 Part#3{ staves[5,6] configs:[5,5]} dummyPart id: 2
2026-09-15 15:58:47,475 INFO [clean-score]                 Part.java:351  | Sheet#4 System#4 Part#3{ staves[7,8] configs:[5,5]} dummyPart id: 2
2026-09-15 15:58:47,476 INFO [clean-score]                 Part.java:351  | Sheet#4 System#5 Part#3{ staves[9,10] configs:[5,5]} dummyPart id: 2
2026-09-15 15:58:47,490 INFO [clean-score]                 Part.java:351  | Sheet#5 System#1 Part#3{ staves[1,2] configs:[5,5]} dummyPart id: 1
2026-09-15 15:58:47,491 INFO [clean-score]                 Part.java:351  | Sheet#5 System#2 Part#3{ staves[3,4] configs:[5,5]} dummyPart id: 1
2026-09-15 15:58:47,492 INFO [clean-score]                 Part.java:351  | Sheet#5 System#3 Part#3{ staves[5,6] configs:[5,5]} dummyPart id: 1
2026-09-15 15:58:47,492 INFO [clean-score]                 Part.java:351  | Sheet#5 System#4 Part#3{ staves[7,8] configs:[5,5]} dummyPart id: 1
2026-09-15 15:58:47,493 INFO [clean-score]                 Part.java:351  | Sheet#5 System#5 Part#3{ staves[9,10] configs:[5,5]} dummyPart id: 1
2026-09-15 15:58:47,494 INFO [clean-score]                 Part.java:351  | Sheet#5 System#1 Part#3{ staves[1,2] configs:[5,5]} dummyPart id: 2
2026-09-15 15:58:47,494 INFO [clean-score]                 Part.java:351  | Sheet#5 System#2 Part#3{ staves[3,4] configs:[5,5]} dummyPart id: 2
2026-09-15 15:58:47,494 INFO [clean-score]                 Part.java:351  | Sheet#5 System#3 Part#3{ staves[5,6] configs:[5,5]} dummyPart id: 2
2026-09-15 15:58:47,495 INFO [clean-score]                 Part.java:351  | Sheet#5 System#4 Part#3{ staves[7,8] configs:[5,5]} dummyPart id: 2
2026-09-15 15:58:47,495 INFO [clean-score]                 Part.java:351  | Sheet#5 System#5 Part#3{ staves[9,10] configs:[5,5]} dummyPart id: 2
2026-09-15 15:58:47,509 INFO [clean-score]                 Part.java:351  | Sheet#6 System#1 Part#3{ staves[1,2] configs:[5,5]} dummyPart id: 1
2026-09-15 15:58:47,511 INFO [clean-score]                 Part.java:351  | Sheet#6 System#2 Part#3{ staves[3,4] configs:[5,5]} dummyPart id: 1
2026-09-15 15:58:47,512 INFO [clean-score]                 Part.java:351  | Sheet#6 System#4 Part#3{ staves[7,8] configs:[5,5]} dummyPart id: 1
2026-09-15 15:58:47,513 INFO [clean-score]                 Part.java:351  | Sheet#6 System#5 Part#2{ staves[9] configs:[5]} dummyPart id: 1
2026-09-15 15:58:47,514 INFO [clean-score]                 Part.java:351  | Sheet#6 System#1 Part#3{ staves[1,2] configs:[5,5]} dummyPart id: 2
2026-09-15 15:58:47,515 INFO [clean-score]                 Part.java:351  | Sheet#6 System#2 Part#3{ staves[3,4] configs:[5,5]} dummyPart id: 2
2026-09-15 15:58:47,516 INFO [clean-score]                 Part.java:351  | Sheet#6 System#4 Part#3{ staves[7,8] configs:[5,5]} dummyPart id: 2
2026-09-15 15:58:47,529 INFO [clean-score]                 Part.java:351  | Sheet#6 System#3 Part#1{ staves[5] configs:[5]} dummyPart id: 3
2026-09-15 15:58:47,535 INFO [clean-score]                 Part.java:351  | Sheet#6 System#5 Part#2{ staves[9] configs:[5]} dummyPart id: 3
2026-09-15 15:58:47,537 INFO [clean-score]                 Part.java:351  | Sheet#7 System#1 Part#3{ staves[1,2] configs:[5,5]} dummyPart id: 1
2026-09-15 15:58:47,538 INFO [clean-score]                 Part.java:351  | Sheet#7 System#2 Part#3{ staves[3,4] configs:[5,5]} dummyPart id: 1
2026-09-15 15:58:47,539 INFO [clean-score]                 Part.java:351  | Sheet#7 System#3 Part#2{ staves[5] configs:[5]} dummyPart id: 1
2026-09-15 15:58:47,539 INFO [clean-score]                 Part.java:351  | Sheet#7 System#1 Part#3{ staves[1,2] configs:[5,5]} dummyPart id: 2
2026-09-15 15:58:47,540 INFO [clean-score]                 Part.java:351  | Sheet#7 System#2 Part#3{ staves[3,4] configs:[5,5]} dummyPart id: 2
2026-09-15 15:58:47,551 INFO [clean-score]                 Part.java:351  | Sheet#7 System#3 Part#2{ staves[5] configs:[5]} dummyPart id: 3
2026-09-15 15:58:47,733 INFO [clean-score]        ScoreExporter.java:164  | Score clean-score.mvt1 exported to E:\Repositories\robianist\tmp\pdfs\clean-recognized\clean-score.mvt1.mxl
2026-09-15 15:58:47,734 INFO [clean-score]      PartwiseBuilder.java:2707 | Exporting sheet(s): [#7]
2026-09-15 15:58:47,734 INFO [clean-score]                 Part.java:351  | Sheet#7 System#4 Part#2{ staves[6] configs:[5]} dummyPart id: 1
2026-09-15 15:58:47,736 INFO [clean-score]                 Part.java:351  | Sheet#7 System#6 Part#2{ staves[9] configs:[5]} dummyPart id: 1
2026-09-15 15:58:47,759 INFO [clean-score]        ScoreExporter.java:164  | Score clean-score.mvt2 exported to E:\Repositories\robianist\tmp\pdfs\clean-recognized\clean-score.mvt2.mxl
2026-09-15 15:58:47,840 INFO [clean-score]                 Book.java:2565 | Stored /book.xml
2026-09-15 15:58:48,066 INFO [clean-score]                Sheet.java:1583 | Stored /sheet#1/sheet#1.xml
2026-09-15 15:58:48,365 INFO [clean-score]                Sheet.java:1583 | Stored /sheet#7/sheet#7.xml
2026-09-15 15:58:48,366 INFO [clean-score]                 Book.java:2525 | Book stored as E:\Repositories\robianist\tmp\pdfs\clean-recognized\clean-score.omr
2026-09-15 15:58:48,375 INFO [clean-score]                Score.java:181  | Closing {Score 1}
2026-09-15 15:58:48,375 INFO [clean-score]                Score.java:181  | Closing {Score 2}
