2026-09-15 15:53:31,698 INFO [可惜没如果钢琴谱]                 Book.java:560  | 7 sheets in E:\Learnings\MusicLearning\Piano\可惜没如果钢琴谱.pdf
2026-09-15 15:53:31,845 INFO []                 Book.java:2565 | Stored /book.xml
2026-09-15 15:53:31,846 INFO []                 Book.java:2525 | Book stored as E:\Repositories\robianist\tmp\pdfs\recognized\可惜没如果钢琴谱.omr
2026-09-15 15:53:31,850 INFO []                 Book.java:1929 | Book reaching PAGE on sheets:[#1#2#3#4#5#6#7]
2026-09-15 15:53:31,852 INFO [可惜没如果钢琴谱#1]       StepMonitoring.java:98   | LOAD
2026-09-15 15:53:32,534 INFO [可惜没如果钢琴谱#1]            SheetStub.java:1278 | Loaded image #1 2394x3386 from E:\Learnings\MusicLearning\Piano\可惜没如果钢琴谱.pdf
2026-09-15 15:53:32,536 INFO [可惜没如果钢琴谱#1]       StepMonitoring.java:98   | BINARY
2026-09-15 15:53:33,040 INFO [可惜没如果钢琴谱#1]       StepMonitoring.java:98   | SCALE
2026-09-15 15:53:33,066 INFO [可惜没如果钢琴谱#1]         ScaleBuilder.java:254  | Beam  guessed height: 11 -- 0.25 of [9..19] range
2026-09-15 15:53:33,067 INFO [可惜没如果钢琴谱#1]         ScaleBuilder.java:271  | Beam measured height: 12 -- 0.30 of [9..19] range at 328% of needed quorum
2026-09-15 15:53:33,067 INFO [可惜没如果钢琴谱#1]         ScaleBuilder.java:401  | Normalized black jitter: 15.00 %
2026-09-15 15:53:33,067 INFO [可惜没如果钢琴谱#1]            ScaleStep.java:65   | Scale{ interline(19,20,21) line(3,4,6) beam(12)}
2026-09-15 15:53:33,068 INFO [可惜没如果钢琴谱#1]       StepMonitoring.java:98   | GRID
2026-09-15 15:53:33,520 INFO [可惜没如果钢琴谱#1]       LinesRetriever.java:1508 | Global slope: 0.00000
2026-09-15 15:53:33,570 INFO [可惜没如果钢琴谱#1]    ClustersRetriever.java:326  | Retrieved raw line clusters: 8 of sizes [5] with interline(19,20,21)
2026-09-15 15:53:33,834 INFO [可惜没如果钢琴谱#1]            PeakGraph.java:310  | Systems: #1[1, 2] #2[3, 4] #3[5, 6] #4[7, 8]
2026-09-15 15:53:34,254 INFO [可惜没如果钢琴谱#1]        SystemManager.java:800  | 1 part along 4 systems
2026-09-15 15:53:34,255 INFO [可惜没如果钢琴谱#1]                 Book.java:543  | Created scores: [{Score 1}]
2026-09-15 15:53:34,255 INFO [可惜没如果钢琴谱#1]       StepMonitoring.java:98   | HEADERS
2026-09-15 15:53:35,478 INFO [可惜没如果钢琴谱#1]       StepMonitoring.java:98   | STEM_SEEDS
2026-09-15 15:53:35,546 INFO [可惜没如果钢琴谱#1]        StemSeedsStep.java:86   | stem(4 max:6)
2026-09-15 15:53:35,607 INFO [可惜没如果钢琴谱#1]       StepMonitoring.java:98   | BEAMS
2026-09-15 15:53:38,449 INFO [可惜没如果钢琴谱#1]       StepMonitoring.java:98   | LEDGERS
2026-09-15 15:53:38,655 INFO [可惜没如果钢琴谱#1]       StepMonitoring.java:98   | HEADS
2026-09-15 15:53:42,170 INFO [可惜没如果钢琴谱#1]        HeadSeedTally.java:235  | Scale information: HeadSeeds{NOTEHEAD_BLACK[L:0.1,R:0.6]}
2026-09-15 15:53:42,170 INFO [可惜没如果钢琴谱#1]       StepMonitoring.java:98   | STEMS
2026-09-15 15:53:42,917 INFO [可惜没如果钢琴谱#1]       StepMonitoring.java:98   | REDUCTION
2026-09-15 15:53:43,036 INFO [可惜没如果钢琴谱#1]        ReductionStep.java:105  | Stems free length median value: 70 pixels, 3.5 interlines
2026-09-15 15:53:43,042 INFO [可惜没如果钢琴谱#1]       StepMonitoring.java:98   | CUE_BEAMS
2026-09-15 15:53:43,043 INFO [可惜没如果钢琴谱#1]         CueBeamsStep.java:81   | Step CUE_BEAMS is skipped because small heads switch is off
2026-09-15 15:53:43,043 INFO [可惜没如果钢琴谱#1]       StepMonitoring.java:98   | TEXTS
2026-09-15 15:53:43,046 WARN [可惜没如果钢琴谱#1]            TextsStep.java:97   | TEXTS step: No OCR is available!
2026-09-15 15:53:43,055 INFO [可惜没如果钢琴谱#1]       StepMonitoring.java:98   | MEASURES
2026-09-15 15:53:43,064 INFO [可惜没如果钢琴谱#1]                 Page.java:307  | 13 raw measures: [4 in system#1, 3 in system#2, 3 in system#3, 3 in system#4]
2026-09-15 15:53:43,064 INFO [可惜没如果钢琴谱#1]       StepMonitoring.java:98   | CHORDS
2026-09-15 15:53:43,082 INFO [可惜没如果钢琴谱#1]       StepMonitoring.java:98   | CURVES
2026-09-15 15:53:44,309 INFO [可惜没如果钢琴谱#1]         SlursBuilder.java:240  | Slurs: 11
2026-09-15 15:53:44,338 INFO [可惜没如果钢琴谱#1]      SegmentsBuilder.java:155  | Segments: 11
2026-09-15 15:53:44,351 INFO [可惜没如果钢琴谱#1]       StepMonitoring.java:98   | SYMBOLS
2026-09-15 15:53:46,142 INFO [可惜没如果钢琴谱#1]       StepMonitoring.java:98   | LINKS
2026-09-15 15:53:46,147 INFO [可惜没如果钢琴谱#1]        SymbolsLinker.java:258  | No chord linked to OctaveShiftInter#6221{(0.599) staff:2 OTTAVA BASSA} at java.awt.Point[x=1568,y=1267]
2026-09-15 15:53:46,173 INFO [可惜没如果钢琴谱#1]        SymbolsLinker.java:258  | No chord linked to OctaveShiftInter#6283{(0.421) staff:4 OTTAVA BASSA} at java.awt.Point[x=262,y=1969]
2026-09-15 15:53:46,186 INFO [可惜没如果钢琴谱#1]        SymbolsLinker.java:258  | No chord linked to OctaveShiftInter#6363{(0.421) staff:5 OTTAVA ALTA} at java.awt.Point[x=262,y=1969]
2026-09-15 15:53:46,203 INFO [可惜没如果钢琴谱#1]       StepMonitoring.java:98   | RHYTHMS
2026-09-15 15:53:46,237 INFO [可惜没如果钢琴谱#1]        MeasureRhythm.java:1044 | Measure{#3} No timeOffset for HeadChordInter#5327{(0.929/0.929) staff:1 slot#10 dur:1/8}
2026-09-15 15:53:46,238 INFO [可惜没如果钢琴谱#1]                Voice.java:257  | Measure{#3} Voice{#1 excess:1/4} too long
2026-09-15 15:53:46,238 INFO [可惜没如果钢琴谱#1]          StackRhythm.java:224  | S1 MeasureStack#3 no correct rhythm
2026-09-15 15:53:46,248 INFO [可惜没如果钢琴谱#1]        MeasureRhythm.java:1276 | Measure{#5} Time inconsistency in {1/8=[HeadChordInter#5341{(0.952/0.952) staff:3 slot#3 off:1/8 dur:1/16}], 3/8=[HeadChordInter#5370{(0.950/0.950) staff:4 slot#3 off:3/8 dur:1/16}]}
2026-09-15 15:53:46,249 INFO [可惜没如果钢琴谱#1]        MeasureRhythm.java:1276 | Measure{#5} Time inconsistency in {3/16=[HeadChordInter#5342{(0.906/0.906) staff:3 slot#4 off:3/16 dur:1/16}], 7/16=[HeadChordInter#5371{(0.949/0.949) staff:4 slot#4 off:7/16 dur:1/16}]}
2026-09-15 15:53:46,259 INFO [可惜没如果钢琴谱#1]        MeasureRhythm.java:1276 | Measure{#6} Time inconsistency in {1/8=[HeadChordInter#5355{(0.937/0.937) staff:3 slot#3 off:1/8 dur:1/16}], 3/8=[HeadChordInter#5381{(0.954/0.954) staff:4 slot#3 off:3/8 dur:1/16}]}
2026-09-15 15:53:46,260 INFO [可惜没如果钢琴谱#1]        MeasureRhythm.java:1276 | Measure{#6} Time inconsistency in {3/16=[HeadChordInter#5356{(0.939/0.939) staff:3 slot#4 off:3/16 dur:1/16}], 7/16=[HeadChordInter#5382{(0.932/0.932) staff:4 slot#4 off:7/16 dur:1/16}]}
2026-09-15 15:53:46,261 INFO [可惜没如果钢琴谱#1]        MeasureRhythm.java:1044 | Measure{#6} No timeOffset for HeadChordInter#5363{(0.859/0.859) staff:3 slot#8 dur:1/4}
2026-09-15 15:53:46,262 INFO [可惜没如果钢琴谱#1]        MeasureRhythm.java:1044 | Measure{#6} No timeOffset for HeadChordInter#5362{(0.933/0.933) staff:3 slot#8 dur:1/4}
2026-09-15 15:53:46,262 INFO [可惜没如果钢琴谱#1]        MeasureRhythm.java:1044 | Measure{#6} No timeOffset for HeadChordInter#5386{(0.929/0.929) staff:4 slot#8 dur:1/4}
2026-09-15 15:53:46,263 INFO [可惜没如果钢琴谱#1]          StackRhythm.java:224  | S2 MeasureStack#6 no correct rhythm
2026-09-15 15:53:46,269 INFO [可惜没如果钢琴谱#1]        MeasureRhythm.java:1044 | Measure{#7} No timeOffset for HeadChordInter#5388{(0.624/0.624) staff:4 slot#2 dur:1/2}
2026-09-15 15:53:46,270 INFO [可惜没如果钢琴谱#1]   AbstractChordInter.java:635  | Measure{#7} No timeOffset for HeadChordInter#5388{(0.624/0.624) staff:4 slot#2 dur:1/2}
2026-09-15 15:53:46,271 INFO [可惜没如果钢琴谱#1]   AbstractChordInter.java:635  | Measure{#7} No timeOffset for HeadChordInter#5392{(0.953/0.953) staff:4 slot#6 dur:1/8}
2026-09-15 15:53:46,272 INFO [可惜没如果钢琴谱#1]   AbstractChordInter.java:635  | Measure{#7} No timeOffset for HeadChordInter#5392{(0.953/0.953) staff:4 slot#6 dur:1/8}
2026-09-15 15:53:46,274 INFO [可惜没如果钢琴谱#1]          StackRhythm.java:224  | S2 MeasureStack#7 no correct rhythm
2026-09-15 15:53:46,278 INFO [可惜没如果钢琴谱#1]        MeasureRhythm.java:1044 | Measure{#8} No timeOffset for HeadChordInter#5417{(0.694/0.694) staff:6 slot#2 dur:1/4}
2026-09-15 15:53:46,279 INFO [可惜没如果钢琴谱#1]   AbstractChordInter.java:635  | Measure{#8} No timeOffset for HeadChordInter#5417{(0.694/0.694) staff:6 slot#2 dur:1/4}
2026-09-15 15:53:46,281 INFO [可惜没如果钢琴谱#1]   AbstractChordInter.java:635  | Measure{#8} No timeOffset for HeadChordInter#5421{(0.918/0.918) staff:6 slot#6 dur:1/8}
2026-09-15 15:53:46,282 INFO [可惜没如果钢琴谱#1]          StackRhythm.java:224  | S3 MeasureStack#8 no correct rhythm
2026-09-15 15:53:46,306 INFO [可惜没如果钢琴谱#1]       StepMonitoring.java:98   | PAGE
2026-09-15 15:53:46,309 INFO [可惜没如果钢琴谱#1]       SheetReduction.java:154  | Gutter. Different glyphs 1/2 PedalInter#6219{(0.659/0.659) PEDAL_MARK} vs ArticulationInter#6328{(0.558/0.763) STACCATO}
2026-09-15 15:53:46,316 INFO [可惜没如果钢琴谱#1]                Voice.java:257  | Measure{#3} Voice{#1 excess:1/4} too long
2026-09-15 15:53:46,318 INFO [可惜没如果钢琴谱#1]                 Book.java:2584 | Book{可惜没如果钢琴谱} storing
2026-09-15 15:53:46,379 INFO [可惜没如果钢琴谱#1]                 Book.java:2565 | Stored /book.xml
2026-09-15 15:53:46,567 INFO [可惜没如果钢琴谱#1]           DataHolder.java:348  | Stored /sheet#1/BINARY.png
2026-09-15 15:53:47,202 INFO [可惜没如果钢琴谱#1]                Sheet.java:1583 | Stored /sheet#1/sheet#1.xml
2026-09-15 15:53:47,202 INFO [可惜没如果钢琴谱#1]                 Book.java:2525 | Book stored as E:\Repositories\robianist\tmp\pdfs\recognized\可惜没如果钢琴谱.omr
2026-09-15 15:53:47,208 INFO [可惜没如果钢琴谱#1]            SheetStub.java:1655 | Sheet#1 disposed
2026-09-15 15:53:47,254 INFO [可惜没如果钢琴谱#1]                 Book.java:2050 | End of Stub#1
2026-09-15 15:53:47,255 INFO [可惜没如果钢琴谱#2]       StepMonitoring.java:98   | LOAD
2026-09-15 15:53:47,677 INFO [可惜没如果钢琴谱#2]            SheetStub.java:1278 | Loaded image #2 2394x3383 from E:\Learnings\MusicLearning\Piano\可惜没如果钢琴谱.pdf
2026-09-15 15:53:47,678 INFO [可惜没如果钢琴谱#2]       StepMonitoring.java:98   | BINARY
2026-09-15 15:53:48,109 INFO [可惜没如果钢琴谱#2]       StepMonitoring.java:98   | SCALE
2026-09-15 15:53:48,117 INFO [可惜没如果钢琴谱#2]         ScaleBuilder.java:254  | Beam  guessed height: 11 -- 0.25 of [9..18] range
2026-09-15 15:53:48,118 INFO [可惜没如果钢琴谱#2]         ScaleBuilder.java:271  | Beam measured height: 12 -- 0.33 of [9..18] range at 422% of needed quorum
2026-09-15 15:53:48,118 INFO [可惜没如果钢琴谱#2]         ScaleBuilder.java:401  | Normalized black jitter: 10.00 %
2026-09-15 15:53:48,118 INFO [可惜没如果钢琴谱#2]            ScaleStep.java:65   | Scale{ interline(19,20,21) line(4,4,6) beam(12)}
2026-09-15 15:53:48,118 INFO [可惜没如果钢琴谱#2]       StepMonitoring.java:98   | GRID
2026-09-15 15:53:48,383 INFO [可惜没如果钢琴谱#2]       LinesRetriever.java:1508 | Global slope: -0.00024
2026-09-15 15:53:48,409 INFO [可惜没如果钢琴谱#2]    ClustersRetriever.java:326  | Retrieved raw line clusters: 10 of sizes [5] with interline(19,20,21)
2026-09-15 15:53:48,782 INFO [可惜没如果钢琴谱#2]            PeakGraph.java:310  | Systems: #1[1, 2] #2[3, 4] #3[5, 6] #4[7, 8] #5[9, 10]
2026-09-15 15:53:49,121 INFO [可惜没如果钢琴谱#2]        SystemManager.java:800  | 1 part along 5 systems
2026-09-15 15:53:49,122 INFO [可惜没如果钢琴谱#2]       StepMonitoring.java:98   | HEADERS
2026-09-15 15:53:49,390 INFO [可惜没如果钢琴谱#2]       StepMonitoring.java:98   | STEM_SEEDS
2026-09-15 15:53:49,425 INFO [可惜没如果钢琴谱#2]        StemSeedsStep.java:86   | stem(4 max:6)
2026-09-15 15:53:49,450 INFO [可惜没如果钢琴谱#2]       StepMonitoring.java:98   | BEAMS
2026-09-15 15:53:52,268 INFO [可惜没如果钢琴谱#2]       StepMonitoring.java:98   | LEDGERS
2026-09-15 15:53:52,466 INFO [可惜没如果钢琴谱#2]       StepMonitoring.java:98   | HEADS
2026-09-15 15:53:56,809 INFO [可惜没如果钢琴谱#2]        HeadSeedTally.java:235  | Scale information: HeadSeeds{NOTEHEAD_VOID[L:0.5] NOTEHEAD_BLACK[L:0.0,R:-0.1]}
2026-09-15 15:53:56,809 INFO [可惜没如果钢琴谱#2]       StepMonitoring.java:98   | STEMS
2026-09-15 15:53:57,399 INFO [可惜没如果钢琴谱#2]       StepMonitoring.java:98   | REDUCTION
2026-09-15 15:53:57,489 INFO [可惜没如果钢琴谱#2]        ReductionStep.java:105  | Stems free length median value: 72 pixels, 3.6 interlines
2026-09-15 15:53:57,494 INFO [可惜没如果钢琴谱#2]       StepMonitoring.java:98   | CUE_BEAMS
2026-09-15 15:53:57,495 INFO [可惜没如果钢琴谱#2]         CueBeamsStep.java:81   | Step CUE_BEAMS is skipped because small heads switch is off
2026-09-15 15:53:57,495 INFO [可惜没如果钢琴谱#2]       StepMonitoring.java:98   | TEXTS
2026-09-15 15:53:57,495 WARN [可惜没如果钢琴谱#2]            TextsStep.java:97   | TEXTS step: No OCR is available!
2026-09-15 15:53:57,497 INFO [可惜没如果钢琴谱#2]       StepMonitoring.java:98   | MEASURES
2026-09-15 15:53:57,499 INFO [可惜没如果钢琴谱#2]                 Page.java:307  | 15 raw measures: [3 in system#1, 3 in system#2, 3 in system#3, 3 in system#4, 3 in system#5]
2026-09-15 15:53:57,499 INFO [可惜没如果钢琴谱#2]       StepMonitoring.java:98   | CHORDS
2026-09-15 15:53:57,506 INFO [可惜没如果钢琴谱#2]       StepMonitoring.java:98   | CURVES
2026-09-15 15:53:58,348 INFO [可惜没如果钢琴谱#2]         SlursBuilder.java:240  | Slurs: 23
2026-09-15 15:53:58,360 INFO [可惜没如果钢琴谱#2]      SegmentsBuilder.java:155  | Segments: 22
2026-09-15 15:53:58,362 INFO [可惜没如果钢琴谱#2]       StepMonitoring.java:98   | SYMBOLS
2026-09-15 15:53:59,131 INFO [可惜没如果钢琴谱#2]       StepMonitoring.java:98   | LINKS
2026-09-15 15:53:59,139 INFO [可惜没如果钢琴谱#2]        SymbolsLinker.java:258  | No chord linked to OctaveShiftInter#8084{(0.189) staff:4 OTTAVA BASSA} at java.awt.Point[x=285,y=1502]
2026-09-15 15:53:59,145 INFO [可惜没如果钢琴谱#2]        SymbolsLinker.java:258  | No chord linked to OctaveShiftInter#8127{(0.189) staff:5 OTTAVA ALTA} at java.awt.Point[x=285,y=1502]
2026-09-15 15:53:59,158 INFO [可惜没如果钢琴谱#2]             KeyInter.java:1198 | No effective key before AlterInter#8209{(0.789) staff:9 NATURAL pitch:2.0}
2026-09-15 15:53:59,159 INFO [可惜没如果钢琴谱#2]             KeyInter.java:1198 | No effective key before AlterInter#8216{(0.798) staff:10 NATURAL pitch:-3.0}
2026-09-15 15:53:59,159 INFO [可惜没如果钢琴谱#2]             KeyInter.java:1198 | No effective key before AlterInter#8219{(0.794) staff:10 NATURAL pitch:4.0}
2026-09-15 15:53:59,171 INFO [可惜没如果钢琴谱#2]       StepMonitoring.java:98   | RHYTHMS
2026-09-15 15:53:59,172 INFO [可惜没如果钢琴谱#2]           PageRhythm.java:199  | {Page#2.1} Time value reused from sheet#1
2026-09-15 15:53:59,191 INFO [可惜没如果钢琴谱#2]        MeasureRhythm.java:1044 | Measure{#8} No timeOffset for RestChordInter#8162{(0.560/0.560) staff:5 slot#13 dur:1/2}
2026-09-15 15:53:59,191 INFO [可惜没如果钢琴谱#2]          StackRhythm.java:224  | S3 MeasureStack#8 no correct rhythm
2026-09-15 15:53:59,194 INFO [可惜没如果钢琴谱#2]        MeasureRhythm.java:1044 | Measure{#9} No timeOffset for HeadChordInter#7230{(0.936/0.936) staff:6 slot#6 dur:1/4}
2026-09-15 15:53:59,195 INFO [可惜没如果钢琴谱#2]   AbstractChordInter.java:635  | Measure{#9} No timeOffset for HeadChordInter#7230{(0.936/0.936) staff:6 slot#6 dur:1/4}
2026-09-15 15:53:59,196 INFO [可惜没如果钢琴谱#2]        MeasureRhythm.java:1044 | Measure{#9} No timeOffset for HeadChordInter#7204{(0.955/0.955) staff:5 slot#7 dur:1/8}
2026-09-15 15:53:59,196 INFO [可惜没如果钢琴谱#2]   AbstractChordInter.java:635  | Measure{#9} No timeOffset for HeadChordInter#7233{(0.955/0.955) staff:6 slot#9 dur:1/16}
2026-09-15 15:53:59,196 INFO [可惜没如果钢琴谱#2]   AbstractChordInter.java:635  | Measure{#9} No timeOffset for HeadChordInter#7209{(0.955/0.955) staff:5 slot#12 dur:1/16}
2026-09-15 15:53:59,197 INFO [可惜没如果钢琴谱#2]   AbstractChordInter.java:635  | Measure{#9} No timeOffset for HeadChordInter#7234{(0.860/0.860) staff:6 slot#10 dur:1/4}
2026-09-15 15:53:59,197 INFO [可惜没如果钢琴谱#2]   AbstractChordInter.java:635  | Measure{#9} No timeOffset for HeadChordInter#7209{(0.955/0.955) staff:5 slot#12 dur:1/16}
2026-09-15 15:53:59,198 INFO [可惜没如果钢琴谱#2]          StackRhythm.java:224  | S3 MeasureStack#9 no correct rhythm
2026-09-15 15:53:59,203 INFO [可惜没如果钢琴谱#2]                Voice.java:257  | Measure{#11} Voice{#2 excess:1/4} too long
2026-09-15 15:53:59,203 INFO [可惜没如果钢琴谱#2]                Voice.java:257  | Measure{#11} Voice{#6 excess:1/4} too long
2026-09-15 15:53:59,203 INFO [可惜没如果钢琴谱#2]                Voice.java:257  | Measure{#11} Voice{#7 excess:3/8} too long
2026-09-15 15:53:59,204 INFO [可惜没如果钢琴谱#2]          StackRhythm.java:224  | S4 MeasureStack#11 no correct rhythm
2026-09-15 15:53:59,207 INFO [可惜没如果钢琴谱#2]                Voice.java:257  | Measure{#12} Voice{#2 excess:3/16} too long
2026-09-15 15:53:59,207 INFO [可惜没如果钢琴谱#2]                Voice.java:257  | Measure{#12} Voice{#7 excess:3/16} too long
2026-09-15 15:53:59,207 INFO [可惜没如果钢琴谱#2]                Voice.java:257  | Measure{#12} Voice{#8 excess:5/16} too long
2026-09-15 15:53:59,207 INFO [可惜没如果钢琴谱#2]          StackRhythm.java:224  | S4 MeasureStack#12 no correct rhythm
2026-09-15 15:53:59,216 INFO [可惜没如果钢琴谱#2]       StepMonitoring.java:98   | PAGE
2026-09-15 15:53:59,217 INFO [可惜没如果钢琴谱#2]       SheetReduction.java:154  | Gutter. Different glyphs 1/2 PedalInter#8052{(0.666/0.666) PEDAL_MARK} vs ArticulationInter#8087{(0.795/0.873) STACCATO}
2026-09-15 15:53:59,218 INFO [可惜没如果钢琴谱#2]       SheetReduction.java:154  | Gutter. Different glyphs 2/3 PedalInter#8094{(0.660/0.660) PEDAL_MARK} vs ArticulationInter#8133{(0.789/0.885) STACCATO}
2026-09-15 15:53:59,219 INFO [可惜没如果钢琴谱#2]       SheetReduction.java:154  | Gutter. Different glyphs 3/4 PedalInter#8131{(0.672/0.672) PEDAL_MARK} vs ArticulationInter#8164{(0.787/0.861) STACCATO}
2026-09-15 15:53:59,219 INFO [可惜没如果钢琴谱#2]       SheetReduction.java:154  | Gutter. Different glyphs 4/5 PedalInter#8179{(0.660/0.660) PEDAL_MARK} vs ArticulationInter#8210{(0.787/0.860) STACCATO}
2026-09-15 15:53:59,221 INFO [可惜没如果钢琴谱#2]                Voice.java:257  | Measure{#11} Voice{#2 excess:1/4} too long
2026-09-15 15:53:59,221 INFO [可惜没如果钢琴谱#2]                Voice.java:257  | Measure{#11} Voice{#6 excess:1/4} too long
2026-09-15 15:53:59,221 INFO [可惜没如果钢琴谱#2]                Voice.java:257  | Measure{#11} Voice{#7 excess:3/8} too long
2026-09-15 15:53:59,221 INFO [可惜没如果钢琴谱#2]                Voice.java:257  | Measure{#12} Voice{#2 excess:3/16} too long
2026-09-15 15:53:59,221 INFO [可惜没如果钢琴谱#2]                Voice.java:257  | Measure{#12} Voice{#7 excess:3/16} too long
2026-09-15 15:53:59,222 INFO [可惜没如果钢琴谱#2]                Voice.java:257  | Measure{#12} Voice{#8 excess:5/16} too long
2026-09-15 15:53:59,223 INFO [可惜没如果钢琴谱#2]                 Book.java:2584 | Book{可惜没如果钢琴谱} storing
2026-09-15 15:53:59,278 INFO [可惜没如果钢琴谱#2]                 Book.java:2565 | Stored /book.xml
2026-09-15 15:53:59,343 INFO [可惜没如果钢琴谱#2]           DataHolder.java:348  | Stored /sheet#2/BINARY.png
2026-09-15 15:53:59,678 INFO [可惜没如果钢琴谱#2]                Sheet.java:1583 | Stored /sheet#2/sheet#2.xml
2026-09-15 15:53:59,678 INFO [可惜没如果钢琴谱#2]                 Book.java:2525 | Book stored as E:\Repositories\robianist\tmp\pdfs\recognized\可惜没如果钢琴谱.omr
2026-09-15 15:53:59,683 INFO [可惜没如果钢琴谱#2]            SheetStub.java:1655 | Sheet#2 disposed
2026-09-15 15:53:59,707 INFO [可惜没如果钢琴谱#2]                 Book.java:2050 | End of Stub#2
2026-09-15 15:53:59,707 INFO [可惜没如果钢琴谱#3]       StepMonitoring.java:98   | LOAD
2026-09-15 15:54:00,093 INFO [可惜没如果钢琴谱#3]            SheetStub.java:1278 | Loaded image #3 2394x3380 from E:\Learnings\MusicLearning\Piano\可惜没如果钢琴谱.pdf
2026-09-15 15:54:00,094 INFO [可惜没如果钢琴谱#3]       StepMonitoring.java:98   | BINARY
2026-09-15 15:54:00,519 INFO [可惜没如果钢琴谱#3]       StepMonitoring.java:98   | SCALE
2026-09-15 15:54:00,522 INFO [可惜没如果钢琴谱#3]         ScaleBuilder.java:254  | Beam  guessed height: 11 -- 0.25 of [9..18] range
2026-09-15 15:54:00,522 INFO [可惜没如果钢琴谱#3]         ScaleBuilder.java:271  | Beam measured height: 12 -- 0.33 of [9..18] range at 503% of needed quorum
2026-09-15 15:54:00,522 INFO [可惜没如果钢琴谱#3]         ScaleBuilder.java:401  | Normalized black jitter: 10.00 %
2026-09-15 15:54:00,522 INFO [可惜没如果钢琴谱#3]            ScaleStep.java:65   | Scale{ interline(19,20,21) line(4,4,6) beam(12)}
2026-09-15 15:54:00,522 INFO [可惜没如果钢琴谱#3]       StepMonitoring.java:98   | GRID
2026-09-15 15:54:00,651 INFO [可惜没如果钢琴谱#3]       LinesRetriever.java:1508 | Global slope: 0.00000
2026-09-15 15:54:00,665 INFO [可惜没如果钢琴谱#3]    ClustersRetriever.java:326  | Retrieved raw line clusters: 10 of sizes [5] with interline(19,20,21)
2026-09-15 15:54:00,879 INFO [可惜没如果钢琴谱#3]            PeakGraph.java:310  | Systems: #1[1, 2] #2[3, 4] #3[5, 6] #4[7, 8] #5[9, 10]
2026-09-15 15:54:01,119 INFO [可惜没如果钢琴谱#3]        SystemManager.java:800  | 1 part along 5 systems
2026-09-15 15:54:01,119 INFO [可惜没如果钢琴谱#3]       StepMonitoring.java:98   | HEADERS
2026-09-15 15:54:01,325 INFO [可惜没如果钢琴谱#3]       StepMonitoring.java:98   | STEM_SEEDS
2026-09-15 15:54:01,353 INFO [可惜没如果钢琴谱#3]        StemSeedsStep.java:86   | stem(4 max:6)
2026-09-15 15:54:01,369 INFO [可惜没如果钢琴谱#3]       StepMonitoring.java:98   | BEAMS
2026-09-15 15:54:04,068 INFO [可惜没如果钢琴谱#3]       StepMonitoring.java:98   | LEDGERS
2026-09-15 15:54:04,224 INFO [可惜没如果钢琴谱#3]       StepMonitoring.java:98   | HEADS
2026-09-15 15:54:08,361 INFO [可惜没如果钢琴谱#3]        HeadSeedTally.java:235  | Scale information: HeadSeeds{NOTEHEAD_VOID[L:0.4,R:0.3] NOTEHEAD_BLACK[L:-0.4,R:-0.3]}
2026-09-15 15:54:08,362 INFO [可惜没如果钢琴谱#3]       StepMonitoring.java:98   | STEMS
2026-09-15 15:54:09,129 INFO [可惜没如果钢琴谱#3]       StepMonitoring.java:98   | REDUCTION
2026-09-15 15:54:09,267 INFO [可惜没如果钢琴谱#3]        ReductionStep.java:105  | Stems free length median value: 71 pixels, 3.6 interlines
2026-09-15 15:54:09,271 INFO [可惜没如果钢琴谱#3]       StepMonitoring.java:98   | CUE_BEAMS
2026-09-15 15:54:09,272 INFO [可惜没如果钢琴谱#3]         CueBeamsStep.java:81   | Step CUE_BEAMS is skipped because small heads switch is off
2026-09-15 15:54:09,272 INFO [可惜没如果钢琴谱#3]       StepMonitoring.java:98   | TEXTS
2026-09-15 15:54:09,272 WARN [可惜没如果钢琴谱#3]            TextsStep.java:97   | TEXTS step: No OCR is available!
2026-09-15 15:54:09,275 INFO [可惜没如果钢琴谱#3]       StepMonitoring.java:98   | MEASURES
2026-09-15 15:54:09,276 INFO [可惜没如果钢琴谱#3]                 Page.java:307  | 14 raw measures: [3 in system#1, 3 in system#2, 3 in system#3, 3 in system#4, 2 in system#5]
2026-09-15 15:54:09,276 INFO [可惜没如果钢琴谱#3]       StepMonitoring.java:98   | CHORDS
2026-09-15 15:54:09,284 INFO [可惜没如果钢琴谱#3]       StepMonitoring.java:98   | CURVES
2026-09-15 15:54:09,910 INFO [可惜没如果钢琴谱#3]         SlursBuilder.java:240  | Slurs: 39
2026-09-15 15:54:09,917 INFO [可惜没如果钢琴谱#3]      SegmentsBuilder.java:155  | Segments: 20
2026-09-15 15:54:09,918 INFO [可惜没如果钢琴谱#3]       StepMonitoring.java:98   | SYMBOLS
2026-09-15 15:54:10,623 INFO [可惜没如果钢琴谱#3]       StepMonitoring.java:98   | LINKS
2026-09-15 15:54:10,638 INFO [可惜没如果钢琴谱#3]        SymbolsLinker.java:258  | No chord linked to OctaveShiftInter#8465{(0.392) staff:6 OTTAVA BASSA} at java.awt.Point[x=284,y=2111]
2026-09-15 15:54:10,639 INFO [可惜没如果钢琴谱#3]             KeyInter.java:1198 | No effective key before AlterInter#8483{(0.796) staff:6 NATURAL pitch:-3.0}
2026-09-15 15:54:10,639 INFO [可惜没如果钢琴谱#3]             KeyInter.java:1198 | No effective key before AlterInter#8486{(0.795) staff:6 NATURAL pitch:4.0}
2026-09-15 15:54:10,646 INFO [可惜没如果钢琴谱#3]        SymbolsLinker.java:258  | No chord linked to OctaveShiftInter#8513{(0.392) staff:7 OTTAVA ALTA} at java.awt.Point[x=284,y=2111]
2026-09-15 15:54:10,661 INFO [可惜没如果钢琴谱#3]       StepMonitoring.java:98   | RHYTHMS
2026-09-15 15:54:10,662 INFO [可惜没如果钢琴谱#3]           PageRhythm.java:199  | {Page#3.1} Time value reused from sheet#1
2026-09-15 15:54:10,666 INFO [可惜没如果钢琴谱#3]        MeasureRhythm.java:1044 | Measure{#1} No timeOffset for RestChordInter#8426{(0.704/0.704) staff:1 slot#14 dur:1/2}
2026-09-15 15:54:10,667 INFO [可惜没如果钢琴谱#3]          StackRhythm.java:224  | S1 MeasureStack#1 no correct rhythm
2026-09-15 15:54:10,670 INFO [可惜没如果钢琴谱#3]        MeasureRhythm.java:1044 | Measure{#2} No timeOffset for HeadChordInter#7334{(0.950/0.950) staff:2 slot#7 dur:1/4}
2026-09-15 15:54:10,670 INFO [可惜没如果钢琴谱#3]   AbstractChordInter.java:635  | Measure{#2} No timeOffset for HeadChordInter#7334{(0.950/0.950) staff:2 slot#7 dur:1/4}
2026-09-15 15:54:10,671 INFO [可惜没如果钢琴谱#3]        MeasureRhythm.java:1044 | Measure{#2} No timeOffset for HeadChordInter#7305{(0.950/0.950) staff:1 slot#8 dur:1/8}
2026-09-15 15:54:10,671 INFO [可惜没如果钢琴谱#3]   AbstractChordInter.java:635  | Measure{#2} No timeOffset for HeadChordInter#7337{(0.961/0.961) staff:2 slot#10 dur:1/16}
2026-09-15 15:54:10,671 INFO [可惜没如果钢琴谱#3]   AbstractChordInter.java:635  | Measure{#2} No timeOffset for HeadChordInter#7310{(0.949/0.949) staff:1 slot#14 dur:1/16}
2026-09-15 15:54:10,671 INFO [可惜没如果钢琴谱#3]          StackRhythm.java:224  | S1 MeasureStack#2 no correct rhythm
2026-09-15 15:54:10,700 INFO [可惜没如果钢琴谱#3]       StepMonitoring.java:98   | PAGE
2026-09-15 15:54:10,701 INFO [可惜没如果钢琴谱#3]       SheetReduction.java:154  | Gutter. Different glyphs 3/4 PedalInter#8502{(0.661/0.661) PEDAL_MARK} vs ArticulationInter#8538{(0.797/0.909) STACCATO}
2026-09-15 15:54:10,703 INFO [可惜没如果钢琴谱#3]                 Book.java:2584 | Book{可惜没如果钢琴谱} storing
2026-09-15 15:54:10,755 INFO [可惜没如果钢琴谱#3]                 Book.java:2565 | Stored /book.xml
2026-09-15 15:54:10,827 INFO [可惜没如果钢琴谱#3]           DataHolder.java:348  | Stored /sheet#3/BINARY.png
2026-09-15 15:54:11,193 INFO [可惜没如果钢琴谱#3]                Sheet.java:1583 | Stored /sheet#3/sheet#3.xml
2026-09-15 15:54:11,194 INFO [可惜没如果钢琴谱#3]                 Book.java:2525 | Book stored as E:\Repositories\robianist\tmp\pdfs\recognized\可惜没如果钢琴谱.omr
2026-09-15 15:54:11,200 INFO [可惜没如果钢琴谱#3]            SheetStub.java:1655 | Sheet#3 disposed
2026-09-15 15:54:11,224 INFO [可惜没如果钢琴谱#3]                 Book.java:2050 | End of Stub#3
2026-09-15 15:54:11,224 INFO [可惜没如果钢琴谱#4]       StepMonitoring.java:98   | LOAD
2026-09-15 15:54:11,593 INFO [可惜没如果钢琴谱#4]            SheetStub.java:1278 | Loaded image #4 2394x3383 from E:\Learnings\MusicLearning\Piano\可惜没如果钢琴谱.pdf
2026-09-15 15:54:11,593 INFO [可惜没如果钢琴谱#4]       StepMonitoring.java:98   | BINARY
2026-09-15 15:54:11,991 INFO [可惜没如果钢琴谱#4]       StepMonitoring.java:98   | SCALE
2026-09-15 15:54:11,993 INFO [可惜没如果钢琴谱#4]         ScaleBuilder.java:254  | Beam  guessed height: 11 -- 0.25 of [9..19] range
2026-09-15 15:54:11,994 INFO [可惜没如果钢琴谱#4]         ScaleBuilder.java:271  | Beam measured height: 12 -- 0.30 of [9..19] range at 467% of needed quorum
2026-09-15 15:54:11,994 INFO [可惜没如果钢琴谱#4]         ScaleBuilder.java:401  | Normalized black jitter: 15.00 %
2026-09-15 15:54:11,994 INFO [可惜没如果钢琴谱#4]            ScaleStep.java:65   | Scale{ interline(19,20,20) line(3,4,6) beam(12)}
2026-09-15 15:54:11,994 INFO [可惜没如果钢琴谱#4]       StepMonitoring.java:98   | GRID
2026-09-15 15:54:12,081 INFO [可惜没如果钢琴谱#4]       LinesRetriever.java:1508 | Global slope: 0.00000
2026-09-15 15:54:12,090 INFO [可惜没如果钢琴谱#4]    ClustersRetriever.java:326  | Retrieved raw line clusters: 10 of sizes [5] with interline(19,20,20)
2026-09-15 15:54:12,173 INFO [可惜没如果钢琴谱#4]            PeakGraph.java:310  | Systems: #1[1, 2] #2[3, 4] #3[5, 6] #4[7, 8] #5[9, 10]
2026-09-15 15:54:12,422 INFO [可惜没如果钢琴谱#4]        SystemManager.java:800  | 1 part along 5 systems
2026-09-15 15:54:12,423 INFO [可惜没如果钢琴谱#4]       StepMonitoring.java:98   | HEADERS
2026-09-15 15:54:12,641 INFO [可惜没如果钢琴谱#4]       StepMonitoring.java:98   | STEM_SEEDS
2026-09-15 15:54:12,669 INFO [可惜没如果钢琴谱#4]        StemSeedsStep.java:86   | stem(4 max:6)
2026-09-15 15:54:12,682 INFO [可惜没如果钢琴谱#4]       StepMonitoring.java:98   | BEAMS
2026-09-15 15:54:15,345 INFO [可惜没如果钢琴谱#4]       StepMonitoring.java:98   | LEDGERS
2026-09-15 15:54:15,515 INFO [可惜没如果钢琴谱#4]       StepMonitoring.java:98   | HEADS
2026-09-15 15:54:19,807 INFO [可惜没如果钢琴谱#4]        HeadSeedTally.java:235  | Scale information: HeadSeeds{NOTEHEAD_VOID[L:0.2,R:-0.5] NOTEHEAD_BLACK[L:-0.3,R:0.5]}
2026-09-15 15:54:19,808 INFO [可惜没如果钢琴谱#4]       StepMonitoring.java:98   | STEMS
2026-09-15 15:54:20,500 INFO [可惜没如果钢琴谱#4]       StepMonitoring.java:98   | REDUCTION
2026-09-15 15:54:20,617 INFO [可惜没如果钢琴谱#4]        ReductionStep.java:105  | Stems free length median value: 67 pixels, 3.4 interlines
2026-09-15 15:54:20,620 INFO [可惜没如果钢琴谱#4]       StepMonitoring.java:98   | CUE_BEAMS
2026-09-15 15:54:20,620 INFO [可惜没如果钢琴谱#4]         CueBeamsStep.java:81   | Step CUE_BEAMS is skipped because small heads switch is off
2026-09-15 15:54:20,621 INFO [可惜没如果钢琴谱#4]       StepMonitoring.java:98   | TEXTS
2026-09-15 15:54:20,621 WARN [可惜没如果钢琴谱#4]            TextsStep.java:97   | TEXTS step: No OCR is available!
2026-09-15 15:54:20,624 INFO [可惜没如果钢琴谱#4]       StepMonitoring.java:98   | MEASURES
2026-09-15 15:54:20,625 INFO [可惜没如果钢琴谱#4]                 Page.java:307  | 13 raw measures: [2 in system#1, 2 in system#2, 3 in system#3, 3 in system#4, 3 in system#5]
2026-09-15 15:54:20,625 INFO [可惜没如果钢琴谱#4]       StepMonitoring.java:98   | CHORDS
2026-09-15 15:54:20,631 INFO [可惜没如果钢琴谱#4]       StepMonitoring.java:98   | CURVES
2026-09-15 15:54:21,168 INFO [可惜没如果钢琴谱#4]         SlursBuilder.java:240  | Slurs: 42
2026-09-15 15:54:21,174 INFO [可惜没如果钢琴谱#4]      SegmentsBuilder.java:155  | Segments: 23
2026-09-15 15:54:21,175 INFO [可惜没如果钢琴谱#4]       StepMonitoring.java:98   | SYMBOLS
2026-09-15 15:54:22,358 INFO [可惜没如果钢琴谱#4]       StepMonitoring.java:98   | LINKS
2026-09-15 15:54:22,359 INFO [可惜没如果钢琴谱#4]             KeyInter.java:1198 | No effective key before AlterInter#8471{(0.794) staff:1 NATURAL pitch:2.0}
2026-09-15 15:54:22,371 INFO [可惜没如果钢琴谱#4]        SymbolsLinker.java:258  | No chord linked to OctaveShiftInter#8536{(0.356) staff:6 OTTAVA BASSA} at java.awt.Point[x=285,y=2111]
2026-09-15 15:54:22,371 INFO [可惜没如果钢琴谱#4]             KeyInter.java:1198 | No effective key before AlterInter#8547{(0.299) staff:5 NATURAL pitch:2.0}
2026-09-15 15:54:22,381 INFO [可惜没如果钢琴谱#4]        SymbolsLinker.java:258  | No chord linked to OctaveShiftInter#8722{(0.356) staff:7 OTTAVA ALTA} at java.awt.Point[x=285,y=2111]
2026-09-15 15:54:22,398 INFO [可惜没如果钢琴谱#4]       StepMonitoring.java:98   | RHYTHMS
2026-09-15 15:54:22,399 INFO [可惜没如果钢琴谱#4]           PageRhythm.java:199  | {Page#4.1} Time value reused from sheet#1
2026-09-15 15:54:22,410 INFO [可惜没如果钢琴谱#4]        MeasureRhythm.java:1276 | Measure{#4} Time inconsistency in {1/8=[HeadChordInter#7404{(0.938/0.938) staff:3 slot#3 off:1/8 dur:1/16}], 3/16=[HeadChordInter#7431{(0.954/0.954) staff:4 slot#3 off:3/16 dur:1/16}]}
2026-09-15 15:54:22,426 INFO [可惜没如果钢琴谱#4]       StepMonitoring.java:98   | PAGE
2026-09-15 15:54:22,427 INFO [可惜没如果钢琴谱#4]       SheetReduction.java:154  | Gutter. Different glyphs 2/3 PedalInter#8495{(0.682/0.682) PEDAL_MARK} vs ArticulationInter#8539{(0.558/0.741) STACCATO}
2026-09-15 15:54:22,428 INFO [可惜没如果钢琴谱#4]       SheetReduction.java:154  | Gutter. Different glyphs 3/4 PedalInter#8572{(0.677/0.677) PEDAL_MARK} vs ArticulationInter#8746{(0.756/0.816) STACCATO}
2026-09-15 15:54:22,429 INFO [可惜没如果钢琴谱#4]       SheetReduction.java:154  | Gutter. Different glyphs 3/4 PedalInter#8573{(0.789/0.789) PEDAL_UP_MARK} vs ArticulationInter#8746{(0.756/0.816) STACCATO}
2026-09-15 15:54:22,429 INFO [可惜没如果钢琴谱#4]       SheetReduction.java:154  | Gutter. Different glyphs 4/5 PedalInter#8751{(0.699/0.699) PEDAL_MARK} vs ArticulationInter#8787{(0.769/0.815) STACCATO}
2026-09-15 15:54:22,429 INFO [可惜没如果钢琴谱#4]       SheetReduction.java:154  | Gutter. Different glyphs 4/5 PedalInter#8761{(0.681/0.681) PEDAL_MARK} vs ArticulationInter#8800{(0.769/0.828) STACCATO}
2026-09-15 15:54:22,431 INFO [可惜没如果钢琴谱#4]                 Book.java:2584 | Book{可惜没如果钢琴谱} storing
2026-09-15 15:54:22,492 INFO [可惜没如果钢琴谱#4]                 Book.java:2565 | Stored /book.xml
2026-09-15 15:54:22,556 INFO [可惜没如果钢琴谱#4]           DataHolder.java:348  | Stored /sheet#4/BINARY.png
2026-09-15 15:54:22,918 INFO [可惜没如果钢琴谱#4]                Sheet.java:1583 | Stored /sheet#4/sheet#4.xml
2026-09-15 15:54:22,918 INFO [可惜没如果钢琴谱#4]                 Book.java:2525 | Book stored as E:\Repositories\robianist\tmp\pdfs\recognized\可惜没如果钢琴谱.omr
2026-09-15 15:54:22,924 INFO [可惜没如果钢琴谱#4]            SheetStub.java:1655 | Sheet#4 disposed
2026-09-15 15:54:22,947 INFO [可惜没如果钢琴谱#4]                 Book.java:2050 | End of Stub#4
2026-09-15 15:54:22,947 INFO [可惜没如果钢琴谱#5]       StepMonitoring.java:98   | LOAD
2026-09-15 15:54:23,313 INFO [可惜没如果钢琴谱#5]            SheetStub.java:1278 | Loaded image #5 2391x3386 from E:\Learnings\MusicLearning\Piano\可惜没如果钢琴谱.pdf
2026-09-15 15:54:23,314 INFO [可惜没如果钢琴谱#5]       StepMonitoring.java:98   | BINARY
2026-09-15 15:54:23,712 INFO [可惜没如果钢琴谱#5]       StepMonitoring.java:98   | SCALE
2026-09-15 15:54:23,714 INFO [可惜没如果钢琴谱#5]         ScaleBuilder.java:254  | Beam  guessed height: 11 -- 0.25 of [9..19] range
2026-09-15 15:54:23,714 INFO [可惜没如果钢琴谱#5]         ScaleBuilder.java:271  | Beam measured height: 12 -- 0.30 of [9..19] range at 562% of needed quorum
2026-09-15 15:54:23,714 INFO [可惜没如果钢琴谱#5]         ScaleBuilder.java:401  | Normalized black jitter: 15.00 %
2026-09-15 15:54:23,714 INFO [可惜没如果钢琴谱#5]            ScaleStep.java:65   | Scale{ interline(19,20,21) line(3,4,6) beam(12)}
2026-09-15 15:54:23,714 INFO [可惜没如果钢琴谱#5]       StepMonitoring.java:98   | GRID
2026-09-15 15:54:23,812 INFO [可惜没如果钢琴谱#5]       LinesRetriever.java:1508 | Global slope: 0.00000
2026-09-15 15:54:23,819 INFO [可惜没如果钢琴谱#5]    ClustersRetriever.java:326  | Retrieved raw line clusters: 10 of sizes [5] with interline(19,20,21)
2026-09-15 15:54:23,901 INFO [可惜没如果钢琴谱#5]            PeakGraph.java:310  | Systems: #1[1, 2] #2[3, 4] #3[5, 6] #4[7, 8] #5[9, 10]
2026-09-15 15:54:24,096 INFO [可惜没如果钢琴谱#5]        SystemManager.java:800  | 1 part along 5 systems
2026-09-15 15:54:24,096 INFO [可惜没如果钢琴谱#5]       StepMonitoring.java:98   | HEADERS
2026-09-15 15:54:24,317 INFO [可惜没如果钢琴谱#5]       StepMonitoring.java:98   | STEM_SEEDS
2026-09-15 15:54:24,344 INFO [可惜没如果钢琴谱#5]        StemSeedsStep.java:86   | stem(4 max:6)
2026-09-15 15:54:24,357 INFO [可惜没如果钢琴谱#5]       StepMonitoring.java:98   | BEAMS
2026-09-15 15:54:27,067 INFO [可惜没如果钢琴谱#5]       StepMonitoring.java:98   | LEDGERS
2026-09-15 15:54:27,213 INFO [可惜没如果钢琴谱#5]       StepMonitoring.java:98   | HEADS
2026-09-15 15:54:31,740 INFO [可惜没如果钢琴谱#5]        HeadSeedTally.java:235  | Scale information: HeadSeeds{NOTEHEAD_VOID[L:-0.2] NOTEHEAD_BLACK[L:-0.4,R:-0.0]}
2026-09-15 15:54:31,741 INFO [可惜没如果钢琴谱#5]       StepMonitoring.java:98   | STEMS
2026-09-15 15:54:32,659 INFO [可惜没如果钢琴谱#5]       StepMonitoring.java:98   | REDUCTION
2026-09-15 15:54:32,760 INFO [可惜没如果钢琴谱#5]        ReductionStep.java:105  | Stems free length median value: 60 pixels, 3.0 interlines
2026-09-15 15:54:32,763 INFO [可惜没如果钢琴谱#5]       StepMonitoring.java:98   | CUE_BEAMS
2026-09-15 15:54:32,764 INFO [可惜没如果钢琴谱#5]         CueBeamsStep.java:81   | Step CUE_BEAMS is skipped because small heads switch is off
2026-09-15 15:54:32,764 INFO [可惜没如果钢琴谱#5]       StepMonitoring.java:98   | TEXTS
2026-09-15 15:54:32,764 WARN [可惜没如果钢琴谱#5]            TextsStep.java:97   | TEXTS step: No OCR is available!
2026-09-15 15:54:32,767 INFO [可惜没如果钢琴谱#5]       StepMonitoring.java:98   | MEASURES
2026-09-15 15:54:32,768 INFO [可惜没如果钢琴谱#5]                 Page.java:307  | 12 raw measures: [3 in system#1, 3 in system#2, 2 in system#3, 2 in system#4, 2 in system#5]
2026-09-15 15:54:32,768 INFO [可惜没如果钢琴谱#5]       StepMonitoring.java:98   | CHORDS
2026-09-15 15:54:32,773 INFO [可惜没如果钢琴谱#5]       StepMonitoring.java:98   | CURVES
2026-09-15 15:54:33,325 INFO [可惜没如果钢琴谱#5]         SlursBuilder.java:240  | Slurs: 30
2026-09-15 15:54:33,330 INFO [可惜没如果钢琴谱#5]      SegmentsBuilder.java:155  | Segments: 12
2026-09-15 15:54:33,331 INFO [可惜没如果钢琴谱#5]       StepMonitoring.java:98   | SYMBOLS
2026-09-15 15:54:34,060 INFO [可惜没如果钢琴谱#5]       StepMonitoring.java:98   | LINKS
2026-09-15 15:54:34,069 INFO [可惜没如果钢琴谱#5]             KeyInter.java:1198 | No effective key before AlterInter#9067{(0.798) staff:3 NATURAL pitch:-5.0}
2026-09-15 15:54:34,069 INFO [可惜没如果钢琴谱#5]             KeyInter.java:1198 | No effective key before AlterInter#9069{(0.792) staff:3 NATURAL pitch:2.0}
2026-09-15 15:54:34,078 INFO [可惜没如果钢琴谱#5]             KeyInter.java:1198 | No effective key before AlterInter#9106{(0.143) staff:5 NATURAL pitch:3.0}
2026-09-15 15:54:34,100 INFO [可惜没如果钢琴谱#5]       StepMonitoring.java:98   | RHYTHMS
2026-09-15 15:54:34,101 INFO [可惜没如果钢琴谱#5]           PageRhythm.java:199  | {Page#5.1} Time value reused from sheet#1
2026-09-15 15:54:34,122 INFO [可惜没如果钢琴谱#5]        MeasureRhythm.java:1044 | Measure{#10} No timeOffset for RestChordInter#9162{(0.514/0.514) staff:7 slot#16 dur:1/2}
2026-09-15 15:54:34,122 INFO [可惜没如果钢琴谱#5]          StackRhythm.java:224  | S4 MeasureStack#10 no correct rhythm
2026-09-15 15:54:34,126 INFO [可惜没如果钢琴谱#5]        MeasureRhythm.java:1044 | Measure{#11} No timeOffset for HeadChordInter#8201{(0.960/0.960) staff:9 slot#14 dur:1/8}
2026-09-15 15:54:34,127 INFO [可惜没如果钢琴谱#5]        MeasureRhythm.java:1044 | Measure{#11} No timeOffset for HeadChordInter#8225{(0.901/0.901) staff:10 slot#14 dur:1/16}
2026-09-15 15:54:34,127 INFO [可惜没如果钢琴谱#5]                Voice.java:257  | Measure{#11} Voice{#2 excess:1/4} too long
2026-09-15 15:54:34,127 INFO [可惜没如果钢琴谱#5]                Voice.java:257  | Measure{#11} Voice{#6 excess:1/4} too long
2026-09-15 15:54:34,128 INFO [可惜没如果钢琴谱#5]          StackRhythm.java:224  | S5 MeasureStack#11 no correct rhythm
2026-09-15 15:54:34,130 INFO [可惜没如果钢琴谱#5]       StepMonitoring.java:98   | PAGE
2026-09-15 15:54:34,131 INFO [可惜没如果钢琴谱#5]       SheetReduction.java:154  | Gutter. Different glyphs 1/2 PedalInter#9016{(0.689/0.689) PEDAL_MARK} vs StemInter#6290{(0.785/0.991) staff:3 STEM}
2026-09-15 15:54:34,131 INFO [可惜没如果钢琴谱#5]       SheetReduction.java:154  | Gutter. Different glyphs 2/3 PedalInter#9058{(0.659/0.659) PEDAL_MARK} vs ArticulationInter#9111{(0.751/0.853) STACCATO}
2026-09-15 15:54:34,132 INFO [可惜没如果钢琴谱#5]       SheetReduction.java:154  | Gutter. Different glyphs 2/3 PedalInter#9082{(0.668/0.668) PEDAL_MARK} vs ArticulationInter#9116{(0.668/0.806) STACCATO}
2026-09-15 15:54:34,132 INFO [可惜没如果钢琴谱#5]       SheetReduction.java:154  | Gutter. Different glyphs 3/4 PedalInter#9124{(0.672/0.672) PEDAL_MARK} vs AugmentationDotInter#9164{(0.762/0.847) staff:7 AUGMENTATION_DOT}
2026-09-15 15:54:34,133 INFO [可惜没如果钢琴谱#5]       SheetReduction.java:154  | Gutter. Different glyphs 4/5 PedalInter#9150{(0.670/0.670) PEDAL_MARK} vs AugmentationDotInter#9218{(0.769/0.865) staff:9 AUGMENTATION_DOT}
2026-09-15 15:54:34,133 INFO [可惜没如果钢琴谱#5]       SheetReduction.java:154  | Gutter. Different glyphs 4/5 PedalInter#9154{(0.651/0.651) PEDAL_MARK} vs ArticulationInter#9194{(0.752/0.839) STACCATO}
2026-09-15 15:54:34,134 INFO [可惜没如果钢琴谱#5]                Voice.java:257  | Measure{#11} Voice{#2 excess:1/4} too long
2026-09-15 15:54:34,135 INFO [可惜没如果钢琴谱#5]                Voice.java:257  | Measure{#11} Voice{#6 excess:1/4} too long
2026-09-15 15:54:34,136 INFO [可惜没如果钢琴谱#5]                 Book.java:2584 | Book{可惜没如果钢琴谱} storing
2026-09-15 15:54:34,189 INFO [可惜没如果钢琴谱#5]                 Book.java:2565 | Stored /book.xml
2026-09-15 15:54:34,254 INFO [可惜没如果钢琴谱#5]           DataHolder.java:348  | Stored /sheet#5/BINARY.png
2026-09-15 15:54:34,638 INFO [可惜没如果钢琴谱#5]                Sheet.java:1583 | Stored /sheet#5/sheet#5.xml
2026-09-15 15:54:34,638 INFO [可惜没如果钢琴谱#5]                 Book.java:2525 | Book stored as E:\Repositories\robianist\tmp\pdfs\recognized\可惜没如果钢琴谱.omr
2026-09-15 15:54:34,646 INFO [可惜没如果钢琴谱#5]            SheetStub.java:1655 | Sheet#5 disposed
2026-09-15 15:54:34,670 INFO [可惜没如果钢琴谱#5]                 Book.java:2050 | End of Stub#5
2026-09-15 15:54:34,671 INFO [可惜没如果钢琴谱#6]       StepMonitoring.java:98   | LOAD
2026-09-15 15:54:35,035 INFO [可惜没如果钢琴谱#6]            SheetStub.java:1278 | Loaded image #6 2397x3386 from E:\Learnings\MusicLearning\Piano\可惜没如果钢琴谱.pdf
2026-09-15 15:54:35,035 INFO [可惜没如果钢琴谱#6]       StepMonitoring.java:98   | BINARY
2026-09-15 15:54:35,430 INFO [可惜没如果钢琴谱#6]       StepMonitoring.java:98   | SCALE
2026-09-15 15:54:35,432 INFO [可惜没如果钢琴谱#6]         ScaleBuilder.java:254  | Beam  guessed height: 11 -- 0.25 of [9..18] range
2026-09-15 15:54:35,433 INFO [可惜没如果钢琴谱#6]         ScaleBuilder.java:271  | Beam measured height: 12 -- 0.33 of [9..18] range at 575% of needed quorum
2026-09-15 15:54:35,433 INFO [可惜没如果钢琴谱#6]         ScaleBuilder.java:401  | Normalized black jitter: 10.00 %
2026-09-15 15:54:35,433 INFO [可惜没如果钢琴谱#6]            ScaleStep.java:65   | Scale{ interline(19,20,21) line(4,4,6) beam(12)}
2026-09-15 15:54:35,433 INFO [可惜没如果钢琴谱#6]       StepMonitoring.java:98   | GRID
2026-09-15 15:54:35,535 INFO [可惜没如果钢琴谱#6]       LinesRetriever.java:1508 | Global slope: 0.00000
2026-09-15 15:54:35,542 INFO [可惜没如果钢琴谱#6]    ClustersRetriever.java:326  | Retrieved raw line clusters: 10 of sizes [5] with interline(19,20,21)
2026-09-15 15:54:35,629 INFO [可惜没如果钢琴谱#6]            PeakGraph.java:310  | Systems: #1[1, 2] #2[3, 4] #3[5, 6] #4[7, 8] #5[9, 10]
2026-09-15 15:54:35,831 INFO [可惜没如果钢琴谱#6]        SystemManager.java:800  | 1 part along 5 systems
2026-09-15 15:54:35,832 INFO [可惜没如果钢琴谱#6]       StepMonitoring.java:98   | HEADERS
2026-09-15 15:54:36,025 INFO [可惜没如果钢琴谱#6]       StepMonitoring.java:98   | STEM_SEEDS
2026-09-15 15:54:36,051 INFO [可惜没如果钢琴谱#6]        StemSeedsStep.java:86   | stem(4 max:5)
2026-09-15 15:54:36,062 INFO [可惜没如果钢琴谱#6]       StepMonitoring.java:98   | BEAMS
2026-09-15 15:54:38,761 INFO [可惜没如果钢琴谱#6]       StepMonitoring.java:98   | LEDGERS
2026-09-15 15:54:38,908 INFO [可惜没如果钢琴谱#6]       StepMonitoring.java:98   | HEADS
2026-09-15 15:54:43,655 INFO [可惜没如果钢琴谱#6]        HeadSeedTally.java:235  | Scale information: HeadSeeds{NOTEHEAD_BLACK[L:-0.2,R:-0.1]}
2026-09-15 15:54:43,656 INFO [可惜没如果钢琴谱#6]       StepMonitoring.java:98   | STEMS
2026-09-15 15:54:43,813 INFO [可惜没如果钢琴谱#6]           BeamLinker.java:1729 | Not linking shorter BeamInter#1664{(0.666) BEAM}
2026-09-15 15:54:44,616 INFO [可惜没如果钢琴谱#6]       StepMonitoring.java:98   | REDUCTION
2026-09-15 15:54:44,717 INFO [可惜没如果钢琴谱#6]        ReductionStep.java:105  | Stems free length median value: 64 pixels, 3.2 interlines
2026-09-15 15:54:44,721 INFO [可惜没如果钢琴谱#6]       StepMonitoring.java:98   | CUE_BEAMS
2026-09-15 15:54:44,722 INFO [可惜没如果钢琴谱#6]         CueBeamsStep.java:81   | Step CUE_BEAMS is skipped because small heads switch is off
2026-09-15 15:54:44,722 INFO [可惜没如果钢琴谱#6]       StepMonitoring.java:98   | TEXTS
2026-09-15 15:54:44,722 WARN [可惜没如果钢琴谱#6]            TextsStep.java:97   | TEXTS step: No OCR is available!
2026-09-15 15:54:44,724 INFO [可惜没如果钢琴谱#6]       StepMonitoring.java:98   | MEASURES
2026-09-15 15:54:44,726 INFO [可惜没如果钢琴谱#6]                 Page.java:307  | 13 raw measures: [3 in system#1, 3 in system#2, 3 in system#3, 2 in system#4, 2 in system#5]
2026-09-15 15:54:44,726 INFO [可惜没如果钢琴谱#6]       StepMonitoring.java:98   | CHORDS
2026-09-15 15:54:44,731 INFO [可惜没如果钢琴谱#6]       StepMonitoring.java:98   | CURVES
2026-09-15 15:54:45,383 INFO [可惜没如果钢琴谱#6]         SlursBuilder.java:240  | Slurs: 32
2026-09-15 15:54:45,389 INFO [可惜没如果钢琴谱#6]      SegmentsBuilder.java:155  | Segments: 8
2026-09-15 15:54:45,390 INFO [可惜没如果钢琴谱#6]       StepMonitoring.java:98   | SYMBOLS
2026-09-15 15:54:46,195 INFO [可惜没如果钢琴谱#6]       StepMonitoring.java:98   | LINKS
2026-09-15 15:54:46,198 INFO [可惜没如果钢琴谱#6]             KeyInter.java:1198 | No effective key before AlterInter#9096{(0.792) staff:1 NATURAL pitch:2.0}
2026-09-15 15:54:46,244 INFO [可惜没如果钢琴谱#6]             KeyInter.java:1198 | No effective key before AlterInter#9252{(0.798) staff:9 NATURAL pitch:-5.0}
2026-09-15 15:54:46,257 INFO [可惜没如果钢琴谱#6]       StepMonitoring.java:98   | RHYTHMS
2026-09-15 15:54:46,258 INFO [可惜没如果钢琴谱#6]           PageRhythm.java:199  | {Page#6.1} Time value reused from sheet#1
2026-09-15 15:54:46,262 INFO [可惜没如果钢琴谱#6]        MeasureRhythm.java:1276 | Measure{#2} Time inconsistency in {1/8=[HeadChordInter#8081{(0.961/0.961) staff:2 slot#3 off:1/8 dur:1/8}], 1/4=[HeadChordInter#8051{(0.945/0.945) staff:1 slot#3 off:1/4 dur:1/8}]}
2026-09-15 15:54:46,270 INFO [可惜没如果钢琴谱#6]        MeasureRhythm.java:1044 | Measure{#5} No timeOffset for RestChordInter#9160{(0.661/0.661) staff:3 slot#13 dur:1/2}
2026-09-15 15:54:46,271 INFO [可惜没如果钢琴谱#6]          StackRhythm.java:224  | S2 MeasureStack#5 no correct rhythm
2026-09-15 15:54:46,273 INFO [可惜没如果钢琴谱#6]        MeasureRhythm.java:1044 | Measure{#6} No timeOffset for HeadChordInter#8121{(0.944/0.944) staff:3 slot#8 dur:1/8}
2026-09-15 15:54:46,274 INFO [可惜没如果钢琴谱#6]        MeasureRhythm.java:1044 | Measure{#6} No timeOffset for HeadChordInter#8147{(0.935/0.935) staff:4 slot#8 dur:1/8}
2026-09-15 15:54:46,274 INFO [可惜没如果钢琴谱#6]   AbstractChordInter.java:635  | Measure{#6} No timeOffset for HeadChordInter#8126{(0.948/0.948) staff:3 slot#13 dur:1/16}
2026-09-15 15:54:46,274 INFO [可惜没如果钢琴谱#6]   AbstractChordInter.java:635  | Measure{#6} No timeOffset for HeadChordInter#8149{(0.958/0.958) staff:4 slot#10 dur:1/16}
2026-09-15 15:54:46,275 INFO [可惜没如果钢琴谱#6]          StackRhythm.java:224  | S2 MeasureStack#6 no correct rhythm
2026-09-15 15:54:46,277 INFO [可惜没如果钢琴谱#6]                Voice.java:257  | Measure{#7} Voice{#7 excess:1/8} too long
2026-09-15 15:54:46,277 INFO [可惜没如果钢琴谱#6]          StackRhythm.java:224  | S3 MeasureStack#7 no correct rhythm
2026-09-15 15:54:46,290 INFO [可惜没如果钢琴谱#6]                Voice.java:257  | Measure{#11} Voice{#7 excess:1/8} too long
2026-09-15 15:54:46,290 INFO [可惜没如果钢琴谱#6]          StackRhythm.java:224  | S4 MeasureStack#11 no correct rhythm
2026-09-15 15:54:46,297 INFO [可惜没如果钢琴谱#6]                Voice.java:257  | Measure{#13} Voice{#6 excess:1/4} too long
2026-09-15 15:54:46,297 INFO [可惜没如果钢琴谱#6]                Voice.java:257  | Measure{#13} Voice{#7 excess:1/4} too long
2026-09-15 15:54:46,298 INFO [可惜没如果钢琴谱#6]          StackRhythm.java:224  | S5 MeasureStack#13 no correct rhythm
2026-09-15 15:54:46,298 INFO [可惜没如果钢琴谱#6]       StepMonitoring.java:98   | PAGE
2026-09-15 15:54:46,299 INFO [可惜没如果钢琴谱#6]       SheetReduction.java:154  | Gutter. Different glyphs 1/2 PedalInter#9108{(0.676/0.676) PEDAL_MARK} vs ArticulationInter#9151{(0.790/0.907) STACCATO}
2026-09-15 15:54:46,299 INFO [可惜没如果钢琴谱#6]       SheetReduction.java:154  | Gutter. Different glyphs 1/2 PedalInter#9112{(0.671/0.671) PEDAL_MARK} vs ArticulationInter#9156{(0.788/0.871) STACCATO}
2026-09-15 15:54:46,300 INFO [可惜没如果钢琴谱#6]       SheetReduction.java:154  | Gutter. Different glyphs 2/3 PedalInter#9129{(0.670/0.670) PEDAL_MARK} vs ArticulationInter#9164{(0.769/0.846) STACCATO}
2026-09-15 15:54:46,300 INFO [可惜没如果钢琴谱#6]       SheetReduction.java:154  | Gutter. Different glyphs 2/3 PedalInter#9133{(0.664/0.664) PEDAL_MARK} vs ArticulationInter#9169{(0.762/0.818) STACCATO}
2026-09-15 15:54:46,300 INFO [可惜没如果钢琴谱#6]       SheetReduction.java:154  | Gutter. Different glyphs 2/3 PedalInter#9139{(0.678/0.678) PEDAL_MARK} vs ArticulationInter#9174{(0.796/0.892) STACCATO}
2026-09-15 15:54:46,300 INFO [可惜没如果钢琴谱#6]       SheetReduction.java:154  | Gutter. Different glyphs 2/3 PedalInter#9154{(0.666/0.666) PEDAL_MARK} vs ArticulationInter#9181{(0.747/0.869) STACCATO}
2026-09-15 15:54:46,301 INFO [可惜没如果钢琴谱#6]       SheetReduction.java:154  | Gutter. Different glyphs 4/5 PedalInter#9219{(0.634/0.634) PEDAL_MARK} vs ArticulationInter#9261{(0.739/0.829) STACCATO}
2026-09-15 15:54:46,302 INFO [可惜没如果钢琴谱#6]                Voice.java:257  | Measure{#7} Voice{#7 excess:1/8} too long
2026-09-15 15:54:46,303 INFO [可惜没如果钢琴谱#6]                Voice.java:257  | Measure{#11} Voice{#7 excess:1/8} too long
2026-09-15 15:54:46,304 INFO [可惜没如果钢琴谱#6]                Voice.java:257  | Measure{#13} Voice{#5 excess:1/4} too long
2026-09-15 15:54:46,304 INFO [可惜没如果钢琴谱#6]                Voice.java:257  | Measure{#13} Voice{#6 excess:1/4} too long
2026-09-15 15:54:46,305 INFO [可惜没如果钢琴谱#6]                 Book.java:2584 | Book{可惜没如果钢琴谱} storing
2026-09-15 15:54:46,364 INFO [可惜没如果钢琴谱#6]                 Book.java:2565 | Stored /book.xml
2026-09-15 15:54:46,432 INFO [可惜没如果钢琴谱#6]           DataHolder.java:348  | Stored /sheet#6/BINARY.png
2026-09-15 15:54:46,832 INFO [可惜没如果钢琴谱#6]                Sheet.java:1583 | Stored /sheet#6/sheet#6.xml
2026-09-15 15:54:46,833 INFO [可惜没如果钢琴谱#6]                 Book.java:2525 | Book stored as E:\Repositories\robianist\tmp\pdfs\recognized\可惜没如果钢琴谱.omr
2026-09-15 15:54:46,842 INFO [可惜没如果钢琴谱#6]            SheetStub.java:1655 | Sheet#6 disposed
2026-09-15 15:54:46,866 INFO [可惜没如果钢琴谱#6]                 Book.java:2050 | End of Stub#6
2026-09-15 15:54:46,866 INFO [可惜没如果钢琴谱#7]       StepMonitoring.java:98   | LOAD
2026-09-15 15:54:47,242 INFO [可惜没如果钢琴谱#7]            SheetStub.java:1278 | Loaded image #7 2391x3383 from E:\Learnings\MusicLearning\Piano\可惜没如果钢琴谱.pdf
2026-09-15 15:54:47,242 INFO [可惜没如果钢琴谱#7]       StepMonitoring.java:98   | BINARY
2026-09-15 15:54:47,661 INFO [可惜没如果钢琴谱#7]       StepMonitoring.java:98   | SCALE
2026-09-15 15:54:47,663 INFO [可惜没如果钢琴谱#7]         ScaleBuilder.java:254  | Beam  guessed height: 11 -- 0.25 of [9..19] range
2026-09-15 15:54:47,664 INFO [可惜没如果钢琴谱#7]         ScaleBuilder.java:271  | Beam measured height: 12 -- 0.30 of [9..19] range at 594% of needed quorum
2026-09-15 15:54:47,664 INFO [可惜没如果钢琴谱#7]         ScaleBuilder.java:401  | Normalized black jitter: 15.00 %
2026-09-15 15:54:47,664 INFO [可惜没如果钢琴谱#7]            ScaleStep.java:65   | Scale{ interline(19,20,21) line(3,4,6) beam(12)}
2026-09-15 15:54:47,664 INFO [可惜没如果钢琴谱#7]       StepMonitoring.java:98   | GRID
2026-09-15 15:54:47,771 INFO [可惜没如果钢琴谱#7]       LinesRetriever.java:1508 | Global slope: 0.00000
2026-09-15 15:54:47,780 INFO [可惜没如果钢琴谱#7]    ClustersRetriever.java:326  | Retrieved raw line clusters: 10 of sizes [5] with interline(19,20,21)
2026-09-15 15:54:47,887 INFO [可惜没如果钢琴谱#7]            PeakGraph.java:310  | Systems: #1[1, 2] #2[3, 4] #3[5, 6] #4[7, 8] #5[9, 10]
2026-09-15 15:54:48,118 INFO [可惜没如果钢琴谱#7]        SystemManager.java:800  | 1 part along 5 systems
2026-09-15 15:54:48,118 INFO [可惜没如果钢琴谱#7]       StepMonitoring.java:98   | HEADERS
2026-09-15 15:54:48,299 INFO [可惜没如果钢琴谱#7]       StepMonitoring.java:98   | STEM_SEEDS
2026-09-15 15:54:48,325 INFO [可惜没如果钢琴谱#7]        StemSeedsStep.java:86   | stem(4 max:5)
2026-09-15 15:54:48,335 INFO [可惜没如果钢琴谱#7]       StepMonitoring.java:98   | BEAMS
2026-09-15 15:54:51,025 INFO [可惜没如果钢琴谱#7]       StepMonitoring.java:98   | LEDGERS
2026-09-15 15:54:51,154 INFO [可惜没如果钢琴谱#7]       StepMonitoring.java:98   | HEADS
2026-09-15 15:54:55,235 INFO [可惜没如果钢琴谱#7]        HeadSeedTally.java:235  | Scale information: HeadSeeds{NOTEHEAD_BLACK[L:-0.4,R:-0.3]}
2026-09-15 15:54:55,236 INFO [可惜没如果钢琴谱#7]       StepMonitoring.java:98   | STEMS
2026-09-15 15:54:55,671 INFO [可惜没如果钢琴谱#7]       StepMonitoring.java:98   | REDUCTION
2026-09-15 15:54:55,734 INFO [可惜没如果钢琴谱#7]        ReductionStep.java:105  | Stems free length median value: 66 pixels, 3.3 interlines
2026-09-15 15:54:55,736 INFO [可惜没如果钢琴谱#7]       StepMonitoring.java:98   | CUE_BEAMS
2026-09-15 15:54:55,737 INFO [可惜没如果钢琴谱#7]         CueBeamsStep.java:81   | Step CUE_BEAMS is skipped because small heads switch is off
2026-09-15 15:54:55,737 INFO [可惜没如果钢琴谱#7]       StepMonitoring.java:98   | TEXTS
2026-09-15 15:54:55,737 WARN [可惜没如果钢琴谱#7]            TextsStep.java:97   | TEXTS step: No OCR is available!
2026-09-15 15:54:55,740 INFO [可惜没如果钢琴谱#7]       StepMonitoring.java:98   | MEASURES
2026-09-15 15:54:55,741 INFO [可惜没如果钢琴谱#7]                 Page.java:307  | 14 raw measures: [2 in system#1, 2 in system#2, 2 in system#3, 3 in system#4, 5 in system#5]
2026-09-15 15:54:55,742 INFO [可惜没如果钢琴谱#7]       StepMonitoring.java:98   | CHORDS
2026-09-15 15:54:55,746 INFO [可惜没如果钢琴谱#7]       StepMonitoring.java:98   | CURVES
2026-09-15 15:54:56,229 INFO [可惜没如果钢琴谱#7]         SlursBuilder.java:240  | Slurs: 28
2026-09-15 15:54:56,234 INFO [可惜没如果钢琴谱#7]      SegmentsBuilder.java:155  | Segments: 15
2026-09-15 15:54:56,234 INFO [可惜没如果钢琴谱#7]       StepMonitoring.java:98   | SYMBOLS
2026-09-15 15:54:56,850 INFO [可惜没如果钢琴谱#7]       StepMonitoring.java:98   | LINKS
2026-09-15 15:54:56,851 INFO [可惜没如果钢琴谱#7]        SymbolsLinker.java:258  | No chord linked to OctaveShiftInter#7143{(0.432) staff:2 OTTAVA BASSA} at java.awt.Point[x=259,y=894]
2026-09-15 15:54:56,864 INFO [可惜没如果钢琴谱#7]        SymbolsLinker.java:258  | No chord linked to OctaveShiftInter#7163{(0.432) staff:3 OTTAVA ALTA} at java.awt.Point[x=259,y=894]
2026-09-15 15:54:56,865 INFO [可惜没如果钢琴谱#7]        SymbolsLinker.java:258  | No chord linked to OctaveShiftInter#7164{(0.460) staff:4 OTTAVA BASSA} at java.awt.Point[x=259,y=1502]
2026-09-15 15:54:56,872 INFO [可惜没如果钢琴谱#7]        SymbolsLinker.java:258  | No chord linked to OctaveShiftInter#7189{(0.460) staff:5 OTTAVA ALTA} at java.awt.Point[x=259,y=1502]
2026-09-15 15:54:56,873 INFO [可惜没如果钢琴谱#7]        SymbolsLinker.java:258  | No chord linked to OctaveShiftInter#7191{(0.412) staff:6 OTTAVA BASSA} at java.awt.Point[x=259,y=2112]
2026-09-15 15:54:56,881 INFO [可惜没如果钢琴谱#7]        SymbolsLinker.java:258  | No chord linked to OctaveShiftInter#7218{(0.412) staff:7 OTTAVA ALTA} at java.awt.Point[x=259,y=2112]
2026-09-15 15:54:56,881 INFO [可惜没如果钢琴谱#7]        SymbolsLinker.java:258  | No chord linked to OctaveShiftInter#7220{(0.287) staff:8 OTTAVA BASSA} at java.awt.Point[x=282,y=2721]
2026-09-15 15:54:56,881 INFO [可惜没如果钢琴谱#7]             KeyInter.java:1198 | No effective key before AlterInter#7235{(0.794) staff:7 NATURAL pitch:0.0}
2026-09-15 15:54:56,888 INFO [可惜没如果钢琴谱#7]        SymbolsLinker.java:258  | No chord linked to OctaveShiftInter#7260{(0.287) staff:9 OTTAVA ALTA} at java.awt.Point[x=282,y=2721]
2026-09-15 15:54:56,894 INFO [可惜没如果钢琴谱#7]       StepMonitoring.java:98   | RHYTHMS
2026-09-15 15:54:56,895 INFO [可惜没如果钢琴谱#7]           PageRhythm.java:199  | {Page#7.1} Time value reused from sheet#1
2026-09-15 15:54:56,929 INFO [可惜没如果钢琴谱#7]       StepMonitoring.java:98   | PAGE
2026-09-15 15:54:56,930 INFO [可惜没如果钢琴谱#7]       SheetReduction.java:154  | Gutter. Different glyphs 3/4 PedalInter#7195{(0.651/0.651) PEDAL_MARK} vs ArticulationInter#7225{(0.777/0.846) STACCATO}
2026-09-15 15:54:56,931 INFO [可惜没如果钢琴谱#7]       SheetReduction.java:154  | Gutter. Different glyphs 3/4 PedalInter#7201{(0.685/0.685) PEDAL_MARK} vs ArticulationInter#7231{(0.766/0.892) STACCATO}
2026-09-15 15:54:56,933 INFO [可惜没如果钢琴谱#7]                 Book.java:2584 | Book{可惜没如果钢琴谱} storing
2026-09-15 15:54:56,987 INFO [可惜没如果钢琴谱#7]                 Book.java:2565 | Stored /book.xml
2026-09-15 15:54:57,051 INFO [可惜没如果钢琴谱#7]           DataHolder.java:348  | Stored /sheet#7/BINARY.png
2026-09-15 15:54:57,407 INFO [可惜没如果钢琴谱#7]                Sheet.java:1583 | Stored /sheet#7/sheet#7.xml
2026-09-15 15:54:57,408 INFO [可惜没如果钢琴谱#7]                 Book.java:2525 | Book stored as E:\Repositories\robianist\tmp\pdfs\recognized\可惜没如果钢琴谱.omr
2026-09-15 15:54:57,416 INFO [可惜没如果钢琴谱#7]            SheetStub.java:1655 | Sheet#7 disposed
2026-09-15 15:54:57,442 INFO [可惜没如果钢琴谱#7]                 Book.java:2050 | End of Stub#7
2026-09-15 15:54:57,442 INFO [可惜没如果钢琴谱]                 Book.java:2057 | End of Book{可惜没如果钢琴谱}
2026-09-15 15:54:57,787 INFO [可惜没如果钢琴谱]            SheetStub.java:1000 | Loaded /sheet#1/sheet#1.xml
2026-09-15 15:54:58,041 INFO [可惜没如果钢琴谱]            SheetStub.java:1000 | Loaded /sheet#2/sheet#2.xml
2026-09-15 15:54:58,275 INFO [可惜没如果钢琴谱]            SheetStub.java:1000 | Loaded /sheet#3/sheet#3.xml
2026-09-15 15:54:58,544 INFO [可惜没如果钢琴谱]            SheetStub.java:1000 | Loaded /sheet#4/sheet#4.xml
2026-09-15 15:54:58,804 INFO [可惜没如果钢琴谱]            SheetStub.java:1000 | Loaded /sheet#5/sheet#5.xml
2026-09-15 15:54:59,028 INFO [可惜没如果钢琴谱]            SheetStub.java:1000 | Loaded /sheet#6/sheet#6.xml
2026-09-15 15:54:59,226 INFO [可惜没如果钢琴谱]            SheetStub.java:1000 | Loaded /sheet#7/sheet#7.xml
2026-09-15 15:54:59,533 INFO [可惜没如果钢琴谱]      PartwiseBuilder.java:2707 | Exporting sheet(s): [#1#2#3#4#5#6#7]
2026-09-15 15:54:59,631 WARN [可惜没如果钢琴谱]      PartwiseBuilder.java:980  | Measure{#11} Multirest with no measure count, using default value 1
2026-09-15 15:54:59,634 WARN [可惜没如果钢琴谱]      PartwiseBuilder.java:980  | Measure{#12} Multirest with no measure count, using default value 1
2026-09-15 15:54:59,865 INFO [可惜没如果钢琴谱]        ScoreExporter.java:164  | Score 可惜没如果钢琴谱 exported to E:\Repositories\robianist\tmp\pdfs\recognized\可惜没如果钢琴谱.mxl
2026-09-15 15:54:59,931 INFO [可惜没如果钢琴谱]                Score.java:181  | Closing {Score 1}
